08-06 07:56:50.922 D/wpa_supplicant( 1327): WPS: AP[697] 38:83:45:ad:3f:0e type=0 tries=0 last_attempt=-1 sec ago blacklist=0
08-06 07:56:50.922 D/wpa_supplicant( 1327): WPS: AP[698] bc:d1:77:e9:28:3a type=0 tries=0 last_attempt=-1 sec ago blacklist=0
08-06 07:56:50.922 D/wpa_supplicant( 1327): WPS: AP[699] 78:54:2e:58:fa:24 type=0 tries=0 last_attempt=-1 sec ago blacklist=0
08-06 07:56:50.922 D/wpa_supplicant( 1327): WPS: AP[700] e0:05:c5:30:22:e6 type=0 tries=0 last_attempt=-1 sec ago blacklist=0
08-06 07:56:50.922 D/wpa_supplicant( 1327): WPS: AP[701] 78:a1:06:30:ed:5c type=0 tries=0 last_attempt=-1 sec ago blacklist=0
08-06 07:56:50.922 D/wpa_supplicant( 1327): WPS: AP[702] cc:34:29:69:d8:f4 type=0 tries=0 last_attempt=-1 sec ago blacklist=0
08-06 07:56:50.922 D/wpa_supplicant( 1327): WPS: AP[703] 38:83:45:37:e6:be type=0 tries=0 last_attempt=-1 sec ago blacklist=0
08-06 07:56:50.922 D/wpa_supplicant( 1327): WPS: AP[704] bc:d1:77:17:b9:14 type=0 tries=0 last_attempt=-1 sec ago blacklist=0
08-06 07:56:50.922 D/wpa_supplicant( 1327): WPS: AP[705] d0:c7:c0:4b:0f:b8 type=0 tries=0 last_attempt=-1 sec ago blacklist=0
08-06 07:56:50.922 D/wpa_supplicant( 1327): WPS: AP[706] 08:10:76:a0:68:44 type=0 tries=0 last_attempt=-1 sec ago blacklist=0
08-06 07:56:50.922 D/wpa_supplicant( 1327): WPS: AP[707] d0:c7:c0:47:ea:68 type=0 tries=0 last_attempt=-1 sec ago blacklist=0
08-06 07:56:50.922 D/wpa_supplicant( 1327): WPS: AP[708] c0:61:18:68:0f:b8 type=0 tries=0 last_attempt=-1 sec ago blacklist=0
08-06 07:56:50.922 D/wpa_supplicant( 1327): WPS: AP[709] bc:d1:77:ab:b0:88 type=0 tries=0 last_attempt=-1 sec ago blacklist=0
08-06 07:56:50.922 D/wpa_supplicant( 1327): WPS: AP[710] 9c:21:6a:ab:4d:20 type=0 tries=0 last_attempt=-1 sec ago blacklist=0
08-06 07:56:50.922 D/wpa_supplicant( 1327): WPS: AP[711] e4:d3:32:5d:a1:1a type=0 tries=0 last_attempt=-1 sec ago blacklist=0
08-06 07:56:50.922 D/wpa_supplicant( 1327): WPS: AP[712] a8:15:4d:be:72:26 type=0 tries=0 last_attempt=-1 sec ago blacklist=0
08-06 07:56:50.922 D/wpa_supplicant( 1327): WPS: AP[713] d8:24:bd:77:3b:0e type=0 tries=0 last_attempt=-1 sec ago blacklist=0
08-06 07:56:50.922 D/wpa_supplicant( 1327): WPS: AP[714] 9c:21:6a:02:79:50 type=0 tries=0 last_attempt=-1 sec ago blacklist=0
08-06 07:56:50.922 D/wpa_supplicant( 1327): WPS: AP[715] 9c:21:6a:27:d9:16 type=0 tries=0 last_attempt=-1 sec ago blacklist=0
08-06 07:56:50.922 D/wpa_supplicant( 1327): WPS: AP[716] d0:c7:c0:5e:22:ca type=0 tries=0 last_attempt=-1 sec ago blacklist=0
08-06 07:56:50.922 D/wpa_supplicant( 1327): WPS: AP[717] a8:15:4d:af:b2:06 type=0 tries=0 last_attempt=-1 sec ago blacklist=0
08-06 07:56:50.922 D/wpa_supplicant( 1327): WPS: AP[718] a8:15:4d:88:50:0c type=0 tries=0 last_attempt=-1 sec ago blacklist=0
08-06 07:56:50.922 D/wpa_supplicant( 1327): WPS: AP[719] c0:61:18:9e:83:7e type=0 tries=0 last_attempt=-1 sec ago blacklist=0
08-06 07:56:50.922 D/wpa_supplicant( 1327): WPS: AP[720] d0:c7:c0:4a:e0:d2 type=0 tries=0 last_attempt=-1 sec ago blacklist=0
08-06 07:56:50.922 D/wpa_supplicant( 1327): WPS: AP[721] cc:34:29:37:4b:48 type=0 tries=0 last_attempt=-1 sec ago blacklist=0
08-06 07:56:50.922 D/wpa_supplicant( 1327): WPS: AP[722] a8:ad:3d:e2:58:30 type=0 tries=0 last_attempt=-1 sec ago blacklist=0
08-06 07:56:50.922 D/wpa_supplicant( 1327): WPS: AP[723] c8:3a:35:0f:53:a0 type=0 tries=0 last_attempt=-1 sec ago blacklist=0
08-06 07:56:50.922 D/wpa_supplicant( 1327): WPS: AP[724] d8:15:0d:11:51:06 type=0 tries=0 last_attempt=-1 sec ago blacklist=0
08-06 07:56:50.922 D/wpa_supplicant( 1327): WPS: AP[725] 74:ad:b7:68:2a:ba type=0 tries=0 last_attempt=-1 sec ago blacklist=0
08-06 07:56:50.922 D/wpa_supplicant( 1327): WPS: AP[726] 78:f5:fd:b4:c8:09 type=0 tries=0 last_attempt=-1 sec ago blacklist=0
08-06 07:56:50.922 D/wpa_supplicant( 1327): WPS: AP[727] 74:ad:b7:68:7a:d0 type=0 tries=0 last_attempt=-1 sec ago blacklist=0
08-06 07:56:50.922 D/wpa_supplicant( 1327): WPS: AP[728] 74:ad:b7:68:7c:4c type=0 tries=0 last_attempt=-1 sec ago blacklist=0
08-06 07:56:50.922 D/wpa_supplicant( 1327): WPS: AP[729] 78:52:62:10:56:dd type=0 tries=0 last_attempt=-1 sec ago blacklist=0
08-06 07:56:50.922 D/wpa_supplicant( 1327): WPS: AP[730] 70:62:b8:2c:7a:aa type=0 tries=0 last_attempt=-1 sec ago blacklist=0
08-06 07:56:50.922 D/wpa_supplicant( 1327): WPS: AP[731] 0c:96:bf:1f:f2:a1 type=0 tries=0 last_attempt=-1 sec ago blacklist=0
08-06 07:56:50.922 D/wpa_supplicant( 1327): WPS: AP[732] cc:34:29:a3:54:03 type=0 tries=0 last_attempt=-1 sec ago blacklist=0
08-06 07:56:50.922 D/wpa_supplicant( 1327): WPS: AP[733] 70:62:b8:2c:82:4c type=0 tries=0 last_attempt=-1 sec ago blacklist=0
08-06 07:56:50.922 D/wpa_supplicant( 1327): WPS: AP[734] 02:08:22:20:56:08 type=0 tries=0 last_attempt=-1 sec ago blacklist=0
08-06 07:56:50.922 D/wpa_supplicant( 1327): WPS: AP[735] 02:08:22:0a:e3:22 type=0 tries=0 last_attempt=-1 sec ago blacklist=0
08-06 07:56:50.922 D/wpa_supplicant( 1327): WPS: AP[736] 02:08:22:52:24:3f type=0 tries=0 last_attempt=-1 sec ago blacklist=0
08-06 07:56:50.922 D/wpa_supplicant( 1327): WPS: AP[737] 02:08:22:d2:cf:4a type=0 tries=0 last_attempt=-1 sec ago blacklist=0
08-06 07:56:50.922 D/wpa_supplicant( 1327): WPS: AP[738] 02:08:22:70:d0:65 type=0 tries=0 last_attempt=-1 sec ago blacklist=0
08-06 07:56:50.922 D/wpa_supplicant( 1327): WPS: AP[739] 78:a1:06:56:aa:e0 type=0 tries=0 last_attempt=-1 sec ago blacklist=0
08-06 07:56:50.922 D/wpa_supplicant( 1327): WPS: AP[740] b2:39:1d:24:85:9d type=0 tries=0 last_attempt=-1 sec ago blacklist=0
08-06 07:56:50.922 D/wpa_supplicant( 1327): WPS: AP[741] 8c:be:be:24:0f:60 type=0 tries=0 last_attempt=-1 sec ago blacklist=0
08-06 07:56:50.922 D/wpa_supplicant( 1327): WPS: AP[742] 38:83:45:e0:f8:28 type=0 tries=0 last_attempt=-1 sec ago blacklist=0
08-06 07:56:50.922 D/wpa_supplicant( 1327): WPS: AP[743] a8:ad:3d:8b:15:f8 type=0 tries=0 last_attempt=-1 sec ago blacklist=0
08-06 07:56:50.922 D/wpa_supplicant( 1327): WPS: AP[744] a8:57:4e:00:6b:56 type=0 tries=0 last_attempt=-1 sec ago blacklist=0
08-06 07:56:50.922 D/wpa_supplicant( 1327): WPS: AP[745] 38:83:45:90:e3:e0 type=0 tries=0 last_attempt=-1 sec ago blacklist=0
08-06 07:56:50.922 D/wpa_supplicant( 1327): WPS: AP[746] 1c:fa:68:60:2c:d2 type=0 tries=0 last_attempt=-1 sec ago blacklist=0
08-06 07:56:50.922 D/wpa_supplicant( 1327): WPS: AP[747] 9c:21:6a:91:93:ae type=0 tries=0 last_attempt=-1 sec ago blacklist=0
08-06 07:56:50.922 D/wpa_supplicant( 1327): WPS: AP[748] a8:15:4d:93:65:58 type=0 tries=0 last_attempt=-1 sec ago blacklist=0
08-06 07:56:50.922 D/wpa_supplicant( 1327): WPS: AP[749] a8:15:4d:8a:9c:2c type=0 tries=0 last_attempt=-1 sec ago blacklist=0
08-06 07:56:50.922 D/wpa_supplicant( 1327): WPS: AP[750] 14:e6:e4:64:02:72 type=0 tries=0 last_attempt=-1 sec ago blacklist=0
08-06 07:56:50.922 D/wpa_supplicant( 1327): WPS: AP[751] 28:2c:b2:c8:48:3c type=0 tries=0 last_attempt=-1 sec ago blacklist=0
08-06 07:56:50.922 D/wpa_supplicant( 1327): WPS: AP[752] 90:94:e4:3b:e5:b2 type=0 tries=0 last_attempt=-1 sec ago blacklist=0
08-06 07:56:50.922 D/wpa_supplicant( 1327): p2p0: No suitable network found
08-06 07:56:50.922 D/wpa_supplicant( 1327): p2p0: Short-circuit new scan request since there are no enabled networks
08-06 07:56:50.922 D/wpa_supplicant( 1327): p2p0: State: INACTIVE -> INACTIVE
08-06 07:56:50.922 D/wpa_supplicant( 1327): wlan0: P2P: Station mode scan operation not pending anymore (sta_scan_pending=0 p2p_cb_on_scan_complete=0)
08-06 07:56:50.922 D/wpa_supplicant( 1327): nl80211: Drv Event 32 (NL80211_CMD_GET_SCAN) received for wlan0
08-06 07:56:50.922 D/wpa_supplicant( 1327): wlan0: nl80211: Ignored unknown event (cmd=32)
08-06 07:56:50.922 D/wpa_supplicant( 1327): RTM_NEWLINK: operstate=1 ifi_flags=0x11043 ([UP][RUNNING][LOWER_UP])
08-06 07:56:50.922 D/wpa_supplicant( 1327): RTM_NEWLINK, IFLA_IFNAME: Interface 'wlan0' added
08-06 07:56:50.922 D/wpa_supplicant( 1327): nl80211: if_removed already cleared - ignore event
08-06 07:56:50.922 D/wpa_supplicant( 1327): RX ctrl_iface - hexdump(len=25): 42 53 53 20 52 41 4e 47 45 3d 30 2d 20 4d 41 53 4b 3d 30 78 32 33 39 38 37
08-06 07:56:50.922 D/wpa_supplicant( 1327): wlan0: Control interface command 'BSS RANGE=0- MASK=0x23987'
08-06 07:56:50.932 D/LBSSystemMonitorService( 1119): handleMessage what - 4
08-06 07:56:50.932 D/Wiper_jni( 1119): Send Network Location.
08-06 07:56:50.932 E/LocSvc_utils_q( 1119): D/msg_q_snd: Sending message with handle = 0x7D004D68
08-06 07:56:50.932 E/LocSvc_utils_ll( 1119): D/linked_list_add: Adding to list data_obj = 0x7D004D68
08-06 07:56:50.932 E/LocSvc_utils_q( 1119): D/msg_q_snd: Finished Sending message with handle = 0x7D004D68
08-06 07:56:50.932 E/LocSvc_utils_ll( 1119): D/linked_list_remove: Removing from list
08-06 07:56:50.932 E/LocSvc_utils_q( 1119): D/msg_q_rcv: Received message 0x7D004D68 rv = 0
08-06 07:56:50.932 E/LocSvc_api_v02( 1119): I/---> locClientSendReq line 2360 QMI_LOC_INJECT_WIFI_POSITION_REQ_V02
08-06 07:56:50.932 E/LocSvc_ApiV02( 1119): I/<--- void globalRespCb(locClientHandleType, uint32_t, locClientRespIndUnionType, void*) line 106 QMI_LOC_INJECT_WIFI_POSITION_REQ_V02
08-06 07:56:50.932 E/LocSvc_api_v02( 1119): D/loc_free_slot:299]: freeing slot 0
08-06 07:56:50.932 E/LocSvc_MsgTask( 1119): D/MsgTask::loop() 5303 listening ...
08-06 07:56:50.932 E/LocSvc_utils_q( 1119): D/msg_q_rcv: Waiting on message
08-06 07:56:50.932 V/BroadcastQueue( 1119): Processing ordered broadcast [background] BroadcastRecord{43baf250 u-1 android.net.wifi.SCAN_RESULTS}
08-06 07:56:50.932 V/BroadcastQueue( 1119): Delivering to component ComponentInfo{com.eg.android.AlipayGphone/com.alipay.android.phone.nfd.nfdservice.ui.app.NfdReceiver}: BroadcastRecord{43baf250 u-1 android.net.wifi.SCAN_RESULTS}
08-06 07:56:50.932 V/BroadcastQueue( 1119): Process cur broadcast BroadcastRecord{43baf250 u-1 android.net.wifi.SCAN_RESULTS} DELIVERED for app ProcessRecord{42cd87c8 26028:com.alipay.pushservice/u0a72}
08-06 07:56:50.942 W/ContextImpl(26028): Implicit intents with startService are not safe: Intent { act=com.eg.android.AlipayGphone.push.action.NotificationService } android.content.ContextWrapper.startService:494 android.content.ContextWrapper.startService:494 com.alipay.android.phone.nfd.nfdservice.ui.app.NfdReceiver.onReceive:-1 
08-06 07:56:50.952 V/BroadcastQueue( 1119): Delivering to component ComponentInfo{com.android.settings/com.android.settings.MiuiSettingsReceiver}: BroadcastRecord{43baf250 u-1 android.net.wifi.SCAN_RESULTS}
08-06 07:56:50.952 V/BroadcastQueue( 1119): Process cur broadcast BroadcastRecord{43baf250 u-1 android.net.wifi.SCAN_RESULTS} DELIVERED for app ProcessRecord{4258c9c8 1551:com.android.settings/1000}
08-06 07:56:50.952 V/BroadcastQueue( 1119): Delivering to component ComponentInfo{com.qualcomm.msapm/com.qualcomm.msapm.MSAPMReceiver}: BroadcastRecord{43baf250 u-1 android.net.wifi.SCAN_RESULTS}
08-06 07:56:50.952 V/BroadcastQueue( 1119): Process cur broadcast BroadcastRecord{43baf250 u-1 android.net.wifi.SCAN_RESULTS} DELIVERED for app ProcessRecord{42bb05c0 1446:com.qualcomm.services.location/1000}
08-06 07:56:50.952 V/BroadcastQueue( 1119): Finished with ordered broadcast BroadcastRecord{43baf250 u-1 android.net.wifi.SCAN_RESULTS}
08-06 07:56:51.172 D/wpa_supplicant( 1327): RX ctrl_iface - hexdump(len=14): 53 43 41 4e 20 54 59 50 45 3d 4f 4e 4c 59
08-06 07:56:51.172 D/wpa_supplicant( 1327): wlan0: Control interface command 'SCAN TYPE=ONLY'
08-06 07:56:51.172 D/wpa_supplicant( 1327): wlan0: Setting scan request: 0 sec 0 usec
08-06 07:56:51.172 D/wpa_supplicant( 1327): wlan0: Starting AP scan for wildcard SSID
08-06 07:56:51.172 D/wpa_supplicant( 1327): wlan0: nl80211: scan request
08-06 07:56:51.172 D/wpa_supplicant( 1327): nl80211: Scan SSID - hexdump(len=0): [NULL]
08-06 07:56:51.172 D/wpa_supplicant( 1327): Scan requested (ret=0) - scan timeout 30 seconds
08-06 07:56:51.172 D/wpa_supplicant( 1327): nl80211: Event message available
08-06 07:56:51.172 D/wpa_supplicant( 1327): nl80211: Drv Event 33 (NL80211_CMD_TRIGGER_SCAN) received for wlan0
08-06 07:56:51.172 D/wpa_supplicant( 1327): wlan0: nl80211: Scan trigger
08-06 07:56:51.172 D/wpa_supplicant( 1327): wlan0: Event SCAN_STARTED (57) received
08-06 07:56:51.172 D/wpa_supplicant( 1327): wlan0: Own scan request started a scan
08-06 07:56:51.172 I/wpa_supplicant( 1327): wlan0: CTRL-EVENT-SCAN-STARTED 
08-06 07:56:51.172 D/wpa_supplicant( 1327): CTRL_IFACE monitor send - hexdump(len=40): 2f 64 61 74 61 2f 6d 69 73 63 2f 77 69 66 69 2f 73 6f 63 6b 65 74 73 2f 77 70 61 5f 63 74 72 6c ...
08-06 07:56:51.422 I/Timeline( 5861): Timeline: Activity_launch_request id:com.xiangrui.android.album time:41560423
08-06 07:56:51.422 D/audio_hw_primary(  264): out_set_parameters: enter: usecase(1: low-latency-playback) kvpairs: routing=2
08-06 07:56:51.422 I/AudioFlinger(  264): setAppName(), name=[system_server], active=[1]
08-06 07:56:51.422 I/ActivityManager( 1119): START u0 {cmp=com.xiangrui.android.album/.ui.AlbumActivity (has extras)} from pid 5861
08-06 07:56:51.432 D/ImageCache( 5861): Disk cache flushed
08-06 07:56:51.432 D/ImageFetcher( 5861): HTTP cache flushed
08-06 07:56:51.432 D/ImageCache( 5861): Disk cache flushed
08-06 07:56:51.432 D/ImageFetcher( 5861): HTTP cache flushed
08-06 07:56:51.432 I/msm8974_platform(  264): platform_get_output_snd_device: enter: output devices(0x2)
08-06 07:56:51.432 I/msm8974_platform(  264): platform_get_output_snd_device: exit: snd_device(speaker)
08-06 07:56:51.432 D/audio_hw_primary(  264): select_devices: out_snd_device(2: speaker) in_snd_device(0: )
08-06 07:56:51.432 I/audio_hw_primary(  264): select_devices: enable out_snd_device(2: speaker)
08-06 07:56:51.432 D/hardware_info(  264): hw_info_append_hw_type : device_name = speaker
08-06 07:56:51.432 D/ACDB-LOADER(  264): ACDB -> send_audio_cal, acdb_id = 101, path =  0
08-06 07:56:51.432 D/ACDB-LOADER(  264): ACDB -> send_adm_topology
08-06 07:56:51.432 D/ACDB-LOADER(  264): ACDB -> ACDB_CMD_GET_AUDPROC_COMMON_TOPOLOGY_ID
08-06 07:56:51.432 D/ACDB-LOADER(  264): ACDB -> send_asm_topology
08-06 07:56:51.432 D/ACDB-LOADER(  264): ACDB -> ACDB_CMD_GET_AUDPROC_STREAM_TOPOLOGY_ID
08-06 07:56:51.432 D/ACDB-LOADER(  264): ACDB -> send_audtable
08-06 07:56:51.442 D/ACDB-LOADER(  264): ACDB -> ACDB_CMD_GET_AUDPROC_COMMON_TABLE
08-06 07:56:51.442 D/ACDB-LOADER(  264): ACDB -> AUDIO_SET_AUDPROC_CAL
08-06 07:56:51.442 D/ACDB-LOADER(  264): ACDB -> send_audvoltable
08-06 07:56:51.442 D/ACDB-LOADER(  264): ACDB -> ACDB_CMD_GET_AUDPROC_GAIN_DEP_STEP_TABLE
08-06 07:56:51.442 D/ACDB-LOADER(  264): ACDB -> AUDIO_SET_AUDPROC_VOL_CAL
08-06 07:56:51.442 D/ACDB-LOADER(  264): ACDB -> send_afe_cal
08-06 07:56:51.442 D/ACDB-LOADER(  264): ACDB -> ACDB_CMD_GET_AFE_COMMON_TABLE
08-06 07:56:51.442 D/ACDB-LOADER(  264): ACDB -> AUDIO_SET_AFE_CAL
08-06 07:56:51.442 D/hardware_info(  264): hw_info_append_hw_type : device_name = vi-feedback
08-06 07:56:51.442 D/ACDB-LOADER(  264): ACDB -> send_audio_cal, acdb_id = 102, path =  1
08-06 07:56:51.442 D/ACDB-LOADER(  264): ACDB -> send_adm_topology
08-06 07:56:51.442 D/ACDB-LOADER(  264): ACDB -> ACDB_CMD_GET_AUDPROC_COMMON_TOPOLOGY_ID
08-06 07:56:51.442 D/ACDB-LOADER(  264): ACDB -> send_asm_topology
08-06 07:56:51.442 D/ACDB-LOADER(  264): ACDB -> ACDB_CMD_GET_AUDPROC_STREAM_TOPOLOGY_ID
08-06 07:56:51.442 D/ACDB-LOADER(  264): ACDB -> send_audtable
08-06 07:56:51.442 D/ACDB-LOADER(  264): ACDB -> ACDB_CMD_GET_AUDPROC_COMMON_TABLE
08-06 07:56:51.442 D/ACDB-LOADER(  264): ACDB -> AUDIO_SET_AUDPROC_CAL
08-06 07:56:51.442 D/ACDB-LOADER(  264): ACDB -> send_audvoltable
08-06 07:56:51.442 D/ACDB-LOADER(  264): ACDB -> ACDB_CMD_GET_AUDPROC_GAIN_DEP_STEP_TABLE
08-06 07:56:51.442 D/        (  264): Failed to fetch the lookup information of the device 00000066 
08-06 07:56:51.442 E/ACDB-LOADER(  264): Error: ACDB AudProc vol returned = -19
08-06 07:56:51.442 D/ACDB-LOADER(  264): ACDB -> AUDIO_SET_AUDPROC_VOL_CAL
08-06 07:56:51.442 D/ACDB-LOADER(  264): ACDB -> send_afe_cal
08-06 07:56:51.442 D/ACDB-LOADER(  264): ACDB -> ACDB_CMD_GET_AFE_COMMON_TABLE
08-06 07:56:51.442 D/ACDB-LOADER(  264): ACDB -> AUDIO_SET_AFE_CAL
08-06 07:56:51.472 E/ImageCache( 5861): init memCacheSize=26214
08-06 07:56:51.472 D/ACDB-LOADER(  264): ACDB -> send_audio_cal, acdb_id = 4, path =  1
08-06 07:56:51.472 D/ACDB-LOADER(  264): ACDB -> send_adm_topology
08-06 07:56:51.472 D/ACDB-LOADER(  264): ACDB -> ACDB_CMD_GET_AUDPROC_COMMON_TOPOLOGY_ID
08-06 07:56:51.472 D/ACDB-LOADER(  264): ACDB -> send_asm_topology
08-06 07:56:51.472 D/ACDB-LOADER(  264): ACDB -> ACDB_CMD_GET_AUDPROC_STREAM_TOPOLOGY_ID
08-06 07:56:51.472 D/ACDB-LOADER(  264): ACDB -> send_audtable
08-06 07:56:51.472 D/ACDB-LOADER(  264): ACDB -> ACDB_CMD_GET_AUDPROC_COMMON_TABLE
08-06 07:56:51.472 D/ACDB-LOADER(  264): ACDB -> AUDIO_SET_AUDPROC_CAL
08-06 07:56:51.472 D/ACDB-LOADER(  264): ACDB -> send_audvoltable
08-06 07:56:51.472 D/ACDB-LOADER(  264): ACDB -> ACDB_CMD_GET_AUDPROC_GAIN_DEP_STEP_TABLE
08-06 07:56:51.472 D/        (  264): Failed to fetch the lookup information of the device 00000004 
08-06 07:56:51.472 E/ACDB-LOADER(  264): Error: ACDB AudProc vol returned = -19
08-06 07:56:51.472 D/ACDB-LOADER(  264): ACDB -> AUDIO_SET_AUDPROC_VOL_CAL
08-06 07:56:51.472 D/ACDB-LOADER(  264): ACDB -> AUDIO_SET_AFE_CAL
08-06 07:56:51.472 D/ImageCache( 5861): Memory cache created (size = 26214)
08-06 07:56:51.482 D/StrictMode( 5861): StrictMode policy violation; ~duration=31 ms: android.os.StrictMode$StrictModeDiskReadViolation: policy=2079 violation=2
08-06 07:56:51.482 D/StrictMode( 5861): 	at android.os.StrictMode$AndroidBlockGuardPolicy.onReadFromDisk(StrictMode.java:1138)
08-06 07:56:51.482 D/StrictMode( 5861): 	at libcore.io.BlockGuardOs.open(BlockGuardOs.java:106)
08-06 07:56:51.482 D/StrictMode( 5861): 	at libcore.io.IoBridge.open(IoBridge.java:393)
08-06 07:56:51.482 D/StrictMode( 5861): 	at java.io.FileInputStream.<init>(FileInputStream.java:78)
08-06 07:56:51.482 D/StrictMode( 5861): 	at java.io.FileInputStream.<init>(FileInputStream.java:105)
08-06 07:56:51.482 D/StrictMode( 5861): 	at android.graphics.BitmapFactory.decodeFile(BitmapFactory.java:368)
08-06 07:56:51.482 D/StrictMode( 5861): 	at android.graphics.BitmapFactory.decodeFile(BitmapFactory.java:395)
08-06 07:56:51.482 D/StrictMode( 5861): 	at miui.content.res.IconCustomizer.getDrawableFromStaticCache(IconCustomizer.java:485)
08-06 07:56:51.482 D/StrictMode( 5861): 	at miui.content.res.IconCustomizer.getCustomizedIconInner(IconCustomizer.java:562)
08-06 07:56:51.482 D/StrictMode( 5861): 	at miui.content.res.IconCustomizer.getCustomizedIcon(IconCustomizer.java:553)
08-06 07:56:51.482 D/StrictMode( 5861): 	at android.app.Injector$ApplicationPackageManagerHook.before_getDefaultActivityIcon(Injector.java:154)
08-06 07:56:51.482 D/StrictMode( 5861): 	at android.app.ApplicationPackageManager.getDefaultActivityIcon(ApplicationPackageManager.java:721)
08-06 07:56:51.482 D/StrictMode( 5861): 	at com.android.internal.policy.impl.PhoneWindow.installDecor(PhoneWindow.java:3225)
08-06 07:56:51.482 D/StrictMode( 5861): 	at com.android.internal.policy.impl.PhoneWindow.getDecorView(PhoneWindow.java:1695)
08-06 07:56:51.482 D/StrictMode( 5861): 	at android.app.Activity.initActionBar(Activity.java:1910)
08-06 07:56:51.482 D/StrictMode( 5861): 	at android.app.Activity.getActionBar(Activity.java:1897)
08-06 07:56:51.482 D/StrictMode( 5861): 	at com.xiangrui.android.album.ui.AlbumActivity.onCreate(AlbumActivity.java:60)
08-06 07:56:51.482 D/StrictMode( 5861): 	at android.app.Activity.performCreate(Activity.java:5239)
08-06 07:56:51.482 D/StrictMode( 5861): 	at android.app.Instrumentation.callActivityOnCreate(Instrumentation.java:1087)
08-06 07:56:51.482 D/StrictMode( 5861): 	at com.lbe.security.service.core.client.b.x.callActivityOnCreate(Unknown Source)
08-06 07:56:51.482 D/StrictMode( 5861): 	at android.app.ActivityThread.performLaunchActivity(ActivityThread.java:2162)
08-06 07:56:51.482 D/StrictMode( 5861): 	at android.app.ActivityThread.handleLaunchActivity(ActivityThread.java:2248)
08-06 07:56:51.482 D/StrictMode( 5861): 	at android.app.ActivityThread.access$800(ActivityThread.java:138)
08-06 07:56:51.482 D/StrictMode( 5861): 	at android.app.ActivityThread$H.handleMessage(ActivityThread.java:1199)
08-06 07:56:51.482 D/StrictMode( 5861): 	at android.os.Handler.dispatchMessage(Handler.java:102)
08-06 07:56:51.482 D/StrictMode( 5861): 	at android.os.Looper.loop(Looper.java:136)
08-06 07:56:51.482 D/StrictMode( 5861): 	at android.app.ActivityThread.main(ActivityThread.java:5050)
08-06 07:56:51.482 D/StrictMode( 5861): 	at java.lang.reflect.Method.invokeNative(Native Method)
08-06 07:56:51.482 D/StrictMode( 5861): 	at java.lang.reflect.Method.invoke(Method.java:515)
08-06 07:56:51.482 D/StrictMode( 5861): 	at com.android.internal.os.ZygoteInit$MethodAndArgsCaller.run(ZygoteInit.java:805)
08-06 07:56:51.482 D/StrictMode( 5861): 	at com.android.internal.os.ZygoteInit.main(ZygoteInit.java:621)
08-06 07:56:51.482 D/StrictMode( 5861): 	at dalvik.system.NativeStart.main(Native Method)
08-06 07:56:51.482 D/StrictMode( 5861): StrictMode policy violation; ~duration=29 ms: android.os.StrictMode$StrictModeDiskReadViolation: policy=2079 violation=2
08-06 07:56:51.482 D/StrictMode( 5861): 	at android.os.StrictMode$AndroidBlockGuardPolicy.onReadFromDisk(StrictMode.java:1138)
08-06 07:56:51.482 D/StrictMode( 5861): 	at libcore.io.BlockGuardOs.read(BlockGuardOs.java:148)
08-06 07:56:51.482 D/StrictMode( 5861): 	at libcore.io.IoBridge.read(IoBridge.java:425)
08-06 07:56:51.482 D/StrictMode( 5861): 	at java.io.FileInputStream.read(FileInputStream.java:179)
08-06 07:56:51.482 D/StrictMode( 5861): 	at android.graphics.BitmapFactory.nativeDecodeStream(Native Method)
08-06 07:56:51.482 D/StrictMode( 5861): 	at android.graphics.BitmapFactory.decodeStreamInternal(BitmapFactory.java:613)
08-06 07:56:51.482 D/StrictMode( 5861): 	at android.graphics.BitmapFactory.decodeStream(BitmapFactory.java:589)
08-06 07:56:51.482 D/StrictMode( 5861): 	at android.graphics.BitmapFactory.decodeFile(BitmapFactory.java:369)
08-06 07:56:51.482 D/StrictMode( 5861): 	at android.graphics.BitmapFactory.decodeFile(BitmapFactory.java:395)
08-06 07:56:51.482 D/StrictMode( 5861): 	at miui.content.res.IconCustomizer.getDrawableFromStaticCache(IconCustomizer.java:485)
08-06 07:56:51.482 D/StrictMode( 5861): 	at miui.content.res.IconCustomizer.getCustomizedIconInner(IconCustomizer.java:562)
08-06 07:56:51.482 D/StrictMode( 5861): 	at miui.content.res.IconCustomizer.getCustomizedIcon(IconCustomizer.java:553)
08-06 07:56:51.482 D/StrictMode( 5861): 	at android.app.Injector$ApplicationPackageManagerHook.before_getDefaultActivityIcon(Injector.java:154)
08-06 07:56:51.482 D/StrictMode( 5861): 	at android.app.ApplicationPackageManager.getDefaultActivityIcon(ApplicationPackageManager.java:721)
08-06 07:56:51.482 D/StrictMode( 5861): 	at com.android.internal.policy.impl.PhoneWindow.installDecor(PhoneWindow.java:3225)
08-06 07:56:51.482 D/StrictMode( 5861): 	at com.android.internal.policy.impl.PhoneWindow.getDecorView(PhoneWindow.java:1695)
08-06 07:56:51.482 D/StrictMode( 5861): 	at android.app.Activity.initActionBar(Activity.java:1910)
08-06 07:56:51.482 D/StrictMode( 5861): 	at android.app.Activity.getActionBar(Activity.java:1897)
08-06 07:56:51.482 D/StrictMode( 5861): 	at com.xiangrui.android.album.ui.AlbumActivity.onCreate(AlbumActivity.java:60)
08-06 07:56:51.482 D/StrictMode( 5861): 	at android.app.Activity.performCreate(Activity.java:5239)
08-06 07:56:51.482 D/StrictMode( 5861): 	at android.app.Instrumentation.callActivityOnCreate(Instrumentation.java:1087)
08-06 07:56:51.482 D/StrictMode( 5861): 	at com.lbe.security.service.core.client.b.x.callActivityOnCreate(Unknown Source)
08-06 07:56:51.482 D/StrictMode( 5861): 	at android.app.ActivityThread.performLaunchActivity(ActivityThread.java:2162)
08-06 07:56:51.482 D/StrictMode( 5861): 	at android.app.ActivityThread.handleLaunchActivity(ActivityThread.java:2248)
08-06 07:56:51.482 D/StrictMode( 5861): 	at android.app.ActivityThread.access$800(ActivityThread.java:138)
08-06 07:56:51.482 D/StrictMode( 5861): 	at android.app.ActivityThread$H.handleMessage(ActivityThread.java:1199)
08-06 07:56:51.482 D/StrictMode( 5861): 	at android.os.Handler.dispatchMessage(Handler.java:102)
08-06 07:56:51.482 D/StrictMode( 5861): 	at android.os.Looper.loop(Looper.java:136)
08-06 07:56:51.482 D/StrictMode( 5861): 	at android.app.ActivityThread.main(ActivityThread.java:5050)
08-06 07:56:51.482 D/StrictMode( 5861): 	at java.lang.reflect.Method.invokeNative(Native Method)
08-06 07:56:51.482 D/StrictMode( 5861): 	at java.lang.reflect.Method.invoke(Method.java:515)
08-06 07:56:51.482 D/StrictMode( 5861): 	at com.android.internal.os.ZygoteInit$MethodAndArgsCaller.run(ZygoteInit.java:805)
08-06 07:56:51.482 D/StrictMode( 5861): 	at com.android.internal.os.ZygoteInit.main(ZygoteInit.java:621)
08-06 07:56:51.482 D/StrictMode( 5861): 	at dalvik.system.NativeStart.main(Native Method)
08-06 07:56:51.492 E/RecyclingImageView( 5861): !!!notifyDrawable not work
08-06 07:56:51.492 E/RecyclingImageView( 5861): !!!notifyDrawable not work
08-06 07:56:51.492 E/ImageGridFragment( 5861): getView url= http://bgimg1.meimei22.com/pic/bagua/2014-7-1/1/5893206220140616110835030_640.jpg
08-06 07:56:51.492 D/ImageWorker( 5861): doInBackground - starting work
08-06 07:56:51.492 V/PhoneStatusBar( 1247): setLightsOn(true)
08-06 07:56:51.512 E/ThermalEngine(  404): Unable to read max frequency from online cpu.
08-06 07:56:51.512 E/ThermalEngine(  404): Failed to set desired CPU[1] frequency limit to 1728000
08-06 07:56:51.522 E/ImageGridFragment( 5861): getView url= http://bgimg1.meimei22.com/pic/bagua/2014-7-1/1/5893206220140616110835030_640.jpg
08-06 07:56:51.522 E/RecyclingImageView( 5861): !!!notifyDrawable not work
08-06 07:56:51.522 E/RecyclingImageView( 5861): !!!notifyDrawable not work
08-06 07:56:51.522 E/ImageGridFragment( 5861): getView url= http://bgimg1.meimei22.com/pic/bagua/2014-7-1/1/5893206220140616110909033_640.jpg
08-06 07:56:51.522 D/ImageWorker( 5861): doInBackground - starting work
08-06 07:56:51.532 E/RecyclingImageView( 5861): !!!notifyDrawable not work
08-06 07:56:51.532 E/RecyclingImageView( 5861): !!!notifyDrawable not work
08-06 07:56:51.532 E/ImageGridFragment( 5861): getView url= http://bgimg1.meimei22.com/pic/bagua/2014-7-1/1/5893206220140616110920095_640.jpg
08-06 07:56:51.532 D/ImageWorker( 5861): doInBackground - starting work
08-06 07:56:51.532 E/RecyclingImageView( 5861): !!!notifyDrawable not work
08-06 07:56:51.532 E/RecyclingImageView( 5861): !!!notifyDrawable not work
08-06 07:56:51.532 E/ImageGridFragment( 5861): getView url= http://bgimg1.meimei22.com/pic/bagua/2014-7-1/1/5893206220140616110926077_640.jpg
08-06 07:56:51.532 E/RecyclingImageView( 5861): !!!notifyDrawable not work
08-06 07:56:51.532 E/RecyclingImageView( 5861): !!!notifyDrawable not work
08-06 07:56:51.532 E/ImageGridFragment( 5861): getView url= http://bgimg1.meimei22.com/pic/bagua/2014-7-1/1/5893206220140616111006071_640.jpg
08-06 07:56:51.532 E/RecyclingImageView( 5861): !!!notifyDrawable not work
08-06 07:56:51.532 E/RecyclingImageView( 5861): !!!notifyDrawable not work
08-06 07:56:51.532 D/ImageWorker( 5861): doInBackground - starting work
08-06 07:56:51.532 E/ImageGridFragment( 5861): getView url= http://bgimg1.meimei22.com/pic/bagua/2014-7-1/1/5893206220140616111051030_640.jpg
08-06 07:56:51.532 D/ImageWorker( 5861): doInBackground - starting work
08-06 07:56:51.532 E/RecyclingImageView( 5861): !!!notifyDrawable not work
08-06 07:56:51.532 E/RecyclingImageView( 5861): !!!notifyDrawable not work
08-06 07:56:51.532 E/ImageGridFragment( 5861): getView url= http://bgimg1.meimei22.com/pic/bagua/2014-7-1/1/5893206220140616111143076_640.jpg
08-06 07:56:51.532 E/RecyclingImageView( 5861): !!!notifyDrawable not work
08-06 07:56:51.532 E/RecyclingImageView( 5861): !!!notifyDrawable not work
08-06 07:56:51.532 E/ImageGridFragment( 5861): getView url= http://bgimg1.meimei22.com/pic/bagua/2014-7-1/1/5893206220140616111233075_640.jpg
08-06 07:56:51.532 E/RecyclingImageView( 5861): !!!notifyDrawable not work
08-06 07:56:51.532 E/RecyclingImageView( 5861): !!!notifyDrawable not work
08-06 07:56:51.532 E/ImageGridFragment( 5861): getView url= http://bgimg1.meimei22.com/pic/bagua/2014-7-1/1/5893206220140616111318040_640.jpg
08-06 07:56:51.532 E/RecyclingImageView( 5861): !!!notifyDrawable not work
08-06 07:56:51.532 E/RecyclingImageView( 5861): !!!notifyDrawable not work
08-06 07:56:51.532 E/ImageGridFragment( 5861): getView url= http://bgimg1.meimei22.com/pic/bagua/2014-7-1/1/5893206220140616111414061_640.jpg
08-06 07:56:51.532 E/RecyclingImageView( 5861): !!!notifyDrawable not work
08-06 07:56:51.532 E/RecyclingImageView( 5861): !!!notifyDrawable not work
08-06 07:56:51.532 E/ImageGridFragment( 5861): getView url= http://bgimg1.meimei22.com/pic/bagua/2014-7-1/1/5893206220140616111505020_640.jpg
08-06 07:56:51.532 E/RecyclingImageView( 5861): !!!notifyDrawable not work
08-06 07:56:51.532 E/RecyclingImageView( 5861): !!!notifyDrawable not work
08-06 07:56:51.532 E/ImageGridFragment( 5861): getView url= http://bgimg1.meimei22.com/pic/bagua/2014-7-1/1/5893206220140616111532035_640.jpg
08-06 07:56:51.532 E/RecyclingImageView( 5861): !!!notifyDrawable not work
08-06 07:56:51.532 E/RecyclingImageView( 5861): !!!notifyDrawable not work
08-06 07:56:51.532 E/ImageGridFragment( 5861): getView url= http://bgimg1.meimei22.com/pic/bagua/2014-7-1/1/5893206220140616111607040_640.jpg
08-06 07:56:51.532 E/RecyclingImageView( 5861): !!!notifyDrawable not work
08-06 07:56:51.532 E/RecyclingImageView( 5861): !!!notifyDrawable not work
08-06 07:56:51.532 E/ImageGridFragment( 5861): getView url= http://bgimg1.meimei22.com/pic/bagua/2014-7-1/1/5893206220140616111646073_640.jpg
08-06 07:56:51.532 E/RecyclingImageView( 5861): !!!notifyDrawable not work
08-06 07:56:51.532 E/RecyclingImageView( 5861): !!!notifyDrawable not work
08-06 07:56:51.532 E/ImageGridFragment( 5861): getView url= http://bgimg1.meimei22.com/pic/bagua/2014-7-1/1/5893206220140616111751082_640.jpg
08-06 07:56:51.532 D/ImageGridFragment( 5861): onCreateView - numColumns set to 2
08-06 07:56:51.542 E/RecyclingImageView( 5861): !!!notifyDrawable not work
08-06 07:56:51.542 E/RecyclingImageView( 5861): !!!notifyDrawable not work
08-06 07:56:51.542 E/ImageGridFragment( 5861): getView url= http://bgimg1.meimei22.com/pic/bagua/2014-7-1/1/5893206220140616110835030_640.jpg
08-06 07:56:51.542 D/ImageWorker( 5861): cancelPotentialWork - cancelled work for http://bgimg1.meimei22.com/pic/bagua/2014-7-1/1/5893206220140616110835030_640.jpg
08-06 07:56:51.542 D/ImageWorker( 5861): cancelPotentialWork1com.xiangrui.android.album.ui.RecyclingImageView{44931d80 V.ED.... ......ID 0,917-538,1045}
08-06 07:56:51.542 E/RecyclingImageView( 5861): !!!notifyDrawable not work
08-06 07:56:51.542 E/RecyclingImageView( 5861): !!!notifyDrawable not work
08-06 07:56:51.542 E/ImageGridFragment( 5861): getView url= http://bgimg1.meimei22.com/pic/bagua/2014-7-1/1/5893206220140616110835030_640.jpg
08-06 07:56:51.542 D/ImageWorker( 5861): cancelPotentialWork - cancelled work for http://bgimg1.meimei22.com/pic/bagua/2014-7-1/1/5893206220140616110909033_640.jpg
08-06 07:56:51.542 D/ImageWorker( 5861): cancelPotentialWork1com.xiangrui.android.album.ui.RecyclingImageView{425341c0 V.ED.... ......ID 541,786-1079,914}
08-06 07:56:51.542 E/RecyclingImageView( 5861): !!!notifyDrawable not work
08-06 07:56:51.542 E/RecyclingImageView( 5861): !!!notifyDrawable not work
08-06 07:56:51.542 E/ImageGridFragment( 5861): getView url= http://bgimg1.meimei22.com/pic/bagua/2014-7-1/1/5893206220140616110909033_640.jpg
08-06 07:56:51.542 D/ImageWorker( 5861): cancelPotentialWork - cancelled work for http://bgimg1.meimei22.com/pic/bagua/2014-7-1/1/5893206220140616110920095_640.jpg
08-06 07:56:51.542 D/ImageWorker( 5861): cancelPotentialWork1com.xiangrui.android.album.ui.RecyclingImageView{4521c3c8 V.ED.... ......ID 0,786-538,914}
08-06 07:56:51.542 E/RecyclingImageView( 5861): !!!notifyDrawable not work
08-06 07:56:51.542 E/RecyclingImageView( 5861): !!!notifyDrawable not work
08-06 07:56:51.542 E/ImageGridFragment( 5861): getView url= http://bgimg1.meimei22.com/pic/bagua/2014-7-1/1/5893206220140616110920095_640.jpg
08-06 07:56:51.542 D/ImageWorker( 5861): cancelPotentialWork - cancelled work for http://bgimg1.meimei22.com/pic/bagua/2014-7-1/1/5893206220140616110926077_640.jpg
08-06 07:56:51.542 D/ImageWorker( 5861): cancelPotentialWork1com.xiangrui.android.album.ui.RecyclingImageView{4532f148 V.ED.... ......ID 541,655-1079,783}
08-06 07:56:51.542 E/RecyclingImageView( 5861): !!!notifyDrawable not work
08-06 07:56:51.542 E/RecyclingImageView( 5861): !!!notifyDrawable not work
08-06 07:56:51.542 E/ImageGridFragment( 5861): getView url= http://bgimg1.meimei22.com/pic/bagua/2014-7-1/1/5893206220140616110926077_640.jpg
08-06 07:56:51.542 D/ImageWorker( 5861): cancelPotentialWork - cancelled work for http://bgimg1.meimei22.com/pic/bagua/2014-7-1/1/5893206220140616111006071_640.jpg
08-06 07:56:51.542 D/ImageWorker( 5861): cancelPotentialWork1com.xiangrui.android.album.ui.RecyclingImageView{451cfc20 V.ED.... ......ID 0,655-538,783}
08-06 07:56:51.542 E/RecyclingImageView( 5861): !!!notifyDrawable not work
08-06 07:56:51.542 E/RecyclingImageView( 5861): !!!notifyDrawable not work
08-06 07:56:51.542 E/ImageGridFragment( 5861): getView url= http://bgimg1.meimei22.com/pic/bagua/2014-7-1/1/5893206220140616111006071_640.jpg
08-06 07:56:51.542 D/ImageWorker( 5861): cancelPotentialWork - cancelled work for http://bgimg1.meimei22.com/pic/bagua/2014-7-1/1/5893206220140616111051030_640.jpg
08-06 07:56:51.542 D/ImageWorker( 5861): cancelPotentialWork1com.xiangrui.android.album.ui.RecyclingImageView{44986d00 V.ED.... ......ID 541,524-1079,652}
08-06 07:56:51.542 E/RecyclingImageView( 5861): !!!notifyDrawable not work
08-06 07:56:51.542 E/RecyclingImageView( 5861): !!!notifyDrawable not work
08-06 07:56:51.542 E/ImageGridFragment( 5861): getView url= http://bgimg1.meimei22.com/pic/bagua/2014-7-1/1/5893206220140616111051030_640.jpg
08-06 07:56:51.542 D/ImageWorker( 5861): cancelPotentialWork - cancelled work for http://bgimg1.meimei22.com/pic/bagua/2014-7-1/1/5893206220140616111143076_640.jpg
08-06 07:56:51.542 D/ImageWorker( 5861): cancelPotentialWork1com.xiangrui.android.album.ui.RecyclingImageView{44930958 V.ED.... ......ID 0,524-538,652}
08-06 07:56:51.542 E/RecyclingImageView( 5861): !!!notifyDrawable not work
08-06 07:56:51.542 E/RecyclingImageView( 5861): !!!notifyDrawable not work
08-06 07:56:51.542 E/ImageGridFragment( 5861): getView url= http://bgimg1.meimei22.com/pic/bagua/2014-7-1/1/5893206220140616111143076_640.jpg
08-06 07:56:51.542 D/ImageWorker( 5861): cancelPotentialWork - cancelled work for http://bgimg1.meimei22.com/pic/bagua/2014-7-1/1/5893206220140616111233075_640.jpg
08-06 07:56:51.542 D/ImageWorker( 5861): cancelPotentialWork1com.xiangrui.android.album.ui.RecyclingImageView{449294b8 V.ED.... ......ID 541,393-1079,521}
08-06 07:56:51.542 E/RecyclingImageView( 5861): !!!notifyDrawable not work
08-06 07:56:51.542 E/RecyclingImageView( 5861): !!!notifyDrawable not work
08-06 07:56:51.542 E/ImageGridFragment( 5861): getView url= http://bgimg1.meimei22.com/pic/bagua/2014-7-1/1/5893206220140616111233075_640.jpg
08-06 07:56:51.542 E/RecyclingImageView( 5861): !!!notifyDrawable not work
08-06 07:56:51.542 E/RecyclingImageView( 5861): !!!notifyDrawable not work
08-06 07:56:51.542 E/RecyclingImageView( 5861): !!!notifyDrawable not work
08-06 07:56:51.542 E/RecyclingImageView( 5861): !!!notifyDrawable not work
08-06 07:56:51.542 E/RecyclingImageView( 5861): !!!notifyDrawable not work
08-06 07:56:51.542 E/RecyclingImageView( 5861): !!!notifyDrawable not work
08-06 07:56:51.542 E/RecyclingImageView( 5861): !!!notifyDrawable not work
08-06 07:56:51.542 E/RecyclingImageView( 5861): !!!notifyDrawable not work
08-06 07:56:51.542 E/RecyclingImageView( 5861): !!!notifyDrawable not work
08-06 07:56:51.542 E/RecyclingImageView( 5861): !!!notifyDrawable not work
08-06 07:56:51.542 E/RecyclingImageView( 5861): !!!notifyDrawable not work
08-06 07:56:51.542 E/RecyclingImageView( 5861): !!!notifyDrawable not work
08-06 07:56:51.542 E/RecyclingImageView( 5861): !!!notifyDrawable not work
08-06 07:56:51.542 E/RecyclingImageView( 5861): !!!notifyDrawable not work
08-06 07:56:51.552 I/ActivityManager( 1119): Displayed com.xiangrui.android.album/.ui.AlbumActivity: +123ms
08-06 07:56:51.562 E/RecyclingImageView( 5861): !!!notifyDrawable not work
08-06 07:56:51.562 E/RecyclingImageView( 5861): !!!notifyDrawable not work
08-06 07:56:51.562 E/ImageGridFragment( 5861): getView url= http://bgimg1.meimei22.com/pic/bagua/2014-7-1/1/5893206220140616110835030_640.jpg
08-06 07:56:51.562 D/ImageCache( 5861): Disk cache initialized
08-06 07:56:51.582 I/Timeline( 5861): Timeline: Activity_idle id: android.os.BinderProxy@448e1530 time:41560581
08-06 07:56:51.592 D/ImageFetcher( 5861): HTTP cache initialized
08-06 07:56:51.592 D/ImageCache( 5861): Disk cache hit
08-06 07:56:51.602 E/ImageWorker( 5861): find DiskCache:http://bgimg1.meimei22.com/pic/bagua/2014-7-1/1/5893206220140616110920095_640.jpg
08-06 07:56:51.602 E/ImageCache( 5861): addBitmapToCache - ((RecyclingBitmapDrawable) value).setIsCached(true)
08-06 07:56:51.602 E/LruCache( 5861): put	putCount:1,size:1470,maxSize:26214
08-06 07:56:51.602 E/ImageWorker( 5861): addBitmapToCache:http://bgimg1.meimei22.com/pic/bagua/2014-7-1/1/5893206220140616110920095_640.jpg
08-06 07:56:51.602 D/ImageWorker( 5861): doInBackground - finished work
08-06 07:56:51.602 D/ImageWorker( 5861): doInBackground - starting work
08-06 07:56:51.602 D/ImageWorker( 5861): doInBackground - finished work
08-06 07:56:51.602 D/ImageWorker( 5861): doInBackground - starting work
08-06 07:56:51.602 D/ImageWorker( 5861): doInBackground - finished work
08-06 07:56:51.602 D/ImageWorker( 5861): doInBackground - starting work
08-06 07:56:51.602 D/ImageCache( 5861): Disk cache hit
08-06 07:56:51.612 E/ImageWorker( 5861): find DiskCache:http://bgimg1.meimei22.com/pic/bagua/2014-7-1/1/5893206220140616110835030_640.jpg
08-06 07:56:51.612 E/ImageCache( 5861): addBitmapToCache - ((RecyclingBitmapDrawable) value).setIsCached(true)
08-06 07:56:51.612 E/LruCache( 5861): put	putCount:2,size:2934,maxSize:26214
08-06 07:56:51.612 E/ImageWorker( 5861): addBitmapToCache:http://bgimg1.meimei22.com/pic/bagua/2014-7-1/1/5893206220140616110835030_640.jpg
08-06 07:56:51.612 D/ImageWorker( 5861): doInBackground - finished work
08-06 07:56:51.612 D/ImageWorker( 5861): doInBackground - starting work
08-06 07:56:51.612 D/ImageWorker( 5861): onPostExecute - setting bitmap
08-06 07:56:51.612 D/ImageCache( 5861): Disk cache hit
08-06 07:56:51.612 E/RecyclingImageView( 5861): drawable instanceof LayerDrawable
08-06 07:56:51.612 E/RecyclingImageView( 5861): !!!notifyDrawable not work
08-06 07:56:51.612 E/RecyclingImageView( 5861): drawable instanceof RecyclingBitmapDrawable
08-06 07:56:51.612 E/RecyclingImageView( 5861): !!!notifyDrawable not work
08-06 07:56:51.612 E/ImageWorker( 5861): find DiskCache:http://bgimg1.meimei22.com/pic/bagua/2014-7-1/1/5893206220140616110835030_640.jpg
08-06 07:56:51.612 E/ImageCache( 5861): addBitmapToCache - ((RecyclingBitmapDrawable) value).setIsCached(true)
08-06 07:56:51.612 E/LruCache( 5861): put	putCount:3,size:2934,maxSize:26214
08-06 07:56:51.612 E/ImageWorker( 5861): addBitmapToCache:http://bgimg1.meimei22.com/pic/bagua/2014-7-1/1/5893206220140616110835030_640.jpg
08-06 07:56:51.612 D/ImageWorker( 5861): doInBackground - finished work
08-06 07:56:51.612 D/ImageWorker( 5861): doInBackground - starting work
08-06 07:56:51.612 D/ImageWorker( 5861): onPostExecute - setting bitmap
08-06 07:56:51.622 E/RecyclingImageView( 5861): drawable instanceof LayerDrawable
08-06 07:56:51.622 E/RecyclingImageView( 5861): !!!notifyDrawable not work
08-06 07:56:51.622 E/RecyclingImageView( 5861): drawable instanceof RecyclingBitmapDrawable
08-06 07:56:51.622 E/RecyclingImageView( 5861): !!!notifyDrawable not work
08-06 07:56:51.622 D/ImageCache( 5861): Disk cache hit
08-06 07:56:51.622 D/ImageCache( 5861): Memory cache hit
08-06 07:56:51.622 E/RecyclingImageView( 5861): drawable instanceof RecyclingBitmapDrawable
08-06 07:56:51.622 E/RecyclingImageView( 5861): !!!notifyDrawable not work
08-06 07:56:51.622 E/ImageGridFragment( 5861): getView url= http://bgimg1.meimei22.com/pic/bagua/2014-7-1/1/5893206220140616110835030_640.jpg
08-06 07:56:51.622 E/ImageWorker( 5861): find DiskCache:http://bgimg1.meimei22.com/pic/bagua/2014-7-1/1/5893206220140616110909033_640.jpg
08-06 07:56:51.622 E/ImageCache( 5861): addBitmapToCache - ((RecyclingBitmapDrawable) value).setIsCached(true)
08-06 07:56:51.622 E/LruCache( 5861): put	putCount:4,size:4398,maxSize:26214
08-06 07:56:51.622 D/ImageCache( 5861): Disk cache hit
08-06 07:56:51.632 D/ImageCache( 5861): Disk cache hit
08-06 07:56:51.632 E/ImageWorker( 5861): find DiskCache:http://bgimg1.meimei22.com/pic/bagua/2014-7-1/1/5893206220140616110926077_640.jpg
08-06 07:56:51.632 E/ImageCache( 5861): addBitmapToCache - ((RecyclingBitmapDrawable) value).setIsCached(true)
08-06 07:56:51.632 E/LruCache( 5861): put	putCount:5,size:5862,maxSize:26214
08-06 07:56:51.642 E/ImageWorker( 5861): find DiskCache:http://bgimg1.meimei22.com/pic/bagua/2014-7-1/1/5893206220140616110909033_640.jpg
08-06 07:56:51.642 E/ImageCache( 5861): addBitmapToCache - ((RecyclingBitmapDrawable) value).setIsCached(true)
08-06 07:56:51.642 E/LruCache( 5861): put	putCount:6,size:5862,maxSize:26214
08-06 07:56:51.642 D/ImageCache( 5861): Disk cache hit
08-06 07:56:51.642 E/ImageWorker( 5861): find DiskCache:http://bgimg1.meimei22.com/pic/bagua/2014-7-1/1/5893206220140616111006071_640.jpg
08-06 07:56:51.642 E/ImageCache( 5861): addBitmapToCache - ((RecyclingBitmapDrawable) value).setIsCached(true)
08-06 07:56:51.642 E/LruCache( 5861): put	putCount:7,size:7326,maxSize:26214
08-06 07:56:51.642 D/ImageCache( 5861): Disk cache hit
08-06 07:56:51.652 E/ImageWorker( 5861): find DiskCache:http://bgimg1.meimei22.com/pic/bagua/2014-7-1/1/5893206220140616110835030_640.jpg
08-06 07:56:51.652 E/ImageCache( 5861): addBitmapToCache - ((RecyclingBitmapDrawable) value).setIsCached(true)
08-06 07:56:51.652 E/LruCache( 5861): put	putCount:8,size:7326,maxSize:26214
08-06 07:56:51.652 E/ImageWorker( 5861): addBitmapToCache:http://bgimg1.meimei22.com/pic/bagua/2014-7-1/1/5893206220140616110835030_640.jpg
08-06 07:56:51.652 D/ImageWorker( 5861): doInBackground - finished work
08-06 07:56:51.652 D/ImageWorker( 5861): doInBackground - starting work
08-06 07:56:51.652 E/ImageWorker( 5861): addBitmapToCache:http://bgimg1.meimei22.com/pic/bagua/2014-7-1/1/5893206220140616110926077_640.jpg
08-06 07:56:51.652 D/ImageWorker( 5861): doInBackground - finished work
08-06 07:56:51.652 D/ImageWorker( 5861): doInBackground - starting work
08-06 07:56:51.652 D/ImageCache( 5861): Disk cache hit
08-06 07:56:51.662 E/ImageWorker( 5861): find DiskCache:http://bgimg1.meimei22.com/pic/bagua/2014-7-1/1/5893206220140616110926077_640.jpg
08-06 07:56:51.662 E/ImageCache( 5861): addBitmapToCache - ((RecyclingBitmapDrawable) value).setIsCached(true)
08-06 07:56:51.662 E/LruCache( 5861): put	putCount:9,size:7326,maxSize:26214
08-06 07:56:51.662 E/ImageWorker( 5861): addBitmapToCache:http://bgimg1.meimei22.com/pic/bagua/2014-7-1/1/5893206220140616111006071_640.jpg
08-06 07:56:51.662 D/ImageWorker( 5861): doInBackground - finished work
08-06 07:56:51.662 D/ImageWorker( 5861): doInBackground - starting work
08-06 07:56:51.662 E/ImageWorker( 5861): addBitmapToCache:http://bgimg1.meimei22.com/pic/bagua/2014-7-1/1/5893206220140616110909033_640.jpg
08-06 07:56:51.662 D/ImageWorker( 5861): doInBackground - finished work
08-06 07:56:51.662 D/ImageWorker( 5861): onPostExecute - setting bitmap
08-06 07:56:51.662 D/ImageCache( 5861): Disk cache hit
08-06 07:56:51.662 E/RecyclingImageView( 5861): drawable instanceof LayerDrawable
08-06 07:56:51.662 E/RecyclingImageView( 5861): !!!notifyDrawable not work
08-06 07:56:51.662 E/RecyclingImageView( 5861): drawable instanceof RecyclingBitmapDrawable
08-06 07:56:51.662 D/ImageWorker( 5861): doInBackground - starting work
08-06 07:56:51.662 E/RecyclingImageView( 5861): !!!notifyDrawable not work
08-06 07:56:51.672 E/ImageWorker( 5861): find DiskCache:http://bgimg1.meimei22.com/pic/bagua/2014-7-1/1/5893206220140616110920095_640.jpg
08-06 07:56:51.672 E/ImageCache( 5861): addBitmapToCache - ((RecyclingBitmapDrawable) value).setIsCached(true)
08-06 07:56:51.672 E/LruCache( 5861): put	putCount:10,size:7326,maxSize:26214
08-06 07:56:51.672 E/ImageWorker( 5861): addBitmapToCache:http://bgimg1.meimei22.com/pic/bagua/2014-7-1/1/5893206220140616110909033_640.jpg
08-06 07:56:51.672 D/ImageWorker( 5861): doInBackground - finished work
08-06 07:56:51.672 D/ImageWorker( 5861): doInBackground - starting work
08-06 07:56:51.672 D/ImageCache( 5861): Memory cache hit
08-06 07:56:51.672 E/RecyclingImageView( 5861): drawable instanceof RecyclingBitmapDrawable
08-06 07:56:51.672 E/RecyclingImageView( 5861): drawable instanceof RecyclingBitmapDrawable
08-06 07:56:51.672 D/ImageCache( 5861): Disk cache hit
08-06 07:56:51.672 E/ImageGridFragment( 5861): getView url= http://bgimg1.meimei22.com/pic/bagua/2014-7-1/1/5893206220140616110835030_640.jpg
08-06 07:56:51.682 E/ImageWorker( 5861): find DiskCache:http://bgimg1.meimei22.com/pic/bagua/2014-7-1/1/5893206220140616111143076_640.jpg
08-06 07:56:51.682 D/ImageCache( 5861): Disk cache hit
08-06 07:56:51.682 E/ImageCache( 5861): addBitmapToCache - ((RecyclingBitmapDrawable) value).setIsCached(true)
08-06 07:56:51.682 E/LruCache( 5861): put	putCount:11,size:8790,maxSize:26214
08-06 07:56:51.682 E/ImageWorker( 5861): find DiskCache:http://bgimg1.meimei22.com/pic/bagua/2014-7-1/1/5893206220140616111006071_640.jpg
08-06 07:56:51.682 E/ImageCache( 5861): addBitmapToCache - ((RecyclingBitmapDrawable) value).setIsCached(true)
08-06 07:56:51.682 E/LruCache( 5861): put	putCount:12,size:8790,maxSize:26214
08-06 07:56:51.682 D/ImageCache( 5861): Disk cache hit
08-06 07:56:51.712 D/dalvikvm( 5861): GC_FOR_ALLOC freed 8295K, 31% free 83221K/119132K, paused 27ms, total 27ms
08-06 07:56:51.722 E/ImageWorker( 5861): find DiskCache:http://bgimg1.meimei22.com/pic/bagua/2014-7-1/1/5893206220140616111051030_640.jpg
08-06 07:56:51.722 E/ImageCache( 5861): addBitmapToCache - ((RecyclingBitmapDrawable) value).setIsCached(true)
08-06 07:56:51.722 E/LruCache( 5861): put	putCount:13,size:10254,maxSize:26214
08-06 07:56:51.722 E/ImageWorker( 5861): addBitmapToCache:http://bgimg1.meimei22.com/pic/bagua/2014-7-1/1/5893206220140616111051030_640.jpg
08-06 07:56:51.722 D/ImageWorker( 5861): doInBackground - finished work
08-06 07:56:51.722 D/ImageWorker( 5861): onPostExecute - setting bitmap
08-06 07:56:51.722 E/RecyclingImageView( 5861): drawable instanceof LayerDrawable
08-06 07:56:51.722 E/RecyclingImageView( 5861): !!!notifyDrawable not work
08-06 07:56:51.722 E/RecyclingImageView( 5861): drawable instanceof RecyclingBitmapDrawable
08-06 07:56:51.722 D/ImageWorker( 5861): doInBackground - starting work
08-06 07:56:51.722 E/RecyclingImageView( 5861): !!!notifyDrawable not work
08-06 07:56:51.722 E/ImageWorker( 5861): addBitmapToCache:http://bgimg1.meimei22.com/pic/bagua/2014-7-1/1/5893206220140616110926077_640.jpg
08-06 07:56:51.722 D/ImageWorker( 5861): doInBackground - finished work
08-06 07:56:51.722 D/ImageWorker( 5861): doInBackground - starting work
08-06 07:56:51.722 D/ImageWorker( 5861): doInBackground - finished work
08-06 07:56:51.722 E/ImageWorker( 5861): addBitmapToCache:http://bgimg1.meimei22.com/pic/bagua/2014-7-1/1/5893206220140616111143076_640.jpg
08-06 07:56:51.722 D/ImageWorker( 5861): doInBackground - finished work
08-06 07:56:51.722 E/ImageWorker( 5861): addBitmapToCache:http://bgimg1.meimei22.com/pic/bagua/2014-7-1/1/5893206220140616111006071_640.jpg
08-06 07:56:51.722 D/ImageWorker( 5861): doInBackground - finished work
08-06 07:56:51.722 E/ImageWorker( 5861): addBitmapToCache:http://bgimg1.meimei22.com/pic/bagua/2014-7-1/1/5893206220140616110920095_640.jpg
08-06 07:56:51.722 D/ImageWorker( 5861): doInBackground - finished work
08-06 07:56:51.722 D/ImageCache( 5861): Disk cache hit
08-06 07:56:51.732 E/ImageWorker( 5861): find DiskCache:http://bgimg1.meimei22.com/pic/bagua/2014-7-1/1/5893206220140616111233075_640.jpg
08-06 07:56:51.732 E/ImageCache( 5861): addBitmapToCache - ((RecyclingBitmapDrawable) value).setIsCached(true)
08-06 07:56:51.732 E/LruCache( 5861): put	putCount:14,size:11718,maxSize:26214
08-06 07:56:51.732 E/ImageWorker( 5861): addBitmapToCache:http://bgimg1.meimei22.com/pic/bagua/2014-7-1/1/5893206220140616111233075_640.jpg
08-06 07:56:51.732 D/ImageWorker( 5861): doInBackground - finished work
08-06 07:56:51.742 D/ImageCache( 5861): Memory cache hit
08-06 07:56:51.742 E/RecyclingImageView( 5861): drawable instanceof RecyclingBitmapDrawable
08-06 07:56:51.742 E/RecyclingImageView( 5861): drawable instanceof RecyclingBitmapDrawable
08-06 07:56:51.742 E/ImageGridFragment( 5861): getView url= http://bgimg1.meimei22.com/pic/bagua/2014-7-1/1/5893206220140616110835030_640.jpg
08-06 07:56:51.742 D/ImageWorker( 5861): onPostExecute - setting bitmap
08-06 07:56:51.742 E/RecyclingImageView( 5861): drawable instanceof LayerDrawable
08-06 07:56:51.742 E/RecyclingImageView( 5861): !!!notifyDrawable not work
08-06 07:56:51.742 E/RecyclingImageView( 5861): drawable instanceof RecyclingBitmapDrawable
08-06 07:56:51.742 E/RecyclingImageView( 5861): !!!notifyDrawable not work
08-06 07:56:51.742 D/ImageWorker( 5861): onPostExecute - setting bitmap
08-06 07:56:51.742 E/RecyclingImageView( 5861): drawable instanceof LayerDrawable
08-06 07:56:51.742 E/RecyclingImageView( 5861): !!!notifyDrawable not work
