08-06 07:56:17.642 D/ImageCache( 5861): Memory cache hit
08-06 07:56:17.642 E/RecyclingImageView( 5861): drawable instanceof RecyclingBitmapDrawable
08-06 07:56:17.642 E/RecyclingImageView( 5861): !!!notifyDrawable not work
08-06 07:56:17.642 E/ImageGridFragment( 5861): getView url= http://c.hiphotos.baidu.com/image/w%3D230/sign=5f3a33274b540923aa69647da259d1dc/c9fcc3cec3fdfc0340ce2ebcd63f8794a4c22604.jpg
08-06 07:56:17.642 D/ImageCache( 5861): Disk cache hit
08-06 07:56:17.642 D/ImageWorker( 5861): onPostExecute - setting bitmap
08-06 07:56:17.642 E/RecyclingImageView( 5861): drawable instanceof LayerDrawable
08-06 07:56:17.642 E/RecyclingImageView( 5861): !!!notifyDrawable not work
08-06 07:56:17.642 E/RecyclingImageView( 5861): drawable instanceof RecyclingBitmapDrawable
08-06 07:56:17.642 E/RecyclingImageView( 5861): !!!notifyDrawable not work
08-06 07:56:17.642 D/ImageWorker( 5861): onPostExecute - setting bitmap
08-06 07:56:17.642 E/RecyclingImageView( 5861): drawable instanceof LayerDrawable
08-06 07:56:17.642 E/RecyclingImageView( 5861): !!!notifyDrawable not work
08-06 07:56:17.642 E/RecyclingImageView( 5861): drawable instanceof RecyclingBitmapDrawable
08-06 07:56:17.642 E/RecyclingImageView( 5861): !!!notifyDrawable not work
08-06 07:56:17.642 D/ImageWorker( 5861): onPostExecute - setting bitmap
08-06 07:56:17.642 E/RecyclingImageView( 5861): drawable instanceof LayerDrawable
08-06 07:56:17.642 E/RecyclingImageView( 5861): !!!notifyDrawable not work
08-06 07:56:17.642 E/RecyclingImageView( 5861): drawable instanceof RecyclingBitmapDrawable
08-06 07:56:17.642 E/RecyclingImageView( 5861): !!!notifyDrawable not work
08-06 07:56:17.642 E/ImageWorker( 5861): find DiskCache:http://c.hiphotos.baidu.com/image/w%3D230/sign=5f3a33274b540923aa69647da259d1dc/c9fcc3cec3fdfc0340ce2ebcd63f8794a4c22604.jpg
08-06 07:56:17.642 E/ImageCache( 5861): addBitmapToCache - ((RecyclingBitmapDrawable) value).setIsCached(true)
08-06 07:56:17.642 E/LruCache( 5861): put	putCount:7,size:915,maxSize:26214
08-06 07:56:17.642 E/ImageWorker( 5861): addBitmapToCache:http://c.hiphotos.baidu.com/image/w%3D230/sign=5f3a33274b540923aa69647da259d1dc/c9fcc3cec3fdfc0340ce2ebcd63f8794a4c22604.jpg
08-06 07:56:17.642 D/ImageWorker( 5861): doInBackground - finished work
08-06 07:56:17.652 D/ImageCache( 5861): Memory cache hit
08-06 07:56:17.652 E/RecyclingImageView( 5861): drawable instanceof RecyclingBitmapDrawable
08-06 07:56:17.652 E/RecyclingImageView( 5861): drawable instanceof RecyclingBitmapDrawable
08-06 07:56:17.652 D/CountingBitmapDrawable( 5861): No longer being used or cached so recycling. com.xiangrui.android.album.util.RecyclingBitmapDrawable@4499bfa8
08-06 07:56:17.652 E/andymao ( 5861): getBitmap().recycle()
08-06 07:56:17.652 E/ImageGridFragment( 5861): getView url= http://c.hiphotos.baidu.com/image/w%3D230/sign=5f3a33274b540923aa69647da259d1dc/c9fcc3cec3fdfc0340ce2ebcd63f8794a4c22604.jpg
08-06 07:56:17.792 I/Timeline( 1119): Timeline: Activity_windows_visible id: ActivityRecord{42e28290 u0 com.xiangrui.android.album/.ui.AlbumActivity t76} time:41526792
08-06 07:56:17.832 W/mColWidth( 5861): 540 0
08-06 07:56:17.832 W/mColWidth( 5861): 540 540
08-06 07:56:17.842 W/mColWidth( 5861): 540 0
08-06 07:56:18.442 I/AudioFlinger(  264): setAppName(), name=[system_server], active=[0]
08-06 07:56:19.122 D/wpa_supplicant( 1327): RX ctrl_iface - hexdump(len=11): 53 49 47 4e 41 4c 5f 50 4f 4c 4c
08-06 07:56:19.122 D/wpa_supplicant( 1327): wlan0: Control interface command 'SIGNAL_POLL'
08-06 07:56:19.132 D/wpa_supplicant( 1327): nl80211: survey data missing!
08-06 07:56:20.642 D/hardware_info(  264): hw_info_append_hw_type : device_name = speaker
08-06 07:56:20.672 D/hardware_info(  264): hw_info_append_hw_type : device_name = vi-feedback
08-06 07:56:21.152 D/wpa_supplicant( 1327): RX ctrl_iface - hexdump(len=14): 53 43 41 4e 20 54 59 50 45 3d 4f 4e 4c 59
08-06 07:56:21.152 D/wpa_supplicant( 1327): wlan0: Control interface command 'SCAN TYPE=ONLY'
08-06 07:56:21.152 D/wpa_supplicant( 1327): wlan0: Setting scan request: 0 sec 0 usec
08-06 07:56:21.152 D/wpa_supplicant( 1327): wlan0: Starting AP scan for wildcard SSID
08-06 07:56:21.152 D/wpa_supplicant( 1327): wlan0: nl80211: scan request
08-06 07:56:21.152 D/wpa_supplicant( 1327): nl80211: Scan SSID - hexdump(len=0): [NULL]
08-06 07:56:21.152 D/wpa_supplicant( 1327): Scan requested (ret=0) - scan timeout 30 seconds
08-06 07:56:21.152 D/wpa_supplicant( 1327): nl80211: Event message available
08-06 07:56:21.152 D/wpa_supplicant( 1327): nl80211: Drv Event 33 (NL80211_CMD_TRIGGER_SCAN) received for wlan0
08-06 07:56:21.152 D/wpa_supplicant( 1327): wlan0: nl80211: Scan trigger
08-06 07:56:21.152 D/wpa_supplicant( 1327): wlan0: Event SCAN_STARTED (57) received
08-06 07:56:21.152 D/wpa_supplicant( 1327): wlan0: Own scan request started a scan
08-06 07:56:21.152 I/wpa_supplicant( 1327): wlan0: CTRL-EVENT-SCAN-STARTED 
08-06 07:56:21.152 D/wpa_supplicant( 1327): CTRL_IFACE monitor send - hexdump(len=40): 2f 64 61 74 61 2f 6d 69 73 63 2f 77 69 66 69 2f 73 6f 63 6b 65 74 73 2f 77 70 61 5f 63 74 72 6c ...
08-06 07:56:22.132 D/wpa_supplicant( 1327): RX ctrl_iface - hexdump(len=11): 53 49 47 4e 41 4c 5f 50 4f 4c 4c
08-06 07:56:22.132 D/wpa_supplicant( 1327): wlan0: Control interface command 'SIGNAL_POLL'
08-06 07:56:22.192 D/eup     ( 9063): rqdp{  current unseen proc:}com.tencent.androidqqmail:Push
08-06 07:56:22.272 D/wpa_supplicant( 1327): nl80211: survey data missing!
08-06 07:56:22.272 D/wpa_supplicant( 1327): RTM_NEWLINK: operstate=1 ifi_flags=0x11043 ([UP][RUNNING][LOWER_UP])
08-06 07:56:22.272 D/wpa_supplicant( 1327): RTM_NEWLINK, IFLA_IFNAME: Interface 'wlan0' added
08-06 07:56:22.272 D/wpa_supplicant( 1327): nl80211: if_removed already cleared - ignore event
08-06 07:56:22.272 D/wpa_supplicant( 1327): nl80211: Event message available
08-06 07:56:22.272 D/wpa_supplicant( 1327): nl80211: Drv Event 34 (NL80211_CMD_NEW_SCAN_RESULTS) received for wlan0
08-06 07:56:22.272 D/wpa_supplicant( 1327): wlan0: nl80211: New scan results available
08-06 07:56:22.272 D/wpa_supplicant( 1327): wlan0: Event SCAN_RESULTS (3) received
08-06 07:56:22.272 D/wpa_supplicant( 1327): nl80211: Associated on 2447 MHz
08-06 07:56:22.272 D/wpa_supplicant( 1327): nl80211: Associated with c8:3a:35:46:3d:b8
08-06 07:56:22.272 D/wpa_supplicant( 1327): nl80211: Received scan results (7 BSSes)
08-06 07:56:22.272 D/wpa_supplicant( 1327): nl80211: Survey data missing
08-06 07:56:22.272 D/wpa_supplicant( 1327): nl80211: Scan results indicate BSS status with c8:3a:35:46:3d:b8 as associated
08-06 07:56:22.272 D/wpa_supplicant( 1327): wlan0: BSS: Start scan result update 4204
08-06 07:56:22.272 D/wpa_supplicant( 1327): BSS: last_scan_res_used=7/64 last_scan_full=0
08-06 07:56:22.272 D/wpa_supplicant( 1327): wlan0: Scan-only results received
08-06 07:56:22.272 D/wpa_supplicant( 1327): CTRL_IFACE monitor send - hexdump(len=40): 2f 64 61 74 61 2f 6d 69 73 63 2f 77 69 66 69 2f 73 6f 63 6b 65 74 73 2f 77 70 61 5f 63 74 72 6c ...
08-06 07:56:22.282 D/wpa_supplicant( 1327): wlan0: P2P: Station mode scan operation not pending anymore (sta_scan_pending=0 p2p_cb_on_scan_complete=0)
08-06 07:56:22.282 D/wpa_supplicant( 1327): nl80211: Drv Event 32 (NL80211_CMD_GET_SCAN) received for wlan0
08-06 07:56:22.282 D/wpa_supplicant( 1327): wlan0: nl80211: Ignored unknown event (cmd=32)
08-06 07:56:22.282 D/wpa_supplicant( 1327): RX ctrl_iface - hexdump(len=25): 42 53 53 20 52 41 4e 47 45 3d 30 2d 20 4d 41 53 4b 3d 30 78 32 33 39 38 37
08-06 07:56:22.282 D/wpa_supplicant( 1327): wlan0: Control interface command 'BSS RANGE=0- MASK=0x23987'
08-06 07:56:22.282 D/LBSSystemMonitorService( 1119): handleMessage what - 4
08-06 07:56:22.282 D/Wiper_jni( 1119): Send Network Location.
08-06 07:56:22.282 E/LocSvc_utils_q( 1119): D/msg_q_snd: Sending message with handle = 0x7C7DC908
08-06 07:56:22.282 E/LocSvc_utils_ll( 1119): D/linked_list_add: Adding to list data_obj = 0x7C7DC908
08-06 07:56:22.282 E/LocSvc_utils_q( 1119): D/msg_q_snd: Finished Sending message with handle = 0x7C7DC908
08-06 07:56:22.282 E/LocSvc_utils_ll( 1119): D/linked_list_remove: Removing from list
08-06 07:56:22.282 E/LocSvc_utils_q( 1119): D/msg_q_rcv: Received message 0x7C7DC908 rv = 0
08-06 07:56:22.282 E/LocSvc_api_v02( 1119): I/---> locClientSendReq line 2360 QMI_LOC_INJECT_WIFI_POSITION_REQ_V02
08-06 07:56:22.282 V/BroadcastQueue( 1119): Processing ordered broadcast [background] BroadcastRecord{43839908 u-1 android.net.wifi.SCAN_RESULTS}
08-06 07:56:22.282 V/BroadcastQueue( 1119): Delivering to component ComponentInfo{com.eg.android.AlipayGphone/com.alipay.android.phone.nfd.nfdservice.ui.app.NfdReceiver}: BroadcastRecord{43839908 u-1 android.net.wifi.SCAN_RESULTS}
08-06 07:56:22.282 V/BroadcastQueue( 1119): Process cur broadcast BroadcastRecord{43839908 u-1 android.net.wifi.SCAN_RESULTS} DELIVERED for app ProcessRecord{42cd87c8 26028:com.alipay.pushservice/u0a72}
08-06 07:56:22.292 E/LocSvc_ApiV02( 1119): I/<--- void globalRespCb(locClientHandleType, uint32_t, locClientRespIndUnionType, void*) line 106 QMI_LOC_INJECT_WIFI_POSITION_REQ_V02
08-06 07:56:22.292 E/LocSvc_api_v02( 1119): D/loc_free_slot:299]: freeing slot 0
08-06 07:56:22.292 E/LocSvc_MsgTask( 1119): D/MsgTask::loop() 5300 listening ...
08-06 07:56:22.292 E/LocSvc_utils_q( 1119): D/msg_q_rcv: Waiting on message
08-06 07:56:22.312 W/ContextImpl(26028): Implicit intents with startService are not safe: Intent { act=com.eg.android.AlipayGphone.push.action.NotificationService } android.content.ContextWrapper.startService:494 android.content.ContextWrapper.startService:494 com.alipay.android.phone.nfd.nfdservice.ui.app.NfdReceiver.onReceive:-1 
08-06 07:56:22.312 V/BroadcastQueue( 1119): Delivering to component ComponentInfo{com.android.settings/com.android.settings.MiuiSettingsReceiver}: BroadcastRecord{43839908 u-1 android.net.wifi.SCAN_RESULTS}
08-06 07:56:22.312 V/BroadcastQueue( 1119): Process cur broadcast BroadcastRecord{43839908 u-1 android.net.wifi.SCAN_RESULTS} DELIVERED for app ProcessRecord{4258c9c8 1551:com.android.settings/1000}
08-06 07:56:22.322 V/BroadcastQueue( 1119): Delivering to component ComponentInfo{com.qualcomm.msapm/com.qualcomm.msapm.MSAPMReceiver}: BroadcastRecord{43839908 u-1 android.net.wifi.SCAN_RESULTS}
08-06 07:56:22.322 V/BroadcastQueue( 1119): Process cur broadcast BroadcastRecord{43839908 u-1 android.net.wifi.SCAN_RESULTS} DELIVERED for app ProcessRecord{42bb05c0 1446:com.qualcomm.services.location/1000}
08-06 07:56:22.322 V/BroadcastQueue( 1119): Finished with ordered broadcast BroadcastRecord{43839908 u-1 android.net.wifi.SCAN_RESULTS}
08-06 07:56:23.912 D/dalvikvm( 5861): GC_EXPLICIT freed 4468K, 28% free 86954K/119132K, paused 2ms+5ms, total 39ms
08-06 07:56:23.922 E/StrictMode( 5861): class com.xiangrui.android.album.ui.ImageDetailActivity; instances=3; limit=1
08-06 07:56:23.922 E/StrictMode( 5861): android.os.StrictMode$InstanceCountViolation: class com.xiangrui.android.album.ui.ImageDetailActivity; instances=3; limit=1
08-06 07:56:23.922 E/StrictMode( 5861): 	at android.os.StrictMode.setClassInstanceLimit(StrictMode.java:1)
08-06 07:56:25.252 I/Timeline( 5861): Timeline: Activity_launch_request id:com.xiangrui.android.album time:41534257
08-06 07:56:25.262 D/audio_hw_primary(  264): out_set_parameters: enter: usecase(1: low-latency-playback) kvpairs: routing=2
08-06 07:56:25.262 I/AudioFlinger(  264): setAppName(), name=[system_server], active=[1]
08-06 07:56:25.262 I/ActivityManager( 1119): START u0 {cmp=com.xiangrui.android.album/.ui.ImageDetailActivity (has extras)} from pid 5861
08-06 07:56:25.272 D/ImageCache( 5861): Disk cache flushed
08-06 07:56:25.272 D/ImageFetcher( 5861): HTTP cache flushed
08-06 07:56:25.272 I/msm8974_platform(  264): platform_get_output_snd_device: enter: output devices(0x2)
08-06 07:56:25.272 I/msm8974_platform(  264): platform_get_output_snd_device: exit: snd_device(speaker)
08-06 07:56:25.272 D/audio_hw_primary(  264): select_devices: out_snd_device(2: speaker) in_snd_device(0: )
08-06 07:56:25.272 I/audio_hw_primary(  264): select_devices: enable out_snd_device(2: speaker)
08-06 07:56:25.272 D/hardware_info(  264): hw_info_append_hw_type : device_name = speaker
08-06 07:56:25.272 D/ACDB-LOADER(  264): ACDB -> send_audio_cal, acdb_id = 101, path =  0
08-06 07:56:25.272 D/ACDB-LOADER(  264): ACDB -> send_adm_topology
08-06 07:56:25.272 D/ACDB-LOADER(  264): ACDB -> ACDB_CMD_GET_AUDPROC_COMMON_TOPOLOGY_ID
08-06 07:56:25.272 D/ACDB-LOADER(  264): ACDB -> send_asm_topology
08-06 07:56:25.272 D/ACDB-LOADER(  264): ACDB -> ACDB_CMD_GET_AUDPROC_STREAM_TOPOLOGY_ID
08-06 07:56:25.272 D/ACDB-LOADER(  264): ACDB -> send_audtable
08-06 07:56:25.272 D/ACDB-LOADER(  264): ACDB -> ACDB_CMD_GET_AUDPROC_COMMON_TABLE
08-06 07:56:25.272 D/ACDB-LOADER(  264): ACDB -> AUDIO_SET_AUDPROC_CAL
08-06 07:56:25.272 D/ACDB-LOADER(  264): ACDB -> send_audvoltable
08-06 07:56:25.272 D/ACDB-LOADER(  264): ACDB -> ACDB_CMD_GET_AUDPROC_GAIN_DEP_STEP_TABLE
08-06 07:56:25.272 D/ACDB-LOADER(  264): ACDB -> AUDIO_SET_AUDPROC_VOL_CAL
08-06 07:56:25.272 D/ACDB-LOADER(  264): ACDB -> send_afe_cal
08-06 07:56:25.272 D/ACDB-LOADER(  264): ACDB -> ACDB_CMD_GET_AFE_COMMON_TABLE
08-06 07:56:25.272 D/ACDB-LOADER(  264): ACDB -> AUDIO_SET_AFE_CAL
08-06 07:56:25.272 D/hardware_info(  264): hw_info_append_hw_type : device_name = vi-feedback
08-06 07:56:25.272 D/ACDB-LOADER(  264): ACDB -> send_audio_cal, acdb_id = 102, path =  1
08-06 07:56:25.272 D/ACDB-LOADER(  264): ACDB -> send_adm_topology
08-06 07:56:25.272 D/ACDB-LOADER(  264): ACDB -> ACDB_CMD_GET_AUDPROC_COMMON_TOPOLOGY_ID
08-06 07:56:25.272 D/ACDB-LOADER(  264): ACDB -> send_asm_topology
08-06 07:56:25.272 D/ACDB-LOADER(  264): ACDB -> ACDB_CMD_GET_AUDPROC_STREAM_TOPOLOGY_ID
08-06 07:56:25.272 D/ACDB-LOADER(  264): ACDB -> send_audtable
08-06 07:56:25.272 D/ACDB-LOADER(  264): ACDB -> ACDB_CMD_GET_AUDPROC_COMMON_TABLE
08-06 07:56:25.272 D/ACDB-LOADER(  264): ACDB -> AUDIO_SET_AUDPROC_CAL
08-06 07:56:25.272 D/ACDB-LOADER(  264): ACDB -> send_audvoltable
08-06 07:56:25.272 D/ACDB-LOADER(  264): ACDB -> ACDB_CMD_GET_AUDPROC_GAIN_DEP_STEP_TABLE
08-06 07:56:25.272 D/        (  264): Failed to fetch the lookup information of the device 00000066 
08-06 07:56:25.272 E/ACDB-LOADER(  264): Error: ACDB AudProc vol returned = -19
08-06 07:56:25.272 D/ACDB-LOADER(  264): ACDB -> AUDIO_SET_AUDPROC_VOL_CAL
08-06 07:56:25.272 D/ACDB-LOADER(  264): ACDB -> send_afe_cal
08-06 07:56:25.272 D/ACDB-LOADER(  264): ACDB -> ACDB_CMD_GET_AFE_COMMON_TABLE
08-06 07:56:25.272 D/ACDB-LOADER(  264): ACDB -> AUDIO_SET_AFE_CAL
08-06 07:56:25.282 D/wpa_supplicant( 1327): RX ctrl_iface - hexdump(len=11): 53 49 47 4e 41 4c 5f 50 4f 4c 4c
08-06 07:56:25.282 D/wpa_supplicant( 1327): wlan0: Control interface command 'SIGNAL_POLL'
08-06 07:56:25.282 D/wpa_supplicant( 1327): nl80211: survey data missing!
08-06 07:56:25.302 D/ACDB-LOADER(  264): ACDB -> send_audio_cal, acdb_id = 4, path =  1
08-06 07:56:25.302 D/ACDB-LOADER(  264): ACDB -> send_adm_topology
08-06 07:56:25.302 D/ACDB-LOADER(  264): ACDB -> ACDB_CMD_GET_AUDPROC_COMMON_TOPOLOGY_ID
08-06 07:56:25.302 D/ACDB-LOADER(  264): ACDB -> send_asm_topology
08-06 07:56:25.302 D/ACDB-LOADER(  264): ACDB -> ACDB_CMD_GET_AUDPROC_STREAM_TOPOLOGY_ID
08-06 07:56:25.302 D/ACDB-LOADER(  264): ACDB -> send_audtable
08-06 07:56:25.302 D/ACDB-LOADER(  264): ACDB -> ACDB_CMD_GET_AUDPROC_COMMON_TABLE
08-06 07:56:25.302 D/ACDB-LOADER(  264): ACDB -> AUDIO_SET_AUDPROC_CAL
08-06 07:56:25.302 D/ACDB-LOADER(  264): ACDB -> send_audvoltable
08-06 07:56:25.302 D/ACDB-LOADER(  264): ACDB -> ACDB_CMD_GET_AUDPROC_GAIN_DEP_STEP_TABLE
08-06 07:56:25.302 D/        (  264): Failed to fetch the lookup information of the device 00000004 
08-06 07:56:25.302 E/ACDB-LOADER(  264): Error: ACDB AudProc vol returned = -19
08-06 07:56:25.302 D/ACDB-LOADER(  264): ACDB -> AUDIO_SET_AUDPROC_VOL_CAL
08-06 07:56:25.302 D/ACDB-LOADER(  264): ACDB -> AUDIO_SET_AFE_CAL
08-06 07:56:25.332 E/ImageCache( 5861): init memCacheSize=32768
08-06 07:56:25.332 D/ImageCache( 5861): Memory cache created (size = 32768)
08-06 07:56:25.342 D/StrictMode( 5861): StrictMode policy violation; ~duration=30 ms: android.os.StrictMode$StrictModeDiskReadViolation: policy=2079 violation=2
08-06 07:56:25.342 D/StrictMode( 5861): 	at android.os.StrictMode$AndroidBlockGuardPolicy.onReadFromDisk(StrictMode.java:1138)
08-06 07:56:25.342 D/StrictMode( 5861): 	at libcore.io.BlockGuardOs.open(BlockGuardOs.java:106)
08-06 07:56:25.342 D/StrictMode( 5861): 	at libcore.io.IoBridge.open(IoBridge.java:393)
08-06 07:56:25.342 D/StrictMode( 5861): 	at java.io.FileInputStream.<init>(FileInputStream.java:78)
08-06 07:56:25.342 D/StrictMode( 5861): 	at java.io.FileInputStream.<init>(FileInputStream.java:105)
08-06 07:56:25.342 D/StrictMode( 5861): 	at android.graphics.BitmapFactory.decodeFile(BitmapFactory.java:368)
08-06 07:56:25.342 D/StrictMode( 5861): 	at android.graphics.BitmapFactory.decodeFile(BitmapFactory.java:395)
08-06 07:56:25.342 D/StrictMode( 5861): 	at miui.content.res.IconCustomizer.getDrawableFromStaticCache(IconCustomizer.java:485)
08-06 07:56:25.342 D/StrictMode( 5861): 	at miui.content.res.IconCustomizer.getCustomizedIconInner(IconCustomizer.java:562)
08-06 07:56:25.342 D/StrictMode( 5861): 	at miui.content.res.IconCustomizer.getCustomizedIcon(IconCustomizer.java:553)
08-06 07:56:25.342 D/StrictMode( 5861): 	at android.app.Injector$ApplicationPackageManagerHook.before_getDefaultActivityIcon(Injector.java:154)
08-06 07:56:25.342 D/StrictMode( 5861): 	at android.app.ApplicationPackageManager.getDefaultActivityIcon(ApplicationPackageManager.java:721)
08-06 07:56:25.342 D/StrictMode( 5861): 	at com.android.internal.policy.impl.PhoneWindow.installDecor(PhoneWindow.java:3225)
08-06 07:56:25.342 D/StrictMode( 5861): 	at com.android.internal.policy.impl.PhoneWindow.setContentView(PhoneWindow.java:288)
08-06 07:56:25.342 D/StrictMode( 5861): 	at android.app.Activity.setContentView(Activity.java:1935)
08-06 07:56:25.342 D/StrictMode( 5861): 	at com.xiangrui.android.album.ui.ImageDetailActivity.onCreate(ImageDetailActivity.java:103)
08-06 07:56:25.342 D/StrictMode( 5861): 	at android.app.Activity.performCreate(Activity.java:5239)
08-06 07:56:25.342 D/StrictMode( 5861): 	at android.app.Instrumentation.callActivityOnCreate(Instrumentation.java:1087)
08-06 07:56:25.342 D/StrictMode( 5861): 	at com.lbe.security.service.core.client.b.x.callActivityOnCreate(Unknown Source)
08-06 07:56:25.342 D/StrictMode( 5861): 	at android.app.ActivityThread.performLaunchActivity(ActivityThread.java:2162)
08-06 07:56:25.342 D/StrictMode( 5861): 	at android.app.ActivityThread.handleLaunchActivity(ActivityThread.java:2248)
08-06 07:56:25.342 D/StrictMode( 5861): 	at android.app.ActivityThread.access$800(ActivityThread.java:138)
08-06 07:56:25.342 D/StrictMode( 5861): 	at android.app.ActivityThread$H.handleMessage(ActivityThread.java:1199)
08-06 07:56:25.342 D/StrictMode( 5861): 	at android.os.Handler.dispatchMessage(Handler.java:102)
08-06 07:56:25.342 D/StrictMode( 5861): 	at android.os.Looper.loop(Looper.java:136)
08-06 07:56:25.342 D/StrictMode( 5861): 	at android.app.ActivityThread.main(ActivityThread.java:5050)
08-06 07:56:25.342 D/StrictMode( 5861): 	at java.lang.reflect.Method.invokeNative(Native Method)
08-06 07:56:25.342 D/StrictMode( 5861): 	at java.lang.reflect.Method.invoke(Method.java:515)
08-06 07:56:25.342 D/StrictMode( 5861): 	at com.android.internal.os.ZygoteInit$MethodAndArgsCaller.run(ZygoteInit.java:805)
08-06 07:56:25.342 D/StrictMode( 5861): 	at com.android.internal.os.ZygoteInit.main(ZygoteInit.java:621)
08-06 07:56:25.342 D/StrictMode( 5861): 	at dalvik.system.NativeStart.main(Native Method)
08-06 07:56:25.342 D/StrictMode( 5861): StrictMode policy violation; ~duration=28 ms: android.os.StrictMode$StrictModeDiskReadViolation: policy=2079 violation=2
08-06 07:56:25.342 D/StrictMode( 5861): 	at android.os.StrictMode$AndroidBlockGuardPolicy.onReadFromDisk(StrictMode.java:1138)
08-06 07:56:25.342 D/StrictMode( 5861): 	at libcore.io.BlockGuardOs.read(BlockGuardOs.java:148)
08-06 07:56:25.342 D/StrictMode( 5861): 	at libcore.io.IoBridge.read(IoBridge.java:425)
08-06 07:56:25.342 D/StrictMode( 5861): 	at java.io.FileInputStream.read(FileInputStream.java:179)
08-06 07:56:25.342 D/StrictMode( 5861): 	at android.graphics.BitmapFactory.nativeDecodeStream(Native Method)
08-06 07:56:25.342 D/StrictMode( 5861): 	at android.graphics.BitmapFactory.decodeStreamInternal(BitmapFactory.java:613)
08-06 07:56:25.342 D/StrictMode( 5861): 	at android.graphics.BitmapFactory.decodeStream(BitmapFactory.java:589)
08-06 07:56:25.342 D/StrictMode( 5861): 	at android.graphics.BitmapFactory.decodeFile(BitmapFactory.java:369)
08-06 07:56:25.342 D/StrictMode( 5861): 	at android.graphics.BitmapFactory.decodeFile(BitmapFactory.java:395)
08-06 07:56:25.342 D/StrictMode( 5861): 	at miui.content.res.IconCustomizer.getDrawableFromStaticCache(IconCustomizer.java:485)
08-06 07:56:25.342 D/StrictMode( 5861): 	at miui.content.res.IconCustomizer.getCustomizedIconInner(IconCustomizer.java:562)
08-06 07:56:25.342 D/StrictMode( 5861): 	at miui.content.res.IconCustomizer.getCustomizedIcon(IconCustomizer.java:553)
08-06 07:56:25.342 D/StrictMode( 5861): 	at android.app.Injector$ApplicationPackageManagerHook.before_getDefaultActivityIcon(Injector.java:154)
08-06 07:56:25.342 D/StrictMode( 5861): 	at android.app.ApplicationPackageManager.getDefaultActivityIcon(ApplicationPackageManager.java:721)
08-06 07:56:25.342 D/StrictMode( 5861): 	at com.android.internal.policy.impl.PhoneWindow.installDecor(PhoneWindow.java:3225)
08-06 07:56:25.342 D/StrictMode( 5861): 	at com.android.internal.policy.impl.PhoneWindow.setContentView(PhoneWindow.java:288)
08-06 07:56:25.342 D/StrictMode( 5861): 	at android.app.Activity.setContentView(Activity.java:1935)
08-06 07:56:25.342 D/StrictMode( 5861): 	at com.xiangrui.android.album.ui.ImageDetailActivity.onCreate(ImageDetailActivity.java:103)
08-06 07:56:25.342 D/StrictMode( 5861): 	at android.app.Activity.performCreate(Activity.java:5239)
08-06 07:56:25.342 D/StrictMode( 5861): 	at android.app.Instrumentation.callActivityOnCreate(Instrumentation.java:1087)
08-06 07:56:25.342 D/StrictMode( 5861): 	at com.lbe.security.service.core.client.b.x.callActivityOnCreate(Unknown Source)
08-06 07:56:25.342 D/StrictMode( 5861): 	at android.app.ActivityThread.performLaunchActivity(ActivityThread.java:2162)
08-06 07:56:25.342 D/StrictMode( 5861): 	at android.app.ActivityThread.handleLaunchActivity(ActivityThread.java:2248)
08-06 07:56:25.342 D/StrictMode( 5861): 	at android.app.ActivityThread.access$800(ActivityThread.java:138)
08-06 07:56:25.342 D/StrictMode( 5861): 	at android.app.ActivityThread$H.handleMessage(ActivityThread.java:1199)
08-06 07:56:25.342 D/StrictMode( 5861): 	at android.os.Handler.dispatchMessage(Handler.java:102)
08-06 07:56:25.342 D/StrictMode( 5861): 	at android.os.Looper.loop(Looper.java:136)
08-06 07:56:25.342 D/StrictMode( 5861): 	at android.app.ActivityThread.main(ActivityThread.java:5050)
08-06 07:56:25.342 D/StrictMode( 5861): 	at java.lang.reflect.Method.invokeNative(Native Method)
08-06 07:56:25.342 D/StrictMode( 5861): 	at java.lang.reflect.Method.invoke(Method.java:515)
08-06 07:56:25.342 D/StrictMode( 5861): 	at com.android.internal.os.ZygoteInit$MethodAndArgsCaller.run(ZygoteInit.java:805)
08-06 07:56:25.342 D/StrictMode( 5861): 	at com.android.internal.os.ZygoteInit.main(ZygoteInit.java:621)
08-06 07:56:25.342 D/StrictMode( 5861): 	at dalvik.system.NativeStart.main(Native Method)
08-06 07:56:25.342 D/ImageWorker( 5861): doInBackground - starting work
08-06 07:56:25.352 D/ImageWorker( 5861): doInBackground - starting work
08-06 07:56:25.352 D/ImageWorker( 5861): doInBackground - starting work
08-06 07:56:25.382 V/PhoneStatusBar( 1247): setLightsOn(true)
08-06 07:56:25.402 D/ImageCache( 5861): Disk cache initialized
08-06 07:56:25.412 E/ThermalEngine(  404): Unable to read max frequency from online cpu.
08-06 07:56:25.412 E/ThermalEngine(  404): Failed to set desired CPU[1] frequency limit to 1728000
08-06 07:56:25.422 D/ImageCache( 5861): Disk cache hit
08-06 07:56:25.432 E/ImageWorker( 5861): find DiskCache:
08-06 07:56:25.432 E/ImageWorker( 5861): http://c.hiphotos.baidu.com/image/w%3D230/sign=81b5860a8544ebf86d71633ce9f8d736/caef76094b36acafc40829f57ed98d1000e99ccb.jpg
08-06 07:56:25.432 E/ImageCache( 5861): addBitmapToCache - ((RecyclingBitmapDrawable) value).setIsCached(true)
08-06 07:56:25.432 E/LruCache( 5861): put	putCount:1,size:318,maxSize:32768
08-06 07:56:25.432 D/ImageCache( 5861): Disk cache hit
08-06 07:56:25.432 E/ImageWorker( 5861): find DiskCache:http://c.hiphotos.baidu.com/image/w%3D230/sign=5f3a33274b540923aa69647da259d1dc/c9fcc3cec3fdfc0340ce2ebcd63f8794a4c22604.jpg
08-06 07:56:25.432 E/ImageCache( 5861): addBitmapToCache - ((RecyclingBitmapDrawable) value).setIsCached(true)
08-06 07:56:25.432 E/LruCache( 5861): put	putCount:2,size:606,maxSize:32768
08-06 07:56:25.442 E/ImageWorker( 5861): addBitmapToCache:http://c.hiphotos.baidu.com/image/w%3D230/sign=5f3a33274b540923aa69647da259d1dc/c9fcc3cec3fdfc0340ce2ebcd63f8794a4c22604.jpg
08-06 07:56:25.442 D/ImageWorker( 5861): doInBackground - finished work
08-06 07:56:25.442 E/ImageWorker( 5861): addBitmapToCache:
08-06 07:56:25.442 E/ImageWorker( 5861): http://c.hiphotos.baidu.com/image/w%3D230/sign=81b5860a8544ebf86d71633ce9f8d736/caef76094b36acafc40829f57ed98d1000e99ccb.jpg
08-06 07:56:25.442 D/ImageWorker( 5861): doInBackground - finished work
08-06 07:56:25.442 D/ImageCache( 5861): Disk cache hit
08-06 07:56:25.442 D/ImageWorker( 5861): onPostExecute - setting bitmap
08-06 07:56:25.442 D/ImageWorker( 5861): onPostExecute - setting bitmap
08-06 07:56:25.442 I/chromium( 5861): [INFO:CONSOLE(1)] "Uncaught ReferenceError: onVisibilityChanged is not defined", source:  (1)
08-06 07:56:25.442 D/PhoneStatusBar( 1247): disable: < expand icons alerts ticker system_info back home recent clock >
08-06 07:56:25.452 I/ActivityManager( 1119): Displayed com.xiangrui.android.album/.ui.ImageDetailActivity: +184ms
08-06 07:56:25.452 E/ImageWorker( 5861): find DiskCache:
08-06 07:56:25.452 E/ImageWorker( 5861): http://f.hiphotos.baidu.com/image/w%3D230/sign=f00eb024ad51f3dec3b2be67a4eff0ec/d0c8a786c9177f3e0a1184e372cf3bc79f3d5632.jpg
08-06 07:56:25.452 E/ImageCache( 5861): addBitmapToCache - ((RecyclingBitmapDrawable) value).setIsCached(true)
08-06 07:56:25.452 E/LruCache( 5861): put	putCount:3,size:915,maxSize:32768
08-06 07:56:25.452 E/ImageWorker( 5861): addBitmapToCache:
08-06 07:56:25.452 E/ImageWorker( 5861): http://f.hiphotos.baidu.com/image/w%3D230/sign=f00eb024ad51f3dec3b2be67a4eff0ec/d0c8a786c9177f3e0a1184e372cf3bc79f3d5632.jpg
08-06 07:56:25.452 D/ImageWorker( 5861): doInBackground - finished work
08-06 07:56:25.452 D/ImageFetcher( 5861): HTTP cache initialized
08-06 07:56:25.452 D/ImageWorker( 5861): onPostExecute - setting bitmap
08-06 07:56:25.462 I/chromium( 5861): [INFO:CONSOLE(1)] "Uncaught ReferenceError: onVisibilityChanged is not defined", source:  (1)
08-06 07:56:25.482 I/Timeline( 5861): Timeline: Activity_idle id: android.os.BinderProxy@42cc2e70 time:41534484
08-06 07:56:25.482 I/chromium( 5861): [INFO:CONSOLE(1)] "Uncaught ReferenceError: onVisibilityChanged is not defined", source:  (1)
08-06 07:56:25.492 I/XiaomiFirewall( 2138): firewall pkgName:com.xiangrui.android.album, result:0
08-06 07:56:25.522 I/chromium( 5861): [INFO:CONSOLE(0)] "Document was loaded from Application Cache with manifest http://qzonestyle.gtimg.cn/qzone/biz/gdt/mob/sdk/v2/gdtmob.appcache", source: http://qzonestyle.gtimg.cn/qzone/biz/gdt/mob/sdk/v2/banner.html#rf=30000&posId=9079537218417626401&rollAnimation=1&downConfirmSetting=0&random=1407282985376&conn=1&showCloseBtn=0 (0)
08-06 07:56:25.522 I/chromium( 5861): [INFO:CONSOLE(0)] "Application Cache Checking event", source: http://qzonestyle.gtimg.cn/qzone/biz/gdt/mob/sdk/v2/banner.html#rf=30000&posId=9079537218417626401&rollAnimation=1&downConfirmSetting=0&random=1407282834300&conn=1&showCloseBtn=0 (0)
08-06 07:56:25.522 I/chromium( 5861): [INFO:CONSOLE(0)] "Application Cache Checking event", source: http://qzonestyle.gtimg.cn/qzone/biz/gdt/mob/sdk/v2/banner.html#rf=30000&posId=9079537218417626401&rollAnimation=1&downConfirmSetting=0&random=1407282985376&conn=1&showCloseBtn=0 (0)
08-06 07:56:25.542 I/chromium( 5861): [INFO:CONSOLE(0)] "Application Cache NoUpdate event", source: http://qzonestyle.gtimg.cn/qzone/biz/gdt/mob/sdk/v2/banner.html#rf=30000&posId=9079537218417626401&rollAnimation=1&downConfirmSetting=0&random=1407282834300&conn=1&showCloseBtn=0 (0)
08-06 07:56:25.542 I/chromium( 5861): [INFO:CONSOLE(0)] "Application Cache NoUpdate event", source: http://qzonestyle.gtimg.cn/qzone/biz/gdt/mob/sdk/v2/banner.html#rf=30000&posId=9079537218417626401&rollAnimation=1&downConfirmSetting=0&random=1407282985376&conn=1&showCloseBtn=0 (0)
08-06 07:56:25.692 I/Timeline( 1119): Timeline: Activity_windows_visible id: ActivityRecord{43b56470 u0 com.xiangrui.android.album/.ui.ImageDetailActivity t76} time:41534694
08-06 07:56:25.832 I/chromium( 5861): [INFO:CONSOLE(20)] "onvisibilityChangingtrue0X0", source: http://qzonestyle.gtimg.cn/qzone/biz/gdt/mob/sdk/v2/js/banner/banner.js (20)
08-06 07:56:25.832 I/chromium( 5861): [INFO:CONSOLE(20)] "onvisibilityChangingtrue1080X150", source: http://qzonestyle.gtimg.cn/qzone/biz/gdt/mob/sdk/v2/js/banner/banner.js (20)
08-06 07:56:25.852 E/gdt_ad_mob( 5861): BannerADView is out of screen
08-06 07:56:26.262 I/AudioFlinger(  264): setAppName(), name=[system_server], active=[0]
08-06 07:56:27.492 D/eup     (20532): rqdp{  current unseen proc:}com.tencent.androidqqmail
08-06 07:56:28.132 D/charger_monitor(  438): vin current 4300000
08-06 07:56:28.132 D/charger_monitor(  438): exiting: target 0
08-06 07:56:28.142 D/BatteryInfoReceiver( 1637): 现有电量：6
08-06 07:56:28.172 D/BatteryInfoReceiver( 1637): BatteryInfoReceiver.updateBatteryInfo(...).
08-06 07:56:28.182 D/BatteryInfoReceiver( 1637): 现有电量：6
08-06 07:56:28.292 D/wpa_supplicant( 1327): RX ctrl_iface - hexdump(len=11): 53 49 47 4e 41 4c 5f 50 4f 4c 4c
08-06 07:56:28.292 D/wpa_supplicant( 1327): wlan0: Control interface command 'SIGNAL_POLL'
08-06 07:56:28.302 D/wpa_supplicant( 1327): nl80211: survey data missing!
08-06 07:56:28.452 D/hardware_info(  264): hw_info_append_hw_type : device_name = speaker
08-06 07:56:28.472 D/hardware_info(  264): hw_info_append_hw_type : device_name = vi-feedback
08-06 07:56:31.162 D/wpa_supplicant( 1327): RX ctrl_iface - hexdump(len=14): 53 43 41 4e 20 54 59 50 45 3d 4f 4e 4c 59
08-06 07:56:31.162 D/wpa_supplicant( 1327): wlan0: Control interface command 'SCAN TYPE=ONLY'
08-06 07:56:31.162 D/wpa_supplicant( 1327): wlan0: Setting scan request: 0 sec 0 usec
08-06 07:56:31.162 D/wpa_supplicant( 1327): wlan0: Starting AP scan for wildcard SSID
08-06 07:56:31.162 D/wpa_supplicant( 1327): wlan0: nl80211: scan request
08-06 07:56:31.162 D/wpa_supplicant( 1327): nl80211: Scan SSID - hexdump(len=0): [NULL]
08-06 07:56:31.162 D/wpa_supplicant( 1327): Scan requested (ret=0) - scan timeout 30 seconds
08-06 07:56:31.162 D/wpa_supplicant( 1327): nl80211: Event message available
08-06 07:56:31.162 D/wpa_supplicant( 1327): nl80211: Drv Event 33 (NL80211_CMD_TRIGGER_SCAN) received for wlan0
08-06 07:56:31.162 D/wpa_supplicant( 1327): wlan0: nl80211: Scan trigger
08-06 07:56:31.162 D/wpa_supplicant( 1327): wlan0: Event SCAN_STARTED (57) received
08-06 07:56:31.162 D/wpa_supplicant( 1327): wlan0: Own scan request started a scan
08-06 07:56:31.162 I/wpa_supplicant( 1327): wlan0: CTRL-EVENT-SCAN-STARTED 
08-06 07:56:31.162 D/wpa_supplicant( 1327): CTRL_IFACE monitor send - hexdump(len=40): 2f 64 61 74 61 2f 6d 69 73 63 2f 77 69 66 69 2f 73 6f 63 6b 65 74 73 2f 77 70 61 5f 63 74 72 6c ...
08-06 07:56:31.302 D/wpa_supplicant( 1327): RX ctrl_iface - hexdump(len=11): 53 49 47 4e 41 4c 5f 50 4f 4c 4c
08-06 07:56:31.302 D/wpa_supplicant( 1327): wlan0: Control interface command 'SIGNAL_POLL'
08-06 07:56:32.102 D/wpa_supplicant( 1327): nl80211: survey data missing!
08-06 07:56:32.192 D/wpa_supplicant( 1327): nl80211: Event message available
08-06 07:56:32.192 D/wpa_supplicant( 1327): nl80211: Drv Event 34 (NL80211_CMD_NEW_SCAN_RESULTS) received for wlan0
08-06 07:56:32.192 D/wpa_supplicant( 1327): wlan0: nl80211: New scan results available
08-06 07:56:32.192 D/wpa_supplicant( 1327): wlan0: Event SCAN_RESULTS (3) received
08-06 07:56:32.192 D/wpa_supplicant( 1327): nl80211: Associated on 2447 MHz
08-06 07:56:32.192 D/wpa_supplicant( 1327): nl80211: Associated with c8:3a:35:46:3d:b8
08-06 07:56:32.192 D/wpa_supplicant( 1327): nl80211: Received scan results (6 BSSes)
08-06 07:56:32.192 D/wpa_supplicant( 1327): nl80211: Survey data missing
08-06 07:56:32.192 D/wpa_supplicant( 1327): nl80211: Scan results indicate BSS status with c8:3a:35:46:3d:b8 as associated
08-06 07:56:32.192 D/wpa_supplicant( 1327): wlan0: BSS: Start scan result update 4205
08-06 07:56:32.192 D/wpa_supplicant( 1327): BSS: last_scan_res_used=6/64 last_scan_full=0
08-06 07:56:32.192 D/wpa_supplicant( 1327): wlan0: Scan-only results received
08-06 07:56:32.192 D/wpa_supplicant( 1327): CTRL_IFACE monitor send - hexdump(len=40): 2f 64 61 74 61 2f 6d 69 73 63 2f 77 69 66 69 2f 73 6f 63 6b 65 74 73 2f 77 70 61 5f 63 74 72 6c ...
08-06 07:56:32.192 D/wpa_supplicant( 1327): wlan0: P2P: Station mode scan operation not pending anymore (sta_scan_pending=0 p2p_cb_on_scan_complete=0)
08-06 07:56:32.192 D/wpa_supplicant( 1327): nl80211: Drv Event 32 (NL80211_CMD_GET_SCAN) received for wlan0
08-06 07:56:32.192 D/wpa_supplicant( 1327): wlan0: nl80211: Ignored unknown event (cmd=32)
08-06 07:56:32.192 D/wpa_supplicant( 1327): RTM_NEWLINK: operstate=1 ifi_flags=0x11043 ([UP][RUNNING][LOWER_UP])
08-06 07:56:32.192 D/wpa_supplicant( 1327): RTM_NEWLINK, IFLA_IFNAME: Interface 'wlan0' added
08-06 07:56:32.192 D/wpa_supplicant( 1327): nl80211: if_removed already cleared - ignore event
08-06 07:56:32.192 D/wpa_supplicant( 1327): RX ctrl_iface - hexdump(len=25): 42 53 53 20 52 41 4e 47 45 3d 30 2d 20 4d 41 53 4b 3d 30 78 32 33 39 38 37
08-06 07:56:32.192 D/wpa_supplicant( 1327): wlan0: Control interface command 'BSS RANGE=0- MASK=0x23987'
08-06 07:56:32.202 D/LBSSystemMonitorService( 1119): handleMessage what - 4
08-06 07:56:32.202 D/Wiper_jni( 1119): Send Network Location.
08-06 07:56:32.202 E/LocSvc_utils_q( 1119): D/msg_q_snd: Sending message with handle = 0x76923598
08-06 07:56:32.202 E/LocSvc_utils_ll( 1119): D/linked_list_add: Adding to list data_obj = 0x76923598
08-06 07:56:32.202 E/LocSvc_utils_q( 1119): D/msg_q_snd: Finished Sending message with handle = 0x76923598
08-06 07:56:32.202 E/LocSvc_utils_ll( 1119): D/linked_list_remove: Removing from list
08-06 07:56:32.202 E/LocSvc_utils_q( 1119): D/msg_q_rcv: Received message 0x76923598 rv = 0
08-06 07:56:32.202 E/LocSvc_api_v02( 1119): I/---> locClientSendReq line 2360 QMI_LOC_INJECT_WIFI_POSITION_REQ_V02
08-06 07:56:32.202 E/LocSvc_ApiV02( 1119): I/<--- void globalRespCb(locClientHandleType, uint32_t, locClientRespIndUnionType, void*) line 106 QMI_LOC_INJECT_WIFI_POSITION_REQ_V02
08-06 07:56:32.202 E/LocSvc_api_v02( 1119): D/loc_free_slot:299]: freeing slot 0
08-06 07:56:32.202 E/LocSvc_MsgTask( 1119): D/MsgTask::loop() 5301 listening ...
08-06 07:56:32.202 E/LocSvc_utils_q( 1119): D/msg_q_rcv: Waiting on message
08-06 07:56:32.202 V/BroadcastQueue( 1119): Processing ordered broadcast [background] BroadcastRecord{436154b0 u-1 android.net.wifi.SCAN_RESULTS}
08-06 07:56:32.202 V/BroadcastQueue( 1119): Delivering to component ComponentInfo{com.eg.android.AlipayGphone/com.alipay.android.phone.nfd.nfdservice.ui.app.NfdReceiver}: BroadcastRecord{436154b0 u-1 android.net.wifi.SCAN_RESULTS}
08-06 07:56:32.202 V/BroadcastQueue( 1119): Process cur broadcast BroadcastRecord{436154b0 u-1 android.net.wifi.SCAN_RESULTS} DELIVERED for app ProcessRecord{42cd87c8 26028:com.alipay.pushservice/u0a72}
08-06 07:56:32.222 W/ContextImpl(26028): Implicit intents with startService are not safe: Intent { act=com.eg.android.AlipayGphone.push.action.NotificationService } android.content.ContextWrapper.startService:494 android.content.ContextWrapper.startService:494 com.alipay.android.phone.nfd.nfdservice.ui.app.NfdReceiver.onReceive:-1 
08-06 07:56:32.222 V/BroadcastQueue( 1119): Delivering to component ComponentInfo{com.android.settings/com.android.settings.MiuiSettingsReceiver}: BroadcastRecord{436154b0 u-1 android.net.wifi.SCAN_RESULTS}
08-06 07:56:32.222 V/BroadcastQueue( 1119): Process cur broadcast BroadcastRecord{436154b0 u-1 android.net.wifi.SCAN_RESULTS} DELIVERED for app ProcessRecord{4258c9c8 1551:com.android.settings/1000}
08-06 07:56:32.222 V/BroadcastQueue( 1119): Delivering to component ComponentInfo{com.qualcomm.msapm/com.qualcomm.msapm.MSAPMReceiver}: BroadcastRecord{436154b0 u-1 android.net.wifi.SCAN_RESULTS}
08-06 07:56:32.222 V/BroadcastQueue( 1119): Process cur broadcast BroadcastRecord{436154b0 u-1 android.net.wifi.SCAN_RESULTS} DELIVERED for app ProcessRecord{42bb05c0 1446:com.qualcomm.services.location/1000}
08-06 07:56:32.232 V/BroadcastQueue( 1119): Finished with ordered broadcast BroadcastRecord{436154b0 u-1 android.net.wifi.SCAN_RESULTS}
08-06 07:56:32.802 D/ImageCache( 5861): Disk cache flushed
08-06 07:56:32.802 D/ImageFetcher( 5861): HTTP cache flushed
08-06 07:56:32.802 D/ImageCache( 5861): Memory cache hit
08-06 07:56:32.802 E/RecyclingImageView( 5861): drawable instanceof RecyclingBitmapDrawable
08-06 07:56:32.802 E/RecyclingImageView( 5861): drawable instanceof RecyclingBitmapDrawable
08-06 07:56:32.802 E/ImageGridFragment( 5861): getView url= http://c.hiphotos.baidu.com/image/w%3D230/sign=5f3a33274b540923aa69647da259d1dc/c9fcc3cec3fdfc0340ce2ebcd63f8794a4c22604.jpg
08-06 07:56:32.812 V/PhoneStatusBar( 1247): setLightsOn(true)
08-06 07:56:32.822 D/ImageCache( 5861): Memory cache hit
08-06 07:56:32.822 E/RecyclingImageView( 5861): drawable instanceof RecyclingBitmapDrawable
08-06 07:56:32.822 E/RecyclingImageView( 5861): drawable instanceof LayerDrawable
08-06 07:56:32.822 E/RecyclingImageView( 5861): !!!notifyDrawable not work
08-06 07:56:32.822 E/RecyclingImageView( 5861): drawable instanceof RecyclingBitmapDrawable
08-06 07:56:32.822 E/ImageGridFragment( 5861): getView url= http://c.hiphotos.baidu.com/image/w%3D230/sign=5f3a33274b540923aa69647da259d1dc/c9fcc3cec3fdfc0340ce2ebcd63f8794a4c22604.jpg
08-06 07:56:32.822 D/ImageCache( 5861): Memory cache hit
08-06 07:56:32.822 E/RecyclingImageView( 5861): drawable instanceof RecyclingBitmapDrawable
08-06 07:56:32.822 E/RecyclingImageView( 5861): drawable instanceof LayerDrawable
08-06 07:56:32.822 E/RecyclingImageView( 5861): !!!notifyDrawable not work
08-06 07:56:32.822 E/RecyclingImageView( 5861): drawable instanceof RecyclingBitmapDrawable
08-06 07:56:32.822 E/ImageGridFragment( 5861): getView url= 
08-06 07:56:32.822 E/ImageGridFragment( 5861): http://c.hiphotos.baidu.com/image/w%3D230/sign=81b5860a8544ebf86d71633ce9f8d736/caef76094b36acafc40829f57ed98d1000e99ccb.jpg
08-06 07:56:32.822 D/ImageCache( 5861): Memory cache hit
08-06 07:56:32.822 E/RecyclingImageView( 5861): drawable instanceof RecyclingBitmapDrawable
08-06 07:56:32.822 E/RecyclingImageView( 5861): drawable instanceof RecyclingBitmapDrawable
08-06 07:56:32.822 E/ImageGridFragment( 5861): getView url= 
08-06 07:56:32.822 E/ImageGridFragment( 5861): http://f.hiphotos.baidu.com/image/w%3D230/sign=f00eb024ad51f3dec3b2be67a4eff0ec/d0c8a786c9177f3e0a1184e372cf3bc79f3d5632.jpg
08-06 07:56:32.832 I/Timeline( 5861): Timeline: Activity_idle id: android.os.BinderProxy@448fb048 time:41541834
08-06 07:56:32.842 D/PhoneStatusBar( 1247): disable: < expand icons alerts ticker system_info back home recent clock >
08-06 07:56:32.852 I/chromium( 5861): [INFO:CONSOLE(20)] "onvisibilityChangingfalse1080X150", source: http://qzonestyle.gtimg.cn/qzone/biz/gdt/mob/sdk/v2/js/banner/banner.js (20)
08-06 07:56:32.852 I/chromium( 5861): [INFO:CONSOLE(20)] "onvisibilityChangingfalse1080X150", source: http://qzonestyle.gtimg.cn/qzone/biz/gdt/mob/sdk/v2/js/banner/banner.js (20)
08-06 07:56:33.122 I/Timeline( 1119): Timeline: Activity_windows_visible id: ActivityRecord{42e28290 u0 com.xiangrui.android.album/.ui.AlbumActivity t76} time:41542126
08-06 07:56:33.132 D/ImageCache( 5861): Disk cache closed
08-06 07:56:33.132 D/ImageFetcher( 5861): HTTP cache closed
08-06 07:56:33.162 D/dalvikvm( 5861): GC_EXPLICIT freed 18150K, 40% free 71656K/119132K, paused 2ms+4ms, total 38ms
08-06 07:56:33.172 E/StrictMode( 5861): class com.xiangrui.android.album.ui.ImageDetailActivity; instances=3; limit=1
08-06 07:56:33.172 E/StrictMode( 5861): android.os.StrictMode$InstanceCountViolation: class com.xiangrui.android.album.ui.ImageDetailActivity; instances=3; limit=1
08-06 07:56:33.172 E/StrictMode( 5861): 	at android.os.StrictMode.setClassInstanceLimit(StrictMode.java:1)
08-06 07:56:33.762 D/ImageCache( 5861): Disk cache flushed
08-06 07:56:33.762 D/ImageFetcher( 5861): HTTP cache flushed
08-06 07:56:33.762 E/RecyclingImageView( 5861): !!!notifyDrawable not work
08-06 07:56:33.762 E/RecyclingImageView( 5861): drawable instanceof RecyclingBitmapDrawable
08-06 07:56:33.762 E/RecyclingImageView( 5861): !!!notifyDrawable not work
08-06 07:56:33.762 E/RecyclingImageView( 5861): drawable instanceof RecyclingBitmapDrawable
08-06 07:56:33.772 E/RecyclingImageView( 5861): !!!notifyDrawable not work
08-06 07:56:33.772 E/RecyclingImageView( 5861): drawable instanceof RecyclingBitmapDrawable
08-06 07:56:33.772 E/RecyclingImageView( 5861): !!!notifyDrawable not work
08-06 07:56:33.772 E/RecyclingImageView( 5861): drawable instanceof RecyclingBitmapDrawable
08-06 07:56:33.772 E/RecyclingImageView( 5861): !!!notifyDrawable not work
08-06 07:56:33.772 E/RecyclingImageView( 5861): drawable instanceof RecyclingBitmapDrawable
08-06 07:56:33.772 E/RecyclingImageView( 5861): !!!notifyDrawable not work
08-06 07:56:33.772 E/RecyclingImageView( 5861): drawable instanceof RecyclingBitmapDrawable
08-06 07:56:33.772 V/PhoneStatusBar( 1247): setLightsOn(true)
08-06 07:56:33.782 D/ImageCache( 5861): Memory cache hit
08-06 07:56:33.782 E/RecyclingImageView( 5861): drawable instanceof RecyclingBitmapDrawable
08-06 07:56:33.782 E/RecyclingImageView( 5861): !!!notifyDrawable not work
08-06 07:56:33.792 D/ImageCache( 5861): Memory cache hit
08-06 07:56:33.792 E/RecyclingImageView( 5861): drawable instanceof RecyclingBitmapDrawable
08-06 07:56:33.792 E/RecyclingImageView( 5861): !!!notifyDrawable not work
08-06 07:56:33.792 D/ImageCache( 5861): Memory cache hit
08-06 07:56:33.792 E/RecyclingImageView( 5861): drawable instanceof RecyclingBitmapDrawable
08-06 07:56:33.792 E/RecyclingImageView( 5861): !!!notifyDrawable not work
08-06 07:56:33.792 D/ImageCache( 5861): Memory cache hit
08-06 07:56:33.792 E/RecyclingImageView( 5861): drawable instanceof RecyclingBitmapDrawable
08-06 07:56:33.792 E/RecyclingImageView( 5861): !!!notifyDrawable not work
08-06 07:56:33.792 D/ImageCache( 5861): Memory cache hit
08-06 07:56:33.792 E/RecyclingImageView( 5861): drawable instanceof RecyclingBitmapDrawable
08-06 07:56:33.792 E/RecyclingImageView( 5861): !!!notifyDrawable not work
08-06 07:56:33.792 D/ImageCache( 5861): Memory cache hit
08-06 07:56:33.792 E/RecyclingImageView( 5861): drawable instanceof RecyclingBitmapDrawable
08-06 07:56:33.792 E/RecyclingImageView( 5861): !!!notifyDrawable not work
08-06 07:56:33.822 I/Timeline( 5861): Timeline: Activity_idle id: android.os.BinderProxy@42dd8f48 time:41542829
08-06 07:56:33.862 E/ThermalEngine(  404): Unable to read max frequency from online cpu.
08-06 07:56:33.862 E/ThermalEngine(  404): Failed to set desired CPU[1] frequency limit to 1728000
08-06 07:56:34.102 I/Timeline( 1119): Timeline: Activity_windows_visible id: ActivityRecord{425d90b0 u0 com.xiangrui.android.album/.ui.AlbumAppMainActivity t76} time:41543109
08-06 07:56:34.112 E/RecyclingImageView( 5861): !!!notifyDrawable not work
08-06 07:56:34.112 E/RecyclingImageView( 5861): drawable instanceof RecyclingBitmapDrawable
08-06 07:56:34.112 E/RecyclingImageView( 5861): !!!notifyDrawable not work
08-06 07:56:34.112 E/RecyclingImageView( 5861): drawable instanceof RecyclingBitmapDrawable
08-06 07:56:34.112 E/RecyclingImageView( 5861): !!!notifyDrawable not work
08-06 07:56:34.112 E/RecyclingImageView( 5861): drawable instanceof RecyclingBitmapDrawable
08-06 07:56:34.112 E/RecyclingImageView( 5861): !!!notifyDrawable not work
08-06 07:56:34.112 E/RecyclingImageView( 5861): drawable instanceof LayerDrawable
08-06 07:56:34.112 E/RecyclingImageView( 5861): !!!notifyDrawable not work
08-06 07:56:34.112 E/RecyclingImageView( 5861): drawable instanceof RecyclingBitmapDrawable
08-06 07:56:34.112 D/CountingBitmapDrawable( 5861): No longer being used or cached so recycling. com.xiangrui.android.album.util.RecyclingBitmapDrawable@452c8080
08-06 07:56:34.112 E/andymao ( 5861): getBitmap().recycle()
08-06 07:56:34.122 D/ImageCache( 5861): Disk cache closed
08-06 07:56:34.122 D/ImageFetcher( 5861): HTTP cache closed
08-06 07:56:34.742 D/ImageCache( 5861): Memory cache hit
08-06 07:56:34.742 E/RecyclingImageView( 5861): drawable instanceof RecyclingBitmapDrawable
08-06 07:56:34.742 E/RecyclingImageView( 5861): !!!notifyDrawable not work
08-06 07:56:34.822 D/ImageCache( 5861): Memory cache hit
08-06 07:56:34.822 E/RecyclingImageView( 5861): drawable instanceof RecyclingBitmapDrawable
08-06 07:56:34.822 E/RecyclingImageView( 5861): !!!notifyDrawable not work
08-06 07:56:34.952 E/RecyclingImageView( 5861): !!!notifyDrawable not work
08-06 07:56:34.952 E/RecyclingImageView( 5861): drawable instanceof RecyclingBitmapDrawable
08-06 07:56:35.102 D/wpa_supplicant( 1327): RX ctrl_iface - hexdump(len=11): 53 49 47 4e 41 4c 5f 50 4f 4c 4c
08-06 07:56:35.102 D/wpa_supplicant( 1327): wlan0: Control interface command 'SIGNAL_POLL'
08-06 07:56:35.122 D/wpa_supplicant( 1327): nl80211: survey data missing!
08-06 07:56:35.252 D/ImageCache( 5861): Memory cache hit
08-06 07:56:35.252 E/RecyclingImageView( 5861): drawable instanceof RecyclingBitmapDrawable
08-06 07:56:35.252 E/RecyclingImageView( 5861): !!!notifyDrawable not work
08-06 07:56:35.322 D/ImageCache( 5861): Memory cache hit
08-06 07:56:35.322 E/RecyclingImageView( 5861): drawable instanceof RecyclingBitmapDrawable
08-06 07:56:35.322 E/RecyclingImageView( 5861): !!!notifyDrawable not work
08-06 07:56:35.322 E/RecyclingImageView( 5861): !!!notifyDrawable not work
08-06 07:56:35.322 E/RecyclingImageView( 5861): drawable instanceof RecyclingBitmapDrawable
08-06 07:56:35.692 D/dalvikvm( 1119): GC_CONCURRENT freed 7901K, 24% free 30517K/39900K, paused 5ms+9ms, total 131ms
08-06 07:56:38.122 D/wpa_supplicant( 1327): RX ctrl_iface - hexdump(len=11): 53 49 47 4e 41 4c 5f 50 4f 4c 4c
08-06 07:56:38.122 D/wpa_supplicant( 1327): wlan0: Control interface command 'SIGNAL_POLL'
08-06 07:56:38.142 D/wpa_supplicant( 1327): nl80211: survey data missing!
08-06 07:56:39.132 D/dalvikvm( 1364): GC_EXPLICIT freed 735K, 48% free 10432K/19884K, paused 2ms+2ms, total 24ms
08-06 07:56:41.142 D/wpa_supplicant( 1327): RX ctrl_iface - hexdump(len=11): 53 49 47 4e 41 4c 5f 50 4f 4c 4c
08-06 07:56:41.142 D/wpa_supplicant( 1327): wlan0: Control interface command 'SIGNAL_POLL'
08-06 07:56:41.152 D/wpa_supplicant( 1327): nl80211: survey data missing!
08-06 07:56:41.162 D/wpa_supplicant( 1327): RX ctrl_iface - hexdump(len=14): 53 43 41 4e 20 54 59 50 45 3d 4f 4e 4c 59
08-06 07:56:41.162 D/wpa_supplicant( 1327): wlan0: Control interface command 'SCAN TYPE=ONLY'
08-06 07:56:41.172 D/wpa_supplicant( 1327): wlan0: Setting scan request: 0 sec 0 usec
08-06 07:56:41.172 D/wpa_supplicant( 1327): wlan0: Starting AP scan for wildcard SSID
08-06 07:56:41.172 D/wpa_supplicant( 1327): wlan0: nl80211: scan request
08-06 07:56:41.172 D/wpa_supplicant( 1327): nl80211: Scan SSID - hexdump(len=0): [NULL]
08-06 07:56:41.172 D/wpa_supplicant( 1327): Scan requested (ret=0) - scan timeout 30 seconds
08-06 07:56:41.172 D/wpa_supplicant( 1327): nl80211: Event message available
08-06 07:56:41.172 D/wpa_supplicant( 1327): nl80211: Drv Event 33 (NL80211_CMD_TRIGGER_SCAN) received for wlan0
08-06 07:56:41.172 D/wpa_supplicant( 1327): wlan0: nl80211: Scan trigger
08-06 07:56:41.172 D/wpa_supplicant( 1327): wlan0: Event SCAN_STARTED (57) received
08-06 07:56:41.172 D/wpa_supplicant( 1327): wlan0: Own scan request started a scan
08-06 07:56:41.172 I/wpa_supplicant( 1327): wlan0: CTRL-EVENT-SCAN-STARTED 
08-06 07:56:41.172 D/wpa_supplicant( 1327): CTRL_IFACE monitor send - hexdump(len=40): 2f 64 61 74 61 2f 6d 69 73 63 2f 77 69 66 69 2f 73 6f 63 6b 65 74 73 2f 77 70 61 5f 63 74 72 6c ...
08-06 07:56:42.222 D/wpa_supplicant( 1327): nl80211: Event message available
08-06 07:56:42.222 D/wpa_supplicant( 1327): nl80211: Drv Event 34 (NL80211_CMD_NEW_SCAN_RESULTS) received for wlan0
08-06 07:56:42.222 D/wpa_supplicant( 1327): wlan0: nl80211: New scan results available
08-06 07:56:42.222 D/wpa_supplicant( 1327): wlan0: Event SCAN_RESULTS (3) received
08-06 07:56:42.222 D/wpa_supplicant( 1327): nl80211: Associated on 2447 MHz
08-06 07:56:42.222 D/wpa_supplicant( 1327): nl80211: Associated with c8:3a:35:46:3d:b8
08-06 07:56:42.222 D/wpa_supplicant( 1327): nl80211: Received scan results (5 BSSes)
08-06 07:56:42.222 D/wpa_supplicant( 1327): nl80211: Survey data missing
08-06 07:56:42.222 D/wpa_supplicant( 1327): nl80211: Scan results indicate BSS status with c8:3a:35:46:3d:b8 as associated
08-06 07:56:42.222 D/wpa_supplicant( 1327): wlan0: BSS: Start scan result update 4206
08-06 07:56:42.222 D/wpa_supplicant( 1327): wlan0: BSS: Remove id 6129 BSSID 9c:21:6a:14:da:8c SSID 'MERCURY_14DA8C' due to no match in scan
