--------- beginning of /dev/log/system
08-06 07:54:33.362 V/BroadcastQueue( 1119): Process cur broadcast BroadcastRecord{43a6d720 u-1 android.net.wifi.SCAN_RESULTS} DELIVERED for app ProcessRecord{42bb05c0 1446:com.qualcomm.services.location/1000}
08-06 07:54:33.362 V/BroadcastQueue( 1119): Finished with ordered broadcast BroadcastRecord{43a6d720 u-1 android.net.wifi.SCAN_RESULTS}
08-06 07:54:34.442 D/PhoneStatusBar( 1247): disable: < expand icons alerts ticker system_info back home recent clock >
08-06 07:54:36.972 I/ActivityManager( 1119): START u0 {cmp=com.xiangrui.android.album/.ui.AlbumActivity (has extras)} from pid 5861
08-06 07:54:38.032 D/MobileDataStateTracker( 1119): default: setPolicyDataEnable(enabled=true)
08-06 07:54:39.392 I/ActivityManager( 1119): START u0 {cmp=com.xiangrui.android.album/.ui.ImageDetailActivity (has extras)} from pid 5861
08-06 07:54:39.582 D/PhoneStatusBar( 1247): disable: < expand icons alerts ticker system_info back home recent clock >
08-06 07:54:41.682 D/PhoneStatusBar( 1247): disable: < expand icons alerts ticker system_info back home recent clock >
08-06 07:54:42.292 V/BroadcastQueue( 1119): Processing ordered broadcast [background] BroadcastRecord{43fa7c18 u-1 android.net.wifi.SCAN_RESULTS}
08-06 07:54:42.292 V/BroadcastQueue( 1119): Delivering to component ComponentInfo{com.eg.android.AlipayGphone/com.alipay.android.phone.nfd.nfdservice.ui.app.NfdReceiver}: BroadcastRecord{43fa7c18 u-1 android.net.wifi.SCAN_RESULTS}
08-06 07:54:42.292 V/BroadcastQueue( 1119): Process cur broadcast BroadcastRecord{43fa7c18 u-1 android.net.wifi.SCAN_RESULTS} DELIVERED for app ProcessRecord{42cd87c8 26028:com.alipay.pushservice/u0a72}
08-06 07:54:42.312 V/BroadcastQueue( 1119): Delivering to component ComponentInfo{com.android.settings/com.android.settings.MiuiSettingsReceiver}: BroadcastRecord{43fa7c18 u-1 android.net.wifi.SCAN_RESULTS}
08-06 07:54:42.312 V/BroadcastQueue( 1119): Process cur broadcast BroadcastRecord{43fa7c18 u-1 android.net.wifi.SCAN_RESULTS} DELIVERED for app ProcessRecord{4258c9c8 1551:com.android.settings/1000}
08-06 07:54:42.312 V/BroadcastQueue( 1119): Delivering to component ComponentInfo{com.qualcomm.msapm/com.qualcomm.msapm.MSAPMReceiver}: BroadcastRecord{43fa7c18 u-1 android.net.wifi.SCAN_RESULTS}
08-06 07:54:42.312 V/BroadcastQueue( 1119): Process cur broadcast BroadcastRecord{43fa7c18 u-1 android.net.wifi.SCAN_RESULTS} DELIVERED for app ProcessRecord{42bb05c0 1446:com.qualcomm.services.location/1000}
08-06 07:54:42.312 V/BroadcastQueue( 1119): Finished with ordered broadcast BroadcastRecord{43fa7c18 u-1 android.net.wifi.SCAN_RESULTS}
08-06 07:54:44.622 I/ActivityManager( 1119): START u0 {cmp=com.xiangrui.android.album/.ui.AlbumActivity (has extras)} from pid 5861
08-06 07:54:46.412 I/ActivityManager( 1119): START u0 {cmp=com.xiangrui.android.album/.ui.ImageDetailActivity (has extras)} from pid 5861
08-06 07:54:46.562 D/PhoneStatusBar( 1247): disable: < expand icons alerts ticker system_info back home recent clock >
08-06 07:54:49.802 D/PhoneStatusBar( 1247): disable: < expand icons alerts ticker system_info back home recent clock >
08-06 07:54:50.462 V/BroadcastQueue( 1119): Processing ordered broadcast [background] BroadcastRecord{4389f4e8 u-1 android.net.wifi.SCAN_RESULTS}
08-06 07:54:50.462 V/BroadcastQueue( 1119): Delivering to component ComponentInfo{com.eg.android.AlipayGphone/com.alipay.android.phone.nfd.nfdservice.ui.app.NfdReceiver}: BroadcastRecord{4389f4e8 u-1 android.net.wifi.SCAN_RESULTS}
08-06 07:54:50.462 V/BroadcastQueue( 1119): Process cur broadcast BroadcastRecord{4389f4e8 u-1 android.net.wifi.SCAN_RESULTS} DELIVERED for app ProcessRecord{42cd87c8 26028:com.alipay.pushservice/u0a72}
08-06 07:54:50.482 V/BroadcastQueue( 1119): Delivering to component ComponentInfo{com.android.settings/com.android.settings.MiuiSettingsReceiver}: BroadcastRecord{4389f4e8 u-1 android.net.wifi.SCAN_RESULTS}
08-06 07:54:50.492 V/BroadcastQueue( 1119): Process cur broadcast BroadcastRecord{4389f4e8 u-1 android.net.wifi.SCAN_RESULTS} DELIVERED for app ProcessRecord{4258c9c8 1551:com.android.settings/1000}
08-06 07:54:50.492 V/BroadcastQueue( 1119): Delivering to component ComponentInfo{com.qualcomm.msapm/com.qualcomm.msapm.MSAPMReceiver}: BroadcastRecord{4389f4e8 u-1 android.net.wifi.SCAN_RESULTS}
08-06 07:54:50.492 V/BroadcastQueue( 1119): Process cur broadcast BroadcastRecord{4389f4e8 u-1 android.net.wifi.SCAN_RESULTS} DELIVERED for app ProcessRecord{42bb05c0 1446:com.qualcomm.services.location/1000}
08-06 07:54:50.492 V/BroadcastQueue( 1119): Finished with ordered broadcast BroadcastRecord{4389f4e8 u-1 android.net.wifi.SCAN_RESULTS}
08-06 07:54:52.282 V/BroadcastQueue( 1119): Processing ordered broadcast [background] BroadcastRecord{43faffe0 u-1 android.net.wifi.SCAN_RESULTS}
08-06 07:54:52.282 V/BroadcastQueue( 1119): Delivering to component ComponentInfo{com.eg.android.AlipayGphone/com.alipay.android.phone.nfd.nfdservice.ui.app.NfdReceiver}: BroadcastRecord{43faffe0 u-1 android.net.wifi.SCAN_RESULTS}
08-06 07:54:52.282 V/BroadcastQueue( 1119): Process cur broadcast BroadcastRecord{43faffe0 u-1 android.net.wifi.SCAN_RESULTS} DELIVERED for app ProcessRecord{42cd87c8 26028:com.alipay.pushservice/u0a72}
08-06 07:54:52.322 V/BroadcastQueue( 1119): Delivering to component ComponentInfo{com.android.settings/com.android.settings.MiuiSettingsReceiver}: BroadcastRecord{43faffe0 u-1 android.net.wifi.SCAN_RESULTS}
08-06 07:54:52.322 V/BroadcastQueue( 1119): Process cur broadcast BroadcastRecord{43faffe0 u-1 android.net.wifi.SCAN_RESULTS} DELIVERED for app ProcessRecord{4258c9c8 1551:com.android.settings/1000}
08-06 07:54:52.332 V/BroadcastQueue( 1119): Delivering to component ComponentInfo{com.qualcomm.msapm/com.qualcomm.msapm.MSAPMReceiver}: BroadcastRecord{43faffe0 u-1 android.net.wifi.SCAN_RESULTS}
08-06 07:54:52.332 V/BroadcastQueue( 1119): Process cur broadcast BroadcastRecord{43faffe0 u-1 android.net.wifi.SCAN_RESULTS} DELIVERED for app ProcessRecord{42bb05c0 1446:com.qualcomm.services.location/1000}
08-06 07:54:52.332 V/BroadcastQueue( 1119): Finished with ordered broadcast BroadcastRecord{43faffe0 u-1 android.net.wifi.SCAN_RESULTS}
08-06 07:54:54.902 D/StatusBar.NetworkController( 1247): updateTelephonySignalStrength: mSignalStrength == 7(GSM) 99(CDMA) 255(LTE)
08-06 07:54:57.442 D/StatusBar.NetworkController( 1247): updateTelephonySignalStrength: mSignalStrength == 6(GSM) 99(CDMA) 255(LTE)
08-06 07:54:59.992 V/BroadcastQueue( 1119): Processing ordered broadcast [foreground] BroadcastRecord{43bead60 u-1 android.intent.action.TIME_TICK}
08-06 07:54:59.992 V/BroadcastQueue( 1119): Delivering ordered [foreground] to registered BroadcastFilter{4289ce00 u0 ReceiverList{428a1f10 1119 system/1000/u0 local:428b1cd8}}: BroadcastRecord{43bead60 u-1 android.intent.action.TIME_TICK}
08-06 07:54:59.992 V/BroadcastQueue( 1119): Delivering ordered [foreground] to registered BroadcastFilter{432bd4e8 u0 ReceiverList{432bd488 1247 com.android.systemui/1000/u0 remote:432bcd80}}: BroadcastRecord{43bead60 u-1 android.intent.action.TIME_TICK}
08-06 07:54:59.992 V/BroadcastQueue( 1119): Delivering ordered [foreground] to registered BroadcastFilter{429dd500 u0 ReceiverList{429e0e38 1247 com.android.systemui/1000/u0 remote:429e7d48}}: BroadcastRecord{43bead60 u-1 android.intent.action.TIME_TICK}
08-06 07:54:59.992 V/BroadcastQueue( 1119): Delivering ordered [foreground] to registered BroadcastFilter{428895b8 u0 ReceiverList{428e29a0 1247 com.android.systemui/1000/u0 remote:429e7dc8}}: BroadcastRecord{43bead60 u-1 android.intent.action.TIME_TICK}
08-06 07:55:00.022 V/BroadcastQueue( 1119): Delivering ordered [foreground] to registered BroadcastFilter{432a19f8 u0 ReceiverList{432a1700 1247 com.android.systemui/1000/u0 remote:432b8770}}: BroadcastRecord{43bead60 u-1 android.intent.action.TIME_TICK}
08-06 07:55:00.022 V/BroadcastQueue( 1119): Delivering ordered [foreground] to registered BroadcastFilter{42d97400 u0 ReceiverList{42d973a0 1247 com.android.systemui/1000/u0 remote:42de5eb8}}: BroadcastRecord{43bead60 u-1 android.intent.action.TIME_TICK}
08-06 07:55:00.022 V/BroadcastQueue( 1119): Delivering ordered [foreground] to registered BroadcastFilter{42ce2720 u0 ReceiverList{42ce28f8 1247 com.android.systemui/1000/u0 remote:42cfe230}}: BroadcastRecord{43bead60 u-1 android.intent.action.TIME_TICK}
08-06 07:55:00.022 V/BroadcastQueue( 1119): Delivering ordered [foreground] to registered BroadcastFilter{43abf2e8 u0 ReceiverList{43a7c110 1247 com.android.systemui/1000/u0 remote:43278f78}}: BroadcastRecord{43bead60 u-1 android.intent.action.TIME_TICK}
08-06 07:55:00.042 V/BroadcastQueue( 1119): Delivering ordered [foreground] to registered BroadcastFilter{43ab8728 u0 ReceiverList{43a6cda8 1247 com.android.systemui/1000/u0 remote:432669e0}}: BroadcastRecord{43bead60 u-1 android.intent.action.TIME_TICK}
08-06 07:55:00.042 V/BroadcastQueue( 1119): Delivering ordered [foreground] to registered BroadcastFilter{42df7de0 u0 ReceiverList{42d8f748 1247 com.android.systemui/1000/u0 remote:42a26860}}: BroadcastRecord{43bead60 u-1 android.intent.action.TIME_TICK}
08-06 07:55:00.052 V/BroadcastQueue( 1119): Delivering ordered [foreground] to registered BroadcastFilter{4329c278 u0 ReceiverList{43262dc0 1247 com.android.systemui/1000/u0 remote:42e80ed8}}: BroadcastRecord{43bead60 u-1 android.intent.action.TIME_TICK}
08-06 07:55:00.052 V/BroadcastQueue( 1119): Delivering ordered [foreground] to registered BroadcastFilter{43be8738 u0 ReceiverList{43cfee70 1247 com.android.systemui/1000/u0 remote:4398b678}}: BroadcastRecord{43bead60 u-1 android.intent.action.TIME_TICK}
08-06 07:55:00.052 V/BroadcastQueue( 1119): Delivering ordered [foreground] to registered BroadcastFilter{43bc6530 u0 ReceiverList{43cdf3c8 1247 com.android.systemui/1000/u0 remote:43959168}}: BroadcastRecord{43bead60 u-1 android.intent.action.TIME_TICK}
08-06 07:55:00.052 V/BroadcastQueue( 1119): Delivering ordered [foreground] to registered BroadcastFilter{43d557d0 u0 ReceiverList{43a645c0 1247 com.android.systemui/1000/u0 remote:43a606f8}}: BroadcastRecord{43bead60 u-1 android.intent.action.TIME_TICK}
08-06 07:55:00.052 V/BroadcastQueue( 1119): Delivering ordered [foreground] to registered BroadcastFilter{43d4ee70 u0 ReceiverList{43a527a0 1247 com.android.systemui/1000/u0 remote:43a49538}}: BroadcastRecord{43bead60 u-1 android.intent.action.TIME_TICK}
08-06 07:55:00.062 V/BroadcastQueue( 1119): Finished with ordered broadcast BroadcastRecord{43bead60 u-1 android.intent.action.TIME_TICK}
08-06 07:55:02.292 V/BroadcastQueue( 1119): Processing ordered broadcast [background] BroadcastRecord{43633ec8 u-1 android.net.wifi.SCAN_RESULTS}
08-06 07:55:02.292 V/BroadcastQueue( 1119): Delivering to component ComponentInfo{com.eg.android.AlipayGphone/com.alipay.android.phone.nfd.nfdservice.ui.app.NfdReceiver}: BroadcastRecord{43633ec8 u-1 android.net.wifi.SCAN_RESULTS}
08-06 07:55:02.292 V/BroadcastQueue( 1119): Process cur broadcast BroadcastRecord{43633ec8 u-1 android.net.wifi.SCAN_RESULTS} DELIVERED for app ProcessRecord{42cd87c8 26028:com.alipay.pushservice/u0a72}
08-06 07:55:02.312 V/BroadcastQueue( 1119): Delivering to component ComponentInfo{com.android.settings/com.android.settings.MiuiSettingsReceiver}: BroadcastRecord{43633ec8 u-1 android.net.wifi.SCAN_RESULTS}
08-06 07:55:02.312 V/BroadcastQueue( 1119): Process cur broadcast BroadcastRecord{43633ec8 u-1 android.net.wifi.SCAN_RESULTS} DELIVERED for app ProcessRecord{4258c9c8 1551:com.android.settings/1000}
08-06 07:55:02.322 V/BroadcastQueue( 1119): Delivering to component ComponentInfo{com.qualcomm.msapm/com.qualcomm.msapm.MSAPMReceiver}: BroadcastRecord{43633ec8 u-1 android.net.wifi.SCAN_RESULTS}
08-06 07:55:02.322 V/BroadcastQueue( 1119): Process cur broadcast BroadcastRecord{43633ec8 u-1 android.net.wifi.SCAN_RESULTS} DELIVERED for app ProcessRecord{42bb05c0 1446:com.qualcomm.services.location/1000}
08-06 07:55:02.322 V/BroadcastQueue( 1119): Finished with ordered broadcast BroadcastRecord{43633ec8 u-1 android.net.wifi.SCAN_RESULTS}
08-06 07:55:02.982 V/BroadcastQueue( 1119): Processing ordered broadcast [background] BroadcastRecord{42e96680 u0 null}
08-06 07:55:02.982 V/BroadcastQueue( 1119): Need to start app [background] com.miui.providers.weather:receiverupdateweather for broadcast BroadcastRecord{42e96680 u0 null}
08-06 07:55:02.992 I/ActivityManager( 1119): Start proc com.miui.providers.weather:receiverupdateweather for broadcast com.miui.providers.weather/.ReceiverUpdateWeather: pid=7743 uid=10065 gids={50065, 3003}
08-06 07:55:03.022 V/BroadcastQueue( 1119): Delivering to component ComponentInfo{com.miui.providers.weather/com.miui.providers.weather.ReceiverUpdateWeather}: BroadcastRecord{42e96680 u0 null}
08-06 07:55:03.022 V/BroadcastQueue( 1119): Process cur broadcast BroadcastRecord{42e96680 u0 null} DELIVERED for app ProcessRecord{42e973c0 7743:com.miui.providers.weather:receiverupdateweather/u0a65}
08-06 07:55:03.132 I/ActivityManager( 1119): Start proc com.miui.weather2:weatherservice for service com.miui.weather2/.service.UpdateService: pid=7762 uid=10064 gids={50064, 3003, 1028, 1015}
08-06 07:55:03.152 I/ActivityManager( 1119): Process com.miui.providers.weather:receiverupdateweather (pid 7743) has died.
08-06 07:55:03.212 V/BroadcastQueue( 1119): Finished with ordered broadcast BroadcastRecord{42e96680 u0 null}
08-06 07:55:03.212 V/BroadcastQueue( 1119): Processing ordered broadcast [background] BroadcastRecord{42e98228 u0 com.ucmed.push.action.PUSH_KEEP}
08-06 07:55:03.212 V/BroadcastQueue( 1119): Delivering to component ComponentInfo{zj.health.zyyy/com.ucmed.push.receiver.PushReceiver}: BroadcastRecord{42e98228 u0 com.ucmed.push.action.PUSH_KEEP}
08-06 07:55:03.212 V/BroadcastQueue( 1119): Process cur broadcast BroadcastRecord{42e98228 u0 com.ucmed.push.action.PUSH_KEEP} DELIVERED for app ProcessRecord{43c986b0 22269:zj.health.zyyy:push/u0a153}
08-06 07:55:03.242 V/BroadcastQueue( 1119): Finished with ordered broadcast BroadcastRecord{42e98228 u0 com.ucmed.push.action.PUSH_KEEP}
08-06 07:55:03.242 V/BroadcastQueue( 1119): Finished with ordered broadcast BroadcastRecord{43b09c08 u0 agoo_action_heart}
08-06 07:55:05.032 W/ProcessCpuTracker( 1119): Skipping unknown process pid 7795
08-06 07:55:06.742 I/ActivityManager( 1119): START u0 {cmp=com.xiangrui.android.album/.ui.AlbumActivity (has extras)} from pid 5861
08-06 07:55:11.782 W/ProcessCpuTracker( 1119): Skipping unknown process pid 7862
08-06 07:55:11.782 W/ProcessCpuTracker( 1119): Skipping unknown process pid 7863
08-06 07:55:11.782 W/ProcessCpuTracker( 1119): Skipping unknown process pid 7868
08-06 07:55:11.832 I/ActivityManager( 1119): START u0 {cmp=com.xiangrui.android.album/.ui.ImageDetailActivity (has extras)} from pid 5861
08-06 07:55:12.012 D/PhoneStatusBar( 1247): disable: < expand icons alerts ticker system_info back home recent clock >
08-06 07:55:12.322 V/BroadcastQueue( 1119): Processing ordered broadcast [background] BroadcastRecord{435afbe8 u-1 android.net.wifi.SCAN_RESULTS}
08-06 07:55:12.322 V/BroadcastQueue( 1119): Delivering to component ComponentInfo{com.eg.android.AlipayGphone/com.alipay.android.phone.nfd.nfdservice.ui.app.NfdReceiver}: BroadcastRecord{435afbe8 u-1 android.net.wifi.SCAN_RESULTS}
08-06 07:55:12.322 V/BroadcastQueue( 1119): Process cur broadcast BroadcastRecord{435afbe8 u-1 android.net.wifi.SCAN_RESULTS} DELIVERED for app ProcessRecord{42cd87c8 26028:com.alipay.pushservice/u0a72}
08-06 07:55:12.382 V/BroadcastQueue( 1119): Delivering to component ComponentInfo{com.android.settings/com.android.settings.MiuiSettingsReceiver}: BroadcastRecord{435afbe8 u-1 android.net.wifi.SCAN_RESULTS}
08-06 07:55:12.382 V/BroadcastQueue( 1119): Process cur broadcast BroadcastRecord{435afbe8 u-1 android.net.wifi.SCAN_RESULTS} DELIVERED for app ProcessRecord{4258c9c8 1551:com.android.settings/1000}
08-06 07:55:12.392 V/BroadcastQueue( 1119): Delivering to component ComponentInfo{com.qualcomm.msapm/com.qualcomm.msapm.MSAPMReceiver}: BroadcastRecord{435afbe8 u-1 android.net.wifi.SCAN_RESULTS}
08-06 07:55:12.392 V/BroadcastQueue( 1119): Process cur broadcast BroadcastRecord{435afbe8 u-1 android.net.wifi.SCAN_RESULTS} DELIVERED for app ProcessRecord{42bb05c0 1446:com.qualcomm.services.location/1000}
08-06 07:55:12.392 V/BroadcastQueue( 1119): Finished with ordered broadcast BroadcastRecord{435afbe8 u-1 android.net.wifi.SCAN_RESULTS}
08-06 07:55:13.232 D/PhoneStatusBar( 1247): disable: < expand icons alerts ticker system_info back home recent clock >
08-06 07:55:22.312 V/BroadcastQueue( 1119): Processing ordered broadcast [background] BroadcastRecord{42ea64c0 u-1 android.net.wifi.SCAN_RESULTS}
08-06 07:55:22.322 V/BroadcastQueue( 1119): Delivering to component ComponentInfo{com.eg.android.AlipayGphone/com.alipay.android.phone.nfd.nfdservice.ui.app.NfdReceiver}: BroadcastRecord{42ea64c0 u-1 android.net.wifi.SCAN_RESULTS}
08-06 07:55:22.322 V/BroadcastQueue( 1119): Process cur broadcast BroadcastRecord{42ea64c0 u-1 android.net.wifi.SCAN_RESULTS} DELIVERED for app ProcessRecord{42cd87c8 26028:com.alipay.pushservice/u0a72}
08-06 07:55:22.382 V/BroadcastQueue( 1119): Delivering to component ComponentInfo{com.android.settings/com.android.settings.MiuiSettingsReceiver}: BroadcastRecord{42ea64c0 u-1 android.net.wifi.SCAN_RESULTS}
08-06 07:55:22.382 V/BroadcastQueue( 1119): Process cur broadcast BroadcastRecord{42ea64c0 u-1 android.net.wifi.SCAN_RESULTS} DELIVERED for app ProcessRecord{4258c9c8 1551:com.android.settings/1000}
08-06 07:55:22.382 V/BroadcastQueue( 1119): Delivering to component ComponentInfo{com.qualcomm.msapm/com.qualcomm.msapm.MSAPMReceiver}: BroadcastRecord{42ea64c0 u-1 android.net.wifi.SCAN_RESULTS}
08-06 07:55:22.382 V/BroadcastQueue( 1119): Process cur broadcast BroadcastRecord{42ea64c0 u-1 android.net.wifi.SCAN_RESULTS} DELIVERED for app ProcessRecord{42bb05c0 1446:com.qualcomm.services.location/1000}
08-06 07:55:22.382 V/BroadcastQueue( 1119): Finished with ordered broadcast BroadcastRecord{42ea64c0 u-1 android.net.wifi.SCAN_RESULTS}
08-06 07:55:22.882 D/PhoneStatusBar( 1247): disable: < expand icons alerts ticker system_info back home recent clock >
08-06 07:55:25.502 I/ActivityManager( 1119): START u0 {act=android.intent.action.MAIN cat=[android.intent.category.LAUNCHER] flg=0x10200000 cmp=com.xiangrui.android.album/.ui.Welcome bnds=[828,993][1020,1185]} from pid 1489
08-06 07:55:25.532 D/PhoneStatusBar( 1247): disable: < expand icons alerts ticker system_info back home recent clock >
08-06 07:55:25.562 V/BroadcastQueue( 1119): Processing ordered broadcast [background] BroadcastRecord{42db1de8 u0 com.igexin.sdk.action.ZmljKaXBIa9kmc9U01RYE6}
08-06 07:55:25.562 V/BroadcastQueue( 1119): Delivering to component ComponentInfo{com.xiangrui.android.album/com.igexin.getuiext.service.PayloadReceiver}: BroadcastRecord{42db1de8 u0 com.igexin.sdk.action.ZmljKaXBIa9kmc9U01RYE6}
08-06 07:55:25.562 V/BroadcastQueue( 1119): Process cur broadcast BroadcastRecord{42db1de8 u0 com.igexin.sdk.action.ZmljKaXBIa9kmc9U01RYE6} DELIVERED for app ProcessRecord{43cf8db8 5861:com.xiangrui.android.album/u0a147}
08-06 07:55:25.602 D/PhoneStatusBar( 1247): disable: < expand icons alerts ticker system_info back home recent clock >
08-06 07:55:25.612 V/BroadcastQueue( 1119): Finished with ordered broadcast BroadcastRecord{42db1de8 u0 com.igexin.sdk.action.ZmljKaXBIa9kmc9U01RYE6}
08-06 07:55:26.562 I/ActivityManager( 1119): START u0 {flg=0x4008000 cmp=com.xiangrui.android.album/.ui.AlbumAppMainActivity} from pid 5861
08-06 07:55:26.802 D/PhoneStatusBar( 1247): disable: < expand icons alerts ticker system_info back home recent clock >
--------- beginning of /dev/log/main
08-06 07:55:29.622 W/System.err( 5861): 	at libcore.io.IoBridge.connect(IoBridge.java:112)
08-06 07:55:29.622 W/System.err( 5861): 	... 21 more
08-06 07:55:29.622 E/DF      ( 5861): get full.json from http://192.168.0.104:3000/full.json has error
08-06 07:55:29.622 E/DF      ( 5861): java.net.ConnectException: failed to connect to /192.168.0.104 (port 3000): connect failed: EHOSTUNREACH (No route to host)
08-06 07:55:29.622 E/DF      ( 5861): 	at libcore.io.IoBridge.connect(IoBridge.java:114)
08-06 07:55:29.622 E/DF      ( 5861): 	at java.net.PlainSocketImpl.connect(PlainSocketImpl.java:192)
08-06 07:55:29.622 E/DF      ( 5861): 	at java.net.PlainSocketImpl.connect(PlainSocketImpl.java:460)
08-06 07:55:29.622 E/DF      ( 5861): 	at java.net.Socket.connect(Socket.java:833)
08-06 07:55:29.622 E/DF      ( 5861): 	at com.squareup.okhttp.internal.Platform$Android.connectSocket(Platform.java:220)
08-06 07:55:29.622 E/DF      ( 5861): 	at com.squareup.okhttp.Connection.connect(Connection.java:148)
08-06 07:55:29.622 E/DF      ( 5861): 	at com.squareup.okhttp.OkHttpClient$1.connect(OkHttpClient.java:84)
08-06 07:55:29.622 E/DF      ( 5861): 	at com.squareup.okhttp.internal.http.HttpEngine.connect(HttpEngine.java:321)
08-06 07:55:29.622 E/DF      ( 5861): 	at com.squareup.okhttp.internal.http.HttpEngine.sendRequest(HttpEngine.java:241)
08-06 07:55:29.622 E/DF      ( 5861): 	at com.squareup.okhttp.Call.getResponse(Call.java:198)
08-06 07:55:29.622 E/DF      ( 5861): 	at com.squareup.okhttp.Call.execute(Call.java:80)
08-06 07:55:29.622 E/DF      ( 5861): 	at com.xiangrui.android.album.provider.DataFactory.get(DataFactory.java:58)
08-06 07:55:29.622 E/DF      ( 5861): 	at com.xiangrui.android.album.provider.DataFactory.fetechFromInternet(DataFactory.java:151)
08-06 07:55:29.622 E/DF      ( 5861): 	at com.xiangrui.android.album.provider.DataFactory.getFullJson(DataFactory.java:96)
08-06 07:55:29.622 E/DF      ( 5861): 	at com.xiangrui.android.album.ui.AlbumAppMainActivity$FullJsonGetter.doInBackground(AlbumAppMainActivity.java:170)
08-06 07:55:29.622 E/DF      ( 5861): 	at com.xiangrui.android.album.ui.BaseTask.doInBackground(BaseTask.java:1)
08-06 07:55:29.622 E/DF      ( 5861): 	at android.os.AsyncTask$2.call(AsyncTask.java:288)
08-06 07:55:29.622 E/DF      ( 5861): 	at java.util.concurrent.FutureTask.run(FutureTask.java:237)
08-06 07:55:29.622 E/DF      ( 5861): 	at android.os.AsyncTask$SerialExecutor$1.run(AsyncTask.java:231)
08-06 07:55:29.622 E/DF      ( 5861): 	at java.util.concurrent.ThreadPoolExecutor.runWorker(ThreadPoolExecutor.java:1112)
08-06 07:55:29.622 E/DF      ( 5861): 	at java.util.concurrent.ThreadPoolExecutor$Worker.run(ThreadPoolExecutor.java:587)
08-06 07:55:29.622 E/DF      ( 5861): 	at java.lang.Thread.run(Thread.java:841)
08-06 07:55:29.622 E/DF      ( 5861): Caused by: libcore.io.ErrnoException: connect failed: EHOSTUNREACH (No route to host)
08-06 07:55:29.622 E/DF      ( 5861): 	at libcore.io.Posix.connect(Native Method)
08-06 07:55:29.622 E/DF      ( 5861): 	at libcore.io.BlockGuardOs.connect(BlockGuardOs.java:85)
08-06 07:55:29.622 E/DF      ( 5861): 	at libcore.io.IoBridge.connectErrno(IoBridge.java:127)
08-06 07:55:29.622 E/DF      ( 5861): 	at libcore.io.IoBridge.connect(IoBridge.java:112)
08-06 07:55:29.622 E/DF      ( 5861): 	... 21 more
08-06 07:55:29.712 W/System.err( 5861): java.lang.NullPointerException
08-06 07:55:29.712 W/System.err( 5861): 	at com.xiangrui.android.album.ui.BaseTask.onPostExecute(BaseTask.java:31)
08-06 07:55:29.712 W/System.err( 5861): 	at com.xiangrui.android.album.ui.AlbumAppMainActivity$FullJsonGetter.onPostExecute(AlbumAppMainActivity.java:176)
08-06 07:55:29.712 W/System.err( 5861): 	at com.xiangrui.android.album.ui.BaseTask.onPostExecute(BaseTask.java:1)
08-06 07:55:29.712 W/System.err( 5861): 	at android.os.AsyncTask.finish(AsyncTask.java:632)
08-06 07:55:29.712 W/System.err( 5861): 	at android.os.AsyncTask.access$600(AsyncTask.java:177)
08-06 07:55:29.712 W/System.err( 5861): 	at android.os.AsyncTask$InternalHandler.handleMessage(AsyncTask.java:645)
08-06 07:55:29.712 D/DF      ( 5861): get url:http://192.168.0.104:3000/download?version=1
08-06 07:55:29.712 W/System.err( 5861): 	at android.os.Handler.dispatchMessage(Handler.java:102)
08-06 07:55:29.712 W/System.err( 5861): 	at android.os.Looper.loop(Looper.java:136)
08-06 07:55:29.712 W/System.err( 5861): 	at android.app.ActivityThread.main(ActivityThread.java:5050)
08-06 07:55:29.712 W/System.err( 5861): 	at java.lang.reflect.Method.invokeNative(Native Method)
08-06 07:55:29.712 W/System.err( 5861): 	at java.lang.reflect.Method.invoke(Method.java:515)
08-06 07:55:29.722 W/System.err( 5861): 	at com.android.internal.os.ZygoteInit$MethodAndArgsCaller.run(ZygoteInit.java:805)
08-06 07:55:29.722 W/System.err( 5861): 	at com.android.internal.os.ZygoteInit.main(ZygoteInit.java:621)
08-06 07:55:29.722 W/System.err( 5861): 	at dalvik.system.NativeStart.main(Native Method)
08-06 07:55:29.722 D/andymao ( 5861): [{_id:53a438406cc4cd870516b240}, {_id:53a438496cc4cd870516b241}, {_id:53a4384f6cc4cd870516b242}, {_id:53a4385d6cc4cd870516b243}, {_id:53a43c98a7ce030000e7a217}, {_id:53a442383df4680000013614}, {_id:53a4429e847b6200001c2202}]
08-06 07:55:29.722 W/mColWidth( 5861): 540 0
08-06 07:55:29.722 W/mColWidth( 5861): 540 540
08-06 07:55:29.722 E/RecyclingImageView( 5861): !!!notifyDrawable not work
08-06 07:55:29.722 E/RecyclingImageView( 5861): drawable instanceof LayerDrawable
08-06 07:55:29.722 E/RecyclingImageView( 5861): !!!notifyDrawable not work
08-06 07:55:29.722 E/RecyclingImageView( 5861): drawable instanceof RecyclingBitmapDrawable
08-06 07:55:29.722 E/RecyclingImageView( 5861): !!!notifyDrawable not work
08-06 07:55:29.722 E/RecyclingImageView( 5861): drawable instanceof RecyclingBitmapDrawable
08-06 07:55:29.722 I/XiaomiFirewall( 2138): firewall pkgName:com.xiangrui.android.album, result:0
08-06 07:55:29.722 E/RecyclingImageView( 5861): !!!notifyDrawable not work
08-06 07:55:29.722 E/RecyclingImageView( 5861): drawable instanceof RecyclingBitmapDrawable
08-06 07:55:29.722 E/RecyclingImageView( 5861): !!!notifyDrawable not work
08-06 07:55:29.722 E/RecyclingImageView( 5861): drawable instanceof LayerDrawable
08-06 07:55:29.722 E/RecyclingImageView( 5861): !!!notifyDrawable not work
08-06 07:55:29.722 E/RecyclingImageView( 5861): drawable instanceof RecyclingBitmapDrawable
08-06 07:55:29.722 E/RecyclingImageView( 5861): !!!notifyDrawable not work
08-06 07:55:29.722 E/RecyclingImageView( 5861): drawable instanceof RecyclingBitmapDrawable
08-06 07:55:29.722 D/ImageCache( 5861): Disk cache flushed
08-06 07:55:29.722 D/ImageFetcher( 5861): HTTP cache flushed
08-06 07:55:29.722 E/RecyclingImageView( 5861): !!!notifyDrawable not work
08-06 07:55:29.722 E/RecyclingImageView( 5861): drawable instanceof RecyclingBitmapDrawable
08-06 07:55:29.722 E/RecyclingImageView( 5861): !!!notifyDrawable not work
08-06 07:55:29.722 E/RecyclingImageView( 5861): drawable instanceof RecyclingBitmapDrawable
08-06 07:55:29.722 E/RecyclingImageView( 5861): !!!notifyDrawable not work
08-06 07:55:29.722 E/RecyclingImageView( 5861): drawable instanceof RecyclingBitmapDrawable
08-06 07:55:29.722 W/mColWidth( 5861): 540 0
08-06 07:55:29.722 E/RecyclingImageView( 5861): !!!notifyDrawable not work
08-06 07:55:29.722 E/RecyclingImageView( 5861): drawable instanceof LayerDrawable
08-06 07:55:29.722 E/RecyclingImageView( 5861): !!!notifyDrawable not work
08-06 07:55:29.722 E/RecyclingImageView( 5861): drawable instanceof RecyclingBitmapDrawable
08-06 07:55:29.732 D/ImageCache( 5861): Disk cache flushed
08-06 07:55:29.732 D/ImageFetcher( 5861): HTTP cache flushed
08-06 07:55:29.752 D/ImageCache( 5861): Memory cache hit
08-06 07:55:29.752 E/RecyclingImageView( 5861): drawable instanceof RecyclingBitmapDrawable
08-06 07:55:29.752 E/RecyclingImageView( 5861): !!!notifyDrawable not work
08-06 07:55:29.752 D/ImageCache( 5861): Memory cache hit
08-06 07:55:29.752 E/RecyclingImageView( 5861): drawable instanceof RecyclingBitmapDrawable
08-06 07:55:29.752 E/RecyclingImageView( 5861): !!!notifyDrawable not work
08-06 07:55:29.762 D/ImageCache( 5861): Memory cache hit
08-06 07:55:29.762 E/RecyclingImageView( 5861): drawable instanceof RecyclingBitmapDrawable
08-06 07:55:29.762 E/RecyclingImageView( 5861): !!!notifyDrawable not work
08-06 07:55:29.762 D/ImageCache( 5861): Memory cache hit
08-06 07:55:29.762 E/RecyclingImageView( 5861): drawable instanceof RecyclingBitmapDrawable
08-06 07:55:29.762 E/RecyclingImageView( 5861): !!!notifyDrawable not work
08-06 07:55:29.772 D/ImageCache( 5861): Memory cache hit
08-06 07:55:29.772 E/RecyclingImageView( 5861): drawable instanceof RecyclingBitmapDrawable
08-06 07:55:29.772 E/RecyclingImageView( 5861): !!!notifyDrawable not work
08-06 07:55:29.772 D/ImageCache( 5861): Memory cache hit
08-06 07:55:29.772 E/RecyclingImageView( 5861): drawable instanceof RecyclingBitmapDrawable
08-06 07:55:29.772 E/RecyclingImageView( 5861): !!!notifyDrawable not work
08-06 07:55:31.142 D/wpa_supplicant( 1327): RX ctrl_iface - hexdump(len=14): 53 43 41 4e 20 54 59 50 45 3d 4f 4e 4c 59
08-06 07:55:31.142 D/wpa_supplicant( 1327): wlan0: Control interface command 'SCAN TYPE=ONLY'
08-06 07:55:31.142 D/wpa_supplicant( 1327): wlan0: Setting scan request: 0 sec 0 usec
08-06 07:55:31.142 D/wpa_supplicant( 1327): wlan0: Starting AP scan for wildcard SSID
08-06 07:55:31.142 D/wpa_supplicant( 1327): wlan0: nl80211: scan request
08-06 07:55:31.142 D/wpa_supplicant( 1327): nl80211: Scan SSID - hexdump(len=0): [NULL]
08-06 07:55:31.142 D/wpa_supplicant( 1327): Scan requested (ret=0) - scan timeout 30 seconds
08-06 07:55:31.142 D/wpa_supplicant( 1327): nl80211: Event message available
08-06 07:55:31.142 D/wpa_supplicant( 1327): nl80211: Drv Event 33 (NL80211_CMD_TRIGGER_SCAN) received for wlan0
08-06 07:55:31.142 D/wpa_supplicant( 1327): wlan0: nl80211: Scan trigger
08-06 07:55:31.142 D/wpa_supplicant( 1327): wlan0: Event SCAN_STARTED (57) received
08-06 07:55:31.142 D/wpa_supplicant( 1327): wlan0: Own scan request started a scan
08-06 07:55:31.142 I/wpa_supplicant( 1327): wlan0: CTRL-EVENT-SCAN-STARTED 
08-06 07:55:31.142 D/wpa_supplicant( 1327): CTRL_IFACE monitor send - hexdump(len=40): 2f 64 61 74 61 2f 6d 69 73 63 2f 77 69 66 69 2f 73 6f 63 6b 65 74 73 2f 77 70 61 5f 63 74 72 6c ...
08-06 07:55:32.222 D/wpa_supplicant( 1327): RX ctrl_iface - hexdump(len=11): 53 49 47 4e 41 4c 5f 50 4f 4c 4c
08-06 07:55:32.222 D/wpa_supplicant( 1327): wlan0: Control interface command 'SIGNAL_POLL'
08-06 07:55:32.292 D/wpa_supplicant( 1327): nl80211: survey data missing!
08-06 07:55:32.292 D/wpa_supplicant( 1327): nl80211: Event message available
08-06 07:55:32.292 D/wpa_supplicant( 1327): nl80211: Drv Event 34 (NL80211_CMD_NEW_SCAN_RESULTS) received for wlan0
08-06 07:55:32.292 D/wpa_supplicant( 1327): wlan0: nl80211: New scan results available
08-06 07:55:32.292 D/wpa_supplicant( 1327): wlan0: Event SCAN_RESULTS (3) received
08-06 07:55:32.292 D/wpa_supplicant( 1327): nl80211: Associated on 2447 MHz
08-06 07:55:32.292 D/wpa_supplicant( 1327): nl80211: Associated with c8:3a:35:46:3d:b8
08-06 07:55:32.292 D/wpa_supplicant( 1327): nl80211: Received scan results (9 BSSes)
08-06 07:55:32.302 D/wpa_supplicant( 1327): nl80211: Survey data missing
08-06 07:55:32.302 D/wpa_supplicant( 1327): nl80211: Scan results indicate BSS status with c8:3a:35:46:3d:b8 as associated
08-06 07:55:32.302 D/wpa_supplicant( 1327): wlan0: BSS: Start scan result update 4199
08-06 07:55:32.302 D/wpa_supplicant( 1327): wlan0: BSS: Add new id 6128 BSSID 0c:72:2c:e2:58:c6 SSID 'TP-LINK_E258C6'
08-06 07:55:32.302 D/wpa_supplicant( 1327): CTRL_IFACE monitor send - hexdump(len=40): 2f 64 61 74 61 2f 6d 69 73 63 2f 77 69 66 69 2f 73 6f 63 6b 65 74 73 2f 77 70 61 5f 63 74 72 6c ...
08-06 07:55:32.302 D/wpa_supplicant( 1327): BSS: last_scan_res_used=9/64 last_scan_full=0
08-06 07:55:32.302 D/wpa_supplicant( 1327): wlan0: Scan-only results received
08-06 07:55:32.302 D/wpa_supplicant( 1327): CTRL_IFACE monitor send - hexdump(len=40): 2f 64 61 74 61 2f 6d 69 73 63 2f 77 69 66 69 2f 73 6f 63 6b 65 74 73 2f 77 70 61 5f 63 74 72 6c ...
08-06 07:55:32.302 D/wpa_supplicant( 1327): wlan0: P2P: Station mode scan operation not pending anymore (sta_scan_pending=0 p2p_cb_on_scan_complete=0)
08-06 07:55:32.302 D/wpa_supplicant( 1327): nl80211: Drv Event 32 (NL80211_CMD_GET_SCAN) received for wlan0
08-06 07:55:32.302 D/wpa_supplicant( 1327): wlan0: nl80211: Ignored unknown event (cmd=32)
08-06 07:55:32.302 D/wpa_supplicant( 1327): RTM_NEWLINK: operstate=1 ifi_flags=0x11043 ([UP][RUNNING][LOWER_UP])
08-06 07:55:32.302 D/wpa_supplicant( 1327): RTM_NEWLINK, IFLA_IFNAME: Interface 'wlan0' added
08-06 07:55:32.302 D/wpa_supplicant( 1327): nl80211: if_removed already cleared - ignore event
08-06 07:55:32.302 D/wpa_supplicant( 1327): RX ctrl_iface - hexdump(len=25): 42 53 53 20 52 41 4e 47 45 3d 30 2d 20 4d 41 53 4b 3d 30 78 32 33 39 38 37
08-06 07:55:32.302 D/wpa_supplicant( 1327): wlan0: Control interface command 'BSS RANGE=0- MASK=0x23987'
08-06 07:55:32.312 D/LBSSystemMonitorService( 1119): handleMessage what - 4
08-06 07:55:32.312 D/Wiper_jni( 1119): Send Network Location.
08-06 07:55:32.312 E/LocSvc_utils_q( 1119): D/msg_q_snd: Sending message with handle = 0x7C7DC908
08-06 07:55:32.312 E/LocSvc_utils_ll( 1119): D/linked_list_add: Adding to list data_obj = 0x7C7DC908
08-06 07:55:32.312 E/LocSvc_utils_q( 1119): D/msg_q_snd: Finished Sending message with handle = 0x7C7DC908
08-06 07:55:32.312 E/LocSvc_utils_ll( 1119): D/linked_list_remove: Removing from list
08-06 07:55:32.312 E/LocSvc_utils_q( 1119): D/msg_q_rcv: Received message 0x7C7DC908 rv = 0
08-06 07:55:32.312 E/LocSvc_api_v02( 1119): I/---> locClientSendReq line 2360 QMI_LOC_INJECT_WIFI_POSITION_REQ_V02
08-06 07:55:32.312 V/BroadcastQueue( 1119): Processing ordered broadcast [background] BroadcastRecord{428f2370 u-1 android.net.wifi.SCAN_RESULTS}
08-06 07:55:32.322 E/LocSvc_ApiV02( 1119): I/<--- void globalRespCb(locClientHandleType, uint32_t, locClientRespIndUnionType, void*) line 106 QMI_LOC_INJECT_WIFI_POSITION_REQ_V02
08-06 07:55:32.322 E/LocSvc_api_v02( 1119): D/loc_free_slot:299]: freeing slot 0
08-06 07:55:32.322 E/LocSvc_MsgTask( 1119): D/MsgTask::loop() 5295 listening ...
08-06 07:55:32.322 E/LocSvc_utils_q( 1119): D/msg_q_rcv: Waiting on message
08-06 07:55:32.322 V/BroadcastQueue( 1119): Delivering to component ComponentInfo{com.eg.android.AlipayGphone/com.alipay.android.phone.nfd.nfdservice.ui.app.NfdReceiver}: BroadcastRecord{428f2370 u-1 android.net.wifi.SCAN_RESULTS}
08-06 07:55:32.322 V/BroadcastQueue( 1119): Process cur broadcast BroadcastRecord{428f2370 u-1 android.net.wifi.SCAN_RESULTS} DELIVERED for app ProcessRecord{42cd87c8 26028:com.alipay.pushservice/u0a72}
08-06 07:55:32.332 I/ProcessStatsService( 1119): Prepared write state in 16ms
08-06 07:55:32.362 E/ThermalEngine(  404): Unable to read max frequency from online cpu.
08-06 07:55:32.362 E/ThermalEngine(  404): Failed to set desired CPU[1] frequency limit to 1497600
08-06 07:55:32.372 I/ProcessStatsService( 1119): Pruning old procstats: /data/system/procstats/state-2014-08-04-14-06-35.bin
08-06 07:55:32.382 W/ContextImpl(26028): Implicit intents with startService are not safe: Intent { act=com.eg.android.AlipayGphone.push.action.NotificationService } android.content.ContextWrapper.startService:494 android.content.ContextWrapper.startService:494 com.alipay.android.phone.nfd.nfdservice.ui.app.NfdReceiver.onReceive:-1 
08-06 07:55:32.392 V/BroadcastQueue( 1119): Delivering to component ComponentInfo{com.android.settings/com.android.settings.MiuiSettingsReceiver}: BroadcastRecord{428f2370 u-1 android.net.wifi.SCAN_RESULTS}
08-06 07:55:32.392 V/BroadcastQueue( 1119): Process cur broadcast BroadcastRecord{428f2370 u-1 android.net.wifi.SCAN_RESULTS} DELIVERED for app ProcessRecord{4258c9c8 1551:com.android.settings/1000}
08-06 07:55:32.392 V/BroadcastQueue( 1119): Delivering to component ComponentInfo{com.qualcomm.msapm/com.qualcomm.msapm.MSAPMReceiver}: BroadcastRecord{428f2370 u-1 android.net.wifi.SCAN_RESULTS}
08-06 07:55:32.392 V/BroadcastQueue( 1119): Process cur broadcast BroadcastRecord{428f2370 u-1 android.net.wifi.SCAN_RESULTS} DELIVERED for app ProcessRecord{42bb05c0 1446:com.qualcomm.services.location/1000}
08-06 07:55:32.392 V/BroadcastQueue( 1119): Finished with ordered broadcast BroadcastRecord{428f2370 u-1 android.net.wifi.SCAN_RESULTS}
08-06 07:55:32.622 W/System.err( 5861): java.net.ConnectException: failed to connect to /192.168.0.104 (port 3000): connect failed: EHOSTUNREACH (No route to host)
08-06 07:55:32.622 W/System.err( 5861): 	at libcore.io.IoBridge.connect(IoBridge.java:114)
08-06 07:55:32.622 W/System.err( 5861): 	at java.net.PlainSocketImpl.connect(PlainSocketImpl.java:192)
08-06 07:55:32.622 W/System.err( 5861): 	at java.net.PlainSocketImpl.connect(PlainSocketImpl.java:460)
08-06 07:55:32.622 W/System.err( 5861): 	at java.net.Socket.connect(Socket.java:833)
08-06 07:55:32.622 W/System.err( 5861): 	at com.squareup.okhttp.internal.Platform$Android.connectSocket(Platform.java:220)
08-06 07:55:32.622 W/System.err( 5861): 	at com.squareup.okhttp.Connection.connect(Connection.java:148)
08-06 07:55:32.622 W/System.err( 5861): 	at com.squareup.okhttp.OkHttpClient$1.connect(OkHttpClient.java:84)
08-06 07:55:32.622 W/System.err( 5861): 	at com.squareup.okhttp.internal.http.HttpEngine.connect(HttpEngine.java:321)
08-06 07:55:32.622 W/System.err( 5861): 	at com.squareup.okhttp.internal.http.HttpEngine.sendRequest(HttpEngine.java:241)
08-06 07:55:32.622 W/System.err( 5861): 	at com.squareup.okhttp.Call.getResponse(Call.java:198)
08-06 07:55:32.622 W/System.err( 5861): 	at com.squareup.okhttp.Call.execute(Call.java:80)
08-06 07:55:32.622 W/System.err( 5861): 	at com.xiangrui.android.album.provider.DataFactory.get(DataFactory.java:58)
08-06 07:55:32.622 W/System.err( 5861): 	at com.xiangrui.android.album.ui.Updater.doInBackground(Updater.java:42)
08-06 07:55:32.622 W/System.err( 5861): 	at com.xiangrui.android.album.ui.BaseTask.doInBackground(BaseTask.java:1)
08-06 07:55:32.622 W/System.err( 5861): 	at android.os.AsyncTask$2.call(AsyncTask.java:288)
08-06 07:55:32.622 W/System.err( 5861): 	at java.util.concurrent.FutureTask.run(FutureTask.java:237)
08-06 07:55:32.622 W/System.err( 5861): 	at android.os.AsyncTask$SerialExecutor$1.run(AsyncTask.java:231)
08-06 07:55:32.622 W/System.err( 5861): 	at java.util.concurrent.ThreadPoolExecutor.runWorker(ThreadPoolExecutor.java:1112)
08-06 07:55:32.622 W/System.err( 5861): 	at java.util.concurrent.ThreadPoolExecutor$Worker.run(ThreadPoolExecutor.java:587)
08-06 07:55:32.622 W/System.err( 5861): 	at java.lang.Thread.run(Thread.java:841)
08-06 07:55:32.622 W/System.err( 5861): Caused by: libcore.io.ErrnoException: connect failed: EHOSTUNREACH (No route to host)
08-06 07:55:32.622 W/System.err( 5861): 	at libcore.io.Posix.connect(Native Method)
08-06 07:55:32.622 W/System.err( 5861): 	at libcore.io.BlockGuardOs.connect(BlockGuardOs.java:85)
08-06 07:55:32.622 W/System.err( 5861): 	at libcore.io.IoBridge.connectErrno(IoBridge.java:127)
08-06 07:55:32.622 W/System.err( 5861): 	at libcore.io.IoBridge.connect(IoBridge.java:112)
08-06 07:55:32.622 W/System.err( 5861): 	... 19 more
08-06 07:55:35.082 I/ThermalEngine(  404): Sensor:tsens_tz_sensor5:55000 mC
08-06 07:55:35.092 I/ThermalEngine(  404): Sensor:tsens_tz_sensor5:55000 mC
08-06 07:55:35.092 I/ThermalEngine(  404): TM Id 'CPU0_MONITOR' Sensor 'cpu0' - alarm cleared 2 at 55.0 degC
08-06 07:55:35.092 I/ThermalEngine(  404): ACTION: CPU - Setting CPU[0] to 1728000
08-06 07:55:35.092 I/ThermalEngine(  404): Mitigation:CPU[0]:1728000 Khz
08-06 07:55:35.092 I/ThermalEngine(  404): ACTION: CPU - Setting CPU[1] to 1728000
08-06 07:55:35.092 I/ThermalEngine(  404): ACTION: CPU - Setting CPU[2] to 1728000
08-06 07:55:35.092 I/ThermalEngine(  404): ACTION: CPU - Setting CPU[3] to 1728000
08-06 07:55:35.092 E/ThermalEngine(  404): Failed to set desired CPU[3] frequency limit to 1728000
08-06 07:55:35.302 D/wpa_supplicant( 1327): RX ctrl_iface - hexdump(len=11): 53 49 47 4e 41 4c 5f 50 4f 4c 4c
08-06 07:55:35.302 D/wpa_supplicant( 1327): wlan0: Control interface command 'SIGNAL_POLL'
08-06 07:55:35.322 D/wpa_supplicant( 1327): nl80211: survey data missing!
08-06 07:55:37.432 D/dalvikvm( 1247): GC_EXPLICIT freed 456K, 24% free 58619K/76956K, paused 2ms+4ms, total 37ms
08-06 07:55:38.322 D/wpa_supplicant( 1327): RX ctrl_iface - hexdump(len=11): 53 49 47 4e 41 4c 5f 50 4f 4c 4c
08-06 07:55:38.322 D/wpa_supplicant( 1327): wlan0: Control interface command 'SIGNAL_POLL'
08-06 07:55:38.342 D/wpa_supplicant( 1327): nl80211: survey data missing!
08-06 07:55:38.402 D/StatusBar.NetworkController( 1247): updateTelephonySignalStrength: mSignalStrength == 7(GSM) 99(CDMA) 255(LTE)
08-06 07:55:41.152 D/wpa_supplicant( 1327): RX ctrl_iface - hexdump(len=14): 53 43 41 4e 20 54 59 50 45 3d 4f 4e 4c 59
08-06 07:55:41.152 D/wpa_supplicant( 1327): wlan0: Control interface command 'SCAN TYPE=ONLY'
08-06 07:55:41.152 D/wpa_supplicant( 1327): wlan0: Setting scan request: 0 sec 0 usec
08-06 07:55:41.152 D/wpa_supplicant( 1327): wlan0: Starting AP scan for wildcard SSID
08-06 07:55:41.152 D/wpa_supplicant( 1327): wlan0: nl80211: scan request
08-06 07:55:41.152 D/wpa_supplicant( 1327): nl80211: Scan SSID - hexdump(len=0): [NULL]
08-06 07:55:41.152 D/wpa_supplicant( 1327): Scan requested (ret=0) - scan timeout 30 seconds
08-06 07:55:41.152 D/wpa_supplicant( 1327): nl80211: Event message available
08-06 07:55:41.152 D/wpa_supplicant( 1327): nl80211: Drv Event 33 (NL80211_CMD_TRIGGER_SCAN) received for wlan0
08-06 07:55:41.152 D/wpa_supplicant( 1327): wlan0: nl80211: Scan trigger
08-06 07:55:41.152 D/wpa_supplicant( 1327): wlan0: Event SCAN_STARTED (57) received
08-06 07:55:41.152 D/wpa_supplicant( 1327): wlan0: Own scan request started a scan
08-06 07:55:41.152 I/wpa_supplicant( 1327): wlan0: CTRL-EVENT-SCAN-STARTED 
08-06 07:55:41.152 D/wpa_supplicant( 1327): CTRL_IFACE monitor send - hexdump(len=40): 2f 64 61 74 61 2f 6d 69 73 63 2f 77 69 66 69 2f 73 6f 63 6b 65 74 73 2f 77 70 61 5f 63 74 72 6c ...
08-06 07:55:41.342 D/wpa_supplicant( 1327): RX ctrl_iface - hexdump(len=11): 53 49 47 4e 41 4c 5f 50 4f 4c 4c
08-06 07:55:41.342 D/wpa_supplicant( 1327): wlan0: Control interface command 'SIGNAL_POLL'
08-06 07:55:42.142 D/wpa_supplicant( 1327): nl80211: survey data missing!
08-06 07:55:42.212 D/wpa_supplicant( 1327): nl80211: Event message available
08-06 07:55:42.212 D/wpa_supplicant( 1327): nl80211: Drv Event 34 (NL80211_CMD_NEW_SCAN_RESULTS) received for wlan0
08-06 07:55:42.212 D/wpa_supplicant( 1327): wlan0: nl80211: New scan results available
08-06 07:55:42.212 D/wpa_supplicant( 1327): wlan0: Event SCAN_RESULTS (3) received
08-06 07:55:42.212 D/wpa_supplicant( 1327): nl80211: Associated on 2447 MHz
08-06 07:55:42.212 D/wpa_supplicant( 1327): nl80211: Associated with c8:3a:35:46:3d:b8
08-06 07:55:42.212 D/wpa_supplicant( 1327): nl80211: Received scan results (7 BSSes)
08-06 07:55:42.212 D/wpa_supplicant( 1327): nl80211: Survey data missing
08-06 07:55:42.212 D/wpa_supplicant( 1327): nl80211: Scan results indicate BSS status with c8:3a:35:46:3d:b8 as associated
08-06 07:55:42.212 D/wpa_supplicant( 1327): wlan0: BSS: Start scan result update 4200
08-06 07:55:42.212 D/wpa_supplicant( 1327): wlan0: BSS: Remove id 6114 BSSID 9c:21:6a:14:da:8c SSID 'MERCURY_14DA8C' due to no match in scan
08-06 07:55:42.212 D/wpa_supplicant( 1327): CTRL_IFACE monitor send - hexdump(len=40): 2f 64 61 74 61 2f 6d 69 73 63 2f 77 69 66 69 2f 73 6f 63 6b 65 74 73 2f 77 70 61 5f 63 74 72 6c ...
08-06 07:55:42.212 D/wpa_supplicant( 1327): wlan0: BSS: Remove id 6117 BSSID 28:2c:b2:de:b3:6e SSID 'MERCURY_DEB36E' due to no match in scan
08-06 07:55:42.212 D/wpa_supplicant( 1327): CTRL_IFACE monitor send - hexdump(len=40): 2f 64 61 74 61 2f 6d 69 73 63 2f 77 69 66 69 2f 73 6f 63 6b 65 74 73 2f 77 70 61 5f 63 74 72 6c ...
08-06 07:55:42.212 D/wpa_supplicant( 1327): BSS: last_scan_res_used=7/64 last_scan_full=0
08-06 07:55:42.212 D/wpa_supplicant( 1327): wlan0: Scan-only results received
08-06 07:55:42.212 D/wpa_supplicant( 1327): CTRL_IFACE monitor send - hexdump(len=40): 2f 64 61 74 61 2f 6d 69 73 63 2f 77 69 66 69 2f 73 6f 63 6b 65 74 73 2f 77 70 61 5f 63 74 72 6c ...
08-06 07:55:42.212 D/wpa_supplicant( 1327): wlan0: P2P: Station mode scan operation not pending anymore (sta_scan_pending=0 p2p_cb_on_scan_complete=0)
08-06 07:55:42.212 D/wpa_supplicant( 1327): nl80211: Drv Event 32 (NL80211_CMD_GET_SCAN) received for wlan0
08-06 07:55:42.212 D/wpa_supplicant( 1327): wlan0: nl80211: Ignored unknown event (cmd=32)
08-06 07:55:42.212 D/wpa_supplicant( 1327): RTM_NEWLINK: operstate=1 ifi_flags=0x11043 ([UP][RUNNING][LOWER_UP])
08-06 07:55:42.212 D/wpa_supplicant( 1327): RTM_NEWLINK, IFLA_IFNAME: Interface 'wlan0' added
08-06 07:55:42.212 D/wpa_supplicant( 1327): nl80211: if_removed already cleared - ignore event
08-06 07:55:42.212 D/wpa_supplicant( 1327): RX ctrl_iface - hexdump(len=25): 42 53 53 20 52 41 4e 47 45 3d 30 2d 20 4d 41 53 4b 3d 30 78 32 33 39 38 37
08-06 07:55:42.212 D/wpa_supplicant( 1327): wlan0: Control interface command 'BSS RANGE=0- MASK=0x23987'
08-06 07:55:42.222 D/LBSSystemMonitorService( 1119): handleMessage what - 4
08-06 07:55:42.222 D/Wiper_jni( 1119): Send Network Location.
08-06 07:55:42.222 E/LocSvc_utils_q( 1119): D/msg_q_snd: Sending message with handle = 0x7C7DC908
08-06 07:55:42.222 E/LocSvc_utils_ll( 1119): D/linked_list_add: Adding to list data_obj = 0x7C7DC908
08-06 07:55:42.222 E/LocSvc_utils_q( 1119): D/msg_q_snd: Finished Sending message with handle = 0x7C7DC908
08-06 07:55:42.222 E/LocSvc_utils_ll( 1119): D/linked_list_remove: Removing from list
08-06 07:55:42.222 E/LocSvc_utils_q( 1119): D/msg_q_rcv: Received message 0x7C7DC908 rv = 0
08-06 07:55:42.222 E/LocSvc_api_v02( 1119): I/---> locClientSendReq line 2360 QMI_LOC_INJECT_WIFI_POSITION_REQ_V02
08-06 07:55:42.222 E/LocSvc_ApiV02( 1119): I/<--- void globalRespCb(locClientHandleType, uint32_t, locClientRespIndUnionType, void*) line 106 QMI_LOC_INJECT_WIFI_POSITION_REQ_V02
08-06 07:55:42.222 E/LocSvc_api_v02( 1119): D/loc_free_slot:299]: freeing slot 0
08-06 07:55:42.222 E/LocSvc_MsgTask( 1119): D/MsgTask::loop() 5296 listening ...
08-06 07:55:42.222 E/LocSvc_utils_q( 1119): D/msg_q_rcv: Waiting on message
08-06 07:55:42.222 V/BroadcastQueue( 1119): Processing ordered broadcast [background] BroadcastRecord{4323f018 u-1 android.net.wifi.SCAN_RESULTS}
08-06 07:55:42.222 V/BroadcastQueue( 1119): Delivering to component ComponentInfo{com.eg.android.AlipayGphone/com.alipay.android.phone.nfd.nfdservice.ui.app.NfdReceiver}: BroadcastRecord{4323f018 u-1 android.net.wifi.SCAN_RESULTS}
08-06 07:55:42.222 V/BroadcastQueue( 1119): Process cur broadcast BroadcastRecord{4323f018 u-1 android.net.wifi.SCAN_RESULTS} DELIVERED for app ProcessRecord{42cd87c8 26028:com.alipay.pushservice/u0a72}
08-06 07:55:42.242 W/ContextImpl(26028): Implicit intents with startService are not safe: Intent { act=com.eg.android.AlipayGphone.push.action.NotificationService } android.content.ContextWrapper.startService:494 android.content.ContextWrapper.startService:494 com.alipay.android.phone.nfd.nfdservice.ui.app.NfdReceiver.onReceive:-1 
08-06 07:55:42.252 V/BroadcastQueue( 1119): Delivering to component ComponentInfo{com.android.settings/com.android.settings.MiuiSettingsReceiver}: BroadcastRecord{4323f018 u-1 android.net.wifi.SCAN_RESULTS}
08-06 07:55:42.252 V/BroadcastQueue( 1119): Process cur broadcast BroadcastRecord{4323f018 u-1 android.net.wifi.SCAN_RESULTS} DELIVERED for app ProcessRecord{4258c9c8 1551:com.android.settings/1000}
08-06 07:55:42.252 V/BroadcastQueue( 1119): Delivering to component ComponentInfo{com.qualcomm.msapm/com.qualcomm.msapm.MSAPMReceiver}: BroadcastRecord{4323f018 u-1 android.net.wifi.SCAN_RESULTS}
08-06 07:55:42.252 V/BroadcastQueue( 1119): Process cur broadcast BroadcastRecord{4323f018 u-1 android.net.wifi.SCAN_RESULTS} DELIVERED for app ProcessRecord{42bb05c0 1446:com.qualcomm.services.location/1000}
08-06 07:55:42.252 V/BroadcastQueue( 1119): Finished with ordered broadcast BroadcastRecord{4323f018 u-1 android.net.wifi.SCAN_RESULTS}
08-06 07:55:45.142 D/wpa_supplicant( 1327): RX ctrl_iface - hexdump(len=11): 53 49 47 4e 41 4c 5f 50 4f 4c 4c
08-06 07:55:45.142 D/wpa_supplicant( 1327): wlan0: Control interface command 'SIGNAL_POLL'
08-06 07:55:45.152 D/wpa_supplicant( 1327): nl80211: survey data missing!
08-06 07:55:47.292 D/dalvikvm( 1351): GC_EXPLICIT freed 1374K, 27% free 22566K/30832K, paused 2ms+3ms, total 30ms
08-06 07:55:48.142 D/charger_monitor(  438): vin current 4300000
08-06 07:55:48.142 D/charger_monitor(  438): exiting: target 0
08-06 07:55:48.162 D/wpa_supplicant( 1327): RX ctrl_iface - hexdump(len=11): 53 49 47 4e 41 4c 5f 50 4f 4c 4c
08-06 07:55:48.162 D/wpa_supplicant( 1327): wlan0: Control interface command 'SIGNAL_POLL'
08-06 07:55:48.172 D/BatteryInfoReceiver( 1637): 现有电量：7
08-06 07:55:48.172 D/wpa_supplicant( 1327): nl80211: survey data missing!
08-06 07:55:48.202 D/BatteryInfoReceiver( 1637): 现有电量：7
08-06 07:55:48.322 D/ImageCache( 5861): Memory cache hit
08-06 07:55:48.322 E/RecyclingImageView( 5861): drawable instanceof RecyclingBitmapDrawable
08-06 07:55:48.322 E/RecyclingImageView( 5861): !!!notifyDrawable not work
08-06 07:55:48.392 D/ImageCache( 5861): Memory cache hit
08-06 07:55:48.392 E/RecyclingImageView( 5861): drawable instanceof RecyclingBitmapDrawable
08-06 07:55:48.392 E/RecyclingImageView( 5861): !!!notifyDrawable not work
08-06 07:55:48.492 D/ImageCache( 5861): Memory cache hit
08-06 07:55:48.492 E/RecyclingImageView( 5861): drawable instanceof RecyclingBitmapDrawable
08-06 07:55:48.492 E/RecyclingImageView( 5861): !!!notifyDrawable not work
08-06 07:55:48.522 E/RecyclingImageView( 5861): !!!notifyDrawable not work
08-06 07:55:48.522 E/RecyclingImageView( 5861): !!!notifyDrawable not work
08-06 07:55:48.522 D/ImageWorker( 5861): doInBackground - starting work
08-06 07:55:48.522 E/RecyclingImageView( 5861): !!!notifyDrawable not work
