08-06 07:56:42.222 D/wpa_supplicant( 1327): CTRL_IFACE monitor send - hexdump(len=40): 2f 64 61 74 61 2f 6d 69 73 63 2f 77 69 66 69 2f 73 6f 63 6b 65 74 73 2f 77 70 61 5f 63 74 72 6c ...
08-06 07:56:42.222 D/wpa_supplicant( 1327): BSS: last_scan_res_used=5/64 last_scan_full=0
08-06 07:56:42.222 D/wpa_supplicant( 1327): wlan0: Scan-only results received
08-06 07:56:42.222 D/wpa_supplicant( 1327): CTRL_IFACE monitor send - hexdump(len=40): 2f 64 61 74 61 2f 6d 69 73 63 2f 77 69 66 69 2f 73 6f 63 6b 65 74 73 2f 77 70 61 5f 63 74 72 6c ...
08-06 07:56:42.222 D/wpa_supplicant( 1327): wlan0: P2P: Station mode scan operation not pending anymore (sta_scan_pending=0 p2p_cb_on_scan_complete=0)
08-06 07:56:42.222 D/wpa_supplicant( 1327): nl80211: Drv Event 32 (NL80211_CMD_GET_SCAN) received for wlan0
08-06 07:56:42.222 D/wpa_supplicant( 1327): wlan0: nl80211: Ignored unknown event (cmd=32)
08-06 07:56:42.222 D/wpa_supplicant( 1327): RTM_NEWLINK: operstate=1 ifi_flags=0x11043 ([UP][RUNNING][LOWER_UP])
08-06 07:56:42.222 D/wpa_supplicant( 1327): RTM_NEWLINK, IFLA_IFNAME: Interface 'wlan0' added
08-06 07:56:42.222 D/wpa_supplicant( 1327): nl80211: if_removed already cleared - ignore event
08-06 07:56:42.222 D/wpa_supplicant( 1327): RX ctrl_iface - hexdump(len=25): 42 53 53 20 52 41 4e 47 45 3d 30 2d 20 4d 41 53 4b 3d 30 78 32 33 39 38 37
08-06 07:56:42.222 D/wpa_supplicant( 1327): wlan0: Control interface command 'BSS RANGE=0- MASK=0x23987'
08-06 07:56:42.232 D/LBSSystemMonitorService( 1119): handleMessage what - 4
08-06 07:56:42.232 D/Wiper_jni( 1119): Send Network Location.
08-06 07:56:42.232 E/LocSvc_utils_q( 1119): D/msg_q_snd: Sending message with handle = 0x7C79A6B8
08-06 07:56:42.232 E/LocSvc_utils_ll( 1119): D/linked_list_add: Adding to list data_obj = 0x7C79A6B8
08-06 07:56:42.232 E/LocSvc_utils_q( 1119): D/msg_q_snd: Finished Sending message with handle = 0x7C79A6B8
08-06 07:56:42.232 E/LocSvc_utils_ll( 1119): D/linked_list_remove: Removing from list
08-06 07:56:42.232 E/LocSvc_utils_q( 1119): D/msg_q_rcv: Received message 0x7C79A6B8 rv = 0
08-06 07:56:42.232 E/LocSvc_api_v02( 1119): I/---> locClientSendReq line 2360 QMI_LOC_INJECT_WIFI_POSITION_REQ_V02
08-06 07:56:42.232 E/LocSvc_ApiV02( 1119): I/<--- void globalRespCb(locClientHandleType, uint32_t, locClientRespIndUnionType, void*) line 106 QMI_LOC_INJECT_WIFI_POSITION_REQ_V02
08-06 07:56:42.232 E/LocSvc_api_v02( 1119): D/loc_free_slot:299]: freeing slot 0
08-06 07:56:42.232 E/LocSvc_MsgTask( 1119): D/MsgTask::loop() 5302 listening ...
08-06 07:56:42.232 E/LocSvc_utils_q( 1119): D/msg_q_rcv: Waiting on message
08-06 07:56:42.232 V/BroadcastQueue( 1119): Processing ordered broadcast [background] BroadcastRecord{43fc9640 u-1 android.net.wifi.SCAN_RESULTS}
08-06 07:56:42.232 V/BroadcastQueue( 1119): Delivering to component ComponentInfo{com.eg.android.AlipayGphone/com.alipay.android.phone.nfd.nfdservice.ui.app.NfdReceiver}: BroadcastRecord{43fc9640 u-1 android.net.wifi.SCAN_RESULTS}
08-06 07:56:42.232 V/BroadcastQueue( 1119): Process cur broadcast BroadcastRecord{43fc9640 u-1 android.net.wifi.SCAN_RESULTS} DELIVERED for app ProcessRecord{42cd87c8 26028:com.alipay.pushservice/u0a72}
08-06 07:56:42.242 W/ContextImpl(26028): Implicit intents with startService are not safe: Intent { act=com.eg.android.AlipayGphone.push.action.NotificationService } android.content.ContextWrapper.startService:494 android.content.ContextWrapper.startService:494 com.alipay.android.phone.nfd.nfdservice.ui.app.NfdReceiver.onReceive:-1 
08-06 07:56:42.252 V/BroadcastQueue( 1119): Delivering to component ComponentInfo{com.android.settings/com.android.settings.MiuiSettingsReceiver}: BroadcastRecord{43fc9640 u-1 android.net.wifi.SCAN_RESULTS}
08-06 07:56:42.252 V/BroadcastQueue( 1119): Process cur broadcast BroadcastRecord{43fc9640 u-1 android.net.wifi.SCAN_RESULTS} DELIVERED for app ProcessRecord{4258c9c8 1551:com.android.settings/1000}
08-06 07:56:42.262 V/BroadcastQueue( 1119): Delivering to component ComponentInfo{com.qualcomm.msapm/com.qualcomm.msapm.MSAPMReceiver}: BroadcastRecord{43fc9640 u-1 android.net.wifi.SCAN_RESULTS}
08-06 07:56:42.262 V/BroadcastQueue( 1119): Process cur broadcast BroadcastRecord{43fc9640 u-1 android.net.wifi.SCAN_RESULTS} DELIVERED for app ProcessRecord{42bb05c0 1446:com.qualcomm.services.location/1000}
08-06 07:56:42.262 V/BroadcastQueue( 1119): Finished with ordered broadcast BroadcastRecord{43fc9640 u-1 android.net.wifi.SCAN_RESULTS}
08-06 07:56:42.702 D/ImageCache( 5861): Memory cache hit
08-06 07:56:42.702 E/RecyclingImageView( 5861): drawable instanceof RecyclingBitmapDrawable
08-06 07:56:42.702 E/RecyclingImageView( 5861): !!!notifyDrawable not work
08-06 07:56:42.702 E/RecyclingImageView( 5861): !!!notifyDrawable not work
08-06 07:56:42.712 E/RecyclingImageView( 5861): drawable instanceof RecyclingBitmapDrawable
08-06 07:56:42.762 E/RecyclingImageView( 5861): !!!notifyDrawable not work
08-06 07:56:42.762 E/RecyclingImageView( 5861): drawable instanceof RecyclingBitmapDrawable
08-06 07:56:44.152 D/wpa_supplicant( 1327): RX ctrl_iface - hexdump(len=11): 53 49 47 4e 41 4c 5f 50 4f 4c 4c
08-06 07:56:44.152 D/wpa_supplicant( 1327): wlan0: Control interface command 'SIGNAL_POLL'
08-06 07:56:44.172 D/wpa_supplicant( 1327): nl80211: survey data missing!
08-06 07:56:47.182 D/wpa_supplicant( 1327): RX ctrl_iface - hexdump(len=11): 53 49 47 4e 41 4c 5f 50 4f 4c 4c
08-06 07:56:47.182 D/wpa_supplicant( 1327): wlan0: Control interface command 'SIGNAL_POLL'
08-06 07:56:47.192 D/wpa_supplicant( 1327): nl80211: survey data missing!
08-06 07:56:48.132 D/BatteryInfoReceiver( 1637): 现有电量：5
08-06 07:56:48.142 D/BatteryInfoReceiver( 1637): BatteryInfoReceiver.updateBatteryInfo(...).
08-06 07:56:48.162 D/charger_monitor(  438): vin current 4300000
08-06 07:56:48.162 D/charger_monitor(  438): exiting: target 0
08-06 07:56:48.172 D/BatteryInfoReceiver( 1637): 现有电量：5
08-06 07:56:50.192 D/wpa_supplicant( 1327): RX ctrl_iface - hexdump(len=11): 53 49 47 4e 41 4c 5f 50 4f 4c 4c
08-06 07:56:50.192 D/wpa_supplicant( 1327): wlan0: Control interface command 'SIGNAL_POLL'
08-06 07:56:50.212 D/wpa_supplicant( 1327): nl80211: survey data missing!
08-06 07:56:50.452 D/MSAP-NATIVE( 1446): about to call msapb_search
08-06 07:56:50.452 W/LOWI-SERVER(  367): [LOWIController] Error in getting response from cache
08-06 07:56:50.452 W/LOWI-SERVER(  367): [LOWIScanResultReceiver] No result, due to terminate or no memory
08-06 07:56:50.452 D/wpa_supplicant( 1327): nl80211: Event message available
08-06 07:56:50.452 D/wpa_supplicant( 1327): nl80211: Drv Event 33 (NL80211_CMD_TRIGGER_SCAN) received for wlan0
08-06 07:56:50.452 D/wpa_supplicant( 1327): wlan0: nl80211: Scan trigger
08-06 07:56:50.452 D/wpa_supplicant( 1327): wlan0: Event SCAN_STARTED (57) received
08-06 07:56:50.452 D/wpa_supplicant( 1327): wlan0: External program started a scan
08-06 07:56:50.452 I/wpa_supplicant( 1327): wlan0: CTRL-EVENT-SCAN-STARTED 
08-06 07:56:50.452 D/wpa_supplicant( 1327): CTRL_IFACE monitor send - hexdump(len=40): 2f 64 61 74 61 2f 6d 69 73 63 2f 77 69 66 69 2f 73 6f 63 6b 65 74 73 2f 77 70 61 5f 63 74 72 6c ...
08-06 07:56:50.922 W/LOWI-Scan(  367): Failed to get Valid messages on Netlink. Err -11
08-06 07:56:50.922 D/wpa_supplicant( 1327): nl80211: Event message available
08-06 07:56:50.922 D/wpa_supplicant( 1327): nl80211: Drv Event 34 (NL80211_CMD_NEW_SCAN_RESULTS) received for wlan0
08-06 07:56:50.922 D/wpa_supplicant( 1327): wlan0: nl80211: New scan results available
08-06 07:56:50.922 D/wpa_supplicant( 1327): wlan0: Event SCAN_RESULTS (3) received
08-06 07:56:50.922 D/wpa_supplicant( 1327): nl80211: Associated on 2447 MHz
08-06 07:56:50.922 D/wpa_supplicant( 1327): nl80211: Associated with c8:3a:35:46:3d:b8
08-06 07:56:50.922 W/LOWI-Scan(  367): Time moved backwards, last = 195684076lld, now = 195680247lld
08-06 07:56:50.922 D/wpa_supplicant( 1327): nl80211: Received scan results (5 BSSes)
08-06 07:56:50.922 D/wpa_supplicant( 1327): nl80211: Survey data missing
08-06 07:56:50.922 D/wpa_supplicant( 1327): nl80211: Scan results indicate BSS status with c8:3a:35:46:3d:b8 as associated
08-06 07:56:50.922 W/LOWI-Scan(  367): Time moved backwards, last = 195684076lld, now = 195680247lld
08-06 07:56:50.922 D/wpa_supplicant( 1327): wlan0: BSS: Start scan result update 4207
08-06 07:56:50.922 W/LOWI-Scan(  367): Time moved backwards, last = 195684076lld, now = 195680247lld
08-06 07:56:50.922 D/wpa_supplicant( 1327): wlan0: BSS: Remove id 6131 BSSID c8:3a:35:59:b7:d0 SSID 'jfxw' due to no match in scan
08-06 07:56:50.922 D/wpa_supplicant( 1327): CTRL_IFACE monitor send - hexdump(len=40): 2f 64 61 74 61 2f 6d 69 73 63 2f 77 69 66 69 2f 73 6f 63 6b 65 74 73 2f 77 70 61 5f 63 74 72 6c ...
08-06 07:56:50.922 W/LOWI-Scan(  367): Time moved backwards, last = 195684076lld, now = 195680247lld
08-06 07:56:50.922 D/wpa_supplicant( 1327): BSS: last_scan_res_used=5/64 last_scan_full=0
08-06 07:56:50.922 W/LOWI-Scan(  367): Time moved backwards, last = 195684076lld, now = 195680247lld
08-06 07:56:50.922 D/wpa_supplicant( 1327): wlan0: New scan results available (own=0 ext=1)
08-06 07:56:50.922 D/wpa_supplicant( 1327): CTRL_IFACE monitor send - hexdump(len=40): 2f 64 61 74 61 2f 6d 69 73 63 2f 77 69 66 69 2f 73 6f 63 6b 65 74 73 2f 77 70 61 5f 63 74 72 6c ...
08-06 07:56:50.922 D/wpa_supplicant( 1327): wlan0: Do not use results from externally requested scan operation for network selection
08-06 07:56:50.922 D/wpa_supplicant( 1327): wlan0: Checking for other virtual interfaces sharing same radio (phy0) in event_scan_results
08-06 07:56:50.922 D/wpa_supplicant( 1327): p2p0: Updating scan results from sibling
08-06 07:56:50.922 W/LOWI-Scan(  367): Time moved backwards, last = 195684076lld, now = 195680247lld
08-06 07:56:50.922 D/wpa_supplicant( 1327): nl80211: Received scan results (5 BSSes)
08-06 07:56:50.922 D/wpa_supplicant( 1327): nl80211: Survey data missing
08-06 07:56:50.922 D/wpa_supplicant( 1327): p2p0: BSS: Start scan result update 1145
08-06 07:56:50.922 D/wpa_supplicant( 1327): p2p0: BSS: Add new id 3653 BSSID 5c:63:bf:b4:9c:be SSID 'HCW'
08-06 07:56:50.922 D/wpa_supplicant( 1327): CTRL_IFACE monitor send - hexdump(len=40): 2f 64 61 74 61 2f 6d 69 73 63 2f 77 69 66 69 2f 73 6f 63 6b 65 74 73 2f 77 70 61 5f 63 74 72 6c ...
08-06 07:56:50.922 D/wpa_supplicant( 1327): BSS: last_scan_res_used=5/64 last_scan_full=0
08-06 07:56:50.922 D/wpa_supplicant( 1327): p2p0: New scan results available (own=0 ext=0)
08-06 07:56:50.922 D/wpa_supplicant( 1327): CTRL_IFACE monitor send - hexdump(len=40): 2f 64 61 74 61 2f 6d 69 73 63 2f 77 69 66 69 2f 73 6f 63 6b 65 74 73 2f 77 70 61 5f 63 74 72 6c ...
08-06 07:56:50.922 D/wpa_supplicant( 1327): CTRL_IFACE monitor send - hexdump(len=40): 2f 64 61 74 61 2f 6d 69 73 63 2f 77 69 66 69 2f 73 6f 63 6b 65 74 73 2f 77 70 61 5f 63 74 72 6c ...
08-06 07:56:50.922 D/wpa_supplicant( 1327): WPS: AP[0] 9c:21:6a:14:da:8c type=0 tries=0 last_attempt=-1 sec ago blacklist=0
08-06 07:56:50.922 D/wpa_supplicant( 1327): WPS: AP[1] d8:15:0d:76:c3:fa type=0 tries=0 last_attempt=-1 sec ago blacklist=0
08-06 07:56:50.922 D/wpa_supplicant( 1327): WPS: AP[2] 78:a1:06:be:92:f2 type=0 tries=0 last_attempt=-1 sec ago blacklist=0
08-06 07:56:50.922 D/wpa_supplicant( 1327): WPS: AP[3] 9c:21:6a:e3:be:da type=0 tries=0 last_attempt=-1 sec ago blacklist=0
08-06 07:56:50.922 D/wpa_supplicant( 1327): WPS: AP[4] d0:c7:c0:4e:79:d6 type=0 tries=0 last_attempt=-1 sec ago blacklist=0
08-06 07:56:50.922 D/wpa_supplicant( 1327): WPS: AP[5] 28:2c:b2:6e:55:bc type=0 tries=0 last_attempt=-1 sec ago blacklist=0
08-06 07:56:50.922 D/wpa_supplicant( 1327): WPS: AP[6] 28:2c:b2:de:b3:6e type=0 tries=0 last_attempt=-1 sec ago blacklist=0
08-06 07:56:50.922 D/wpa_supplicant( 1327): WPS: AP[7] 5c:63:bf:b4:9c:be type=0 tries=0 last_attempt=-1 sec ago blacklist=0
08-06 07:56:50.922 D/wpa_supplicant( 1327): WPS: AP[8] 0c:72:2c:e2:58:c6 type=0 tries=0 last_attempt=-1 sec ago blacklist=0
08-06 07:56:50.922 D/wpa_supplicant( 1327): WPS: AP[9] 14:75:90:00:8c:08 type=0 tries=0 last_attempt=-1 sec ago blacklist=0
08-06 07:56:50.922 D/wpa_supplicant( 1327): WPS: AP[10] c8:3a:35:59:b7:d0 type=0 tries=0 last_attempt=-1 sec ago blacklist=0
08-06 07:56:50.922 D/wpa_supplicant( 1327): WPS: AP[11] d8:15:0d:22:11:f2 type=0 tries=0 last_attempt=-1 sec ago blacklist=0
08-06 07:56:50.922 D/wpa_supplicant( 1327): WPS: AP[12] 78:44:76:27:4a:20 type=0 tries=0 last_attempt=-1 sec ago blacklist=0
08-06 07:56:50.922 D/wpa_supplicant( 1327): WPS: AP[13] 1c:fa:68:b9:11:5c type=0 tries=0 last_attempt=-1 sec ago blacklist=0
08-06 07:56:50.922 D/wpa_supplicant( 1327): WPS: AP[14] bc:d1:77:13:bb:fa type=0 tries=0 last_attempt=-1 sec ago blacklist=0
08-06 07:56:50.922 D/wpa_supplicant( 1327): WPS: AP[15] 1c:fa:68:f5:6c:d2 type=0 tries=0 last_attempt=-1 sec ago blacklist=0
08-06 07:56:50.922 D/wpa_supplicant( 1327): WPS: AP[16] ec:17:2f:22:ab:5c type=0 tries=0 last_attempt=-1 sec ago blacklist=0
08-06 07:56:50.922 D/wpa_supplicant( 1327): WPS: AP[17] 8c:21:0a:84:ed:8c type=0 tries=0 last_attempt=-1 sec ago blacklist=0
08-06 07:56:50.922 D/wpa_supplicant( 1327): WPS: AP[18] 08:10:76:3d:ca:35 type=0 tries=0 last_attempt=-1 sec ago blacklist=0
08-06 07:56:50.922 D/wpa_supplicant( 1327): WPS: AP[19] a8:ad:3d:c9:17:a8 type=0 tries=0 last_attempt=-1 sec ago blacklist=0
08-06 07:56:50.922 D/wpa_supplicant( 1327): WPS: AP[20] 44:33:4c:93:ca:66 type=0 tries=0 last_attempt=-1 sec ago blacklist=0
08-06 07:56:50.922 D/wpa_supplicant( 1327): WPS: AP[21] d0:c7:c0:8b:81:b4 type=0 tries=0 last_attempt=-1 sec ago blacklist=0
08-06 07:56:50.922 D/wpa_supplicant( 1327): WPS: AP[22] 20:dc:e6:50:66:d4 type=0 tries=0 last_attempt=-1 sec ago blacklist=0
08-06 07:56:50.922 D/wpa_supplicant( 1327): WPS: AP[23] c8:3a:35:1e:96:28 type=0 tries=0 last_attempt=-1 sec ago blacklist=0
08-06 07:56:50.922 D/wpa_supplicant( 1327): WPS: AP[24] a8:57:4e:00:8b:4a type=0 tries=0 last_attempt=-1 sec ago blacklist=0
08-06 07:56:50.922 D/wpa_supplicant( 1327): WPS: AP[25] a8:57:4e:97:00:66 type=0 tries=0 last_attempt=-1 sec ago blacklist=0
08-06 07:56:50.922 D/wpa_supplicant( 1327): WPS: AP[26] 08:10:75:d8:f0:96 type=0 tries=0 last_attempt=-1 sec ago blacklist=0
08-06 07:56:50.922 D/wpa_supplicant( 1327): WPS: AP[27] ec:1a:59:bc:30:7a type=0 tries=0 last_attempt=-1 sec ago blacklist=0
08-06 07:56:50.922 D/wpa_supplicant( 1327): WPS: AP[28] b0:c5:54:81:5c:02 type=0 tries=0 last_attempt=-1 sec ago blacklist=0
08-06 07:56:50.922 D/wpa_supplicant( 1327): WPS: AP[29] 70:62:b8:66:74:3c type=0 tries=0 last_attempt=-1 sec ago blacklist=0
08-06 07:56:50.922 D/wpa_supplicant( 1327): WPS: AP[30] 28:2c:b2:94:7f:b0 type=0 tries=0 last_attempt=-1 sec ago blacklist=0
08-06 07:56:50.922 D/wpa_supplicant( 1327): WPS: AP[31] bc:d1:77:d9:c4:46 type=0 tries=0 last_attempt=-1 sec ago blacklist=0
08-06 07:56:50.922 D/wpa_supplicant( 1327): WPS: AP[32] 74:ea:3a:3d:58:78 type=0 tries=0 last_attempt=-1 sec ago blacklist=0
08-06 07:56:50.922 D/wpa_supplicant( 1327): WPS: AP[33] 46:33:4c:3a:6b:cb type=0 tries=0 last_attempt=-1 sec ago blacklist=0
08-06 07:56:50.922 D/wpa_supplicant( 1327): WPS: AP[34] cc:34:29:f5:df:1e type=0 tries=0 last_attempt=-1 sec ago blacklist=0
08-06 07:56:50.922 D/wpa_supplicant( 1327): WPS: AP[35] a8:57:4e:94:eb:ea type=0 tries=0 last_attempt=-1 sec ago blacklist=0
08-06 07:56:50.922 D/wpa_supplicant( 1327): WPS: AP[36] 1c:fa:68:4d:1c:ca type=0 tries=0 last_attempt=-1 sec ago blacklist=0
08-06 07:56:50.922 D/wpa_supplicant( 1327): WPS: AP[37] 28:c6:8e:db:51:b7 type=0 tries=0 last_attempt=-1 sec ago blacklist=0
08-06 07:56:50.922 D/wpa_supplicant( 1327): WPS: AP[38] 9c:21:6a:a4:3a:e0 type=0 tries=0 last_attempt=-1 sec ago blacklist=0
08-06 07:56:50.922 D/wpa_supplicant( 1327): WPS: AP[39] e0:05:c5:66:a1:3c type=0 tries=0 last_attempt=-1 sec ago blacklist=0
08-06 07:56:50.922 D/wpa_supplicant( 1327): WPS: AP[40] 70:62:b8:bd:cc:16 type=0 tries=0 last_attempt=-1 sec ago blacklist=0
08-06 07:56:50.922 I/QCALOG  ( 1446): [LOWIUtils] inPostcardToResponse - FROM: LOWI-SERVER, TO:   1074422100-LOWIClient, RESP:  LOWI_DISCOVERY_SCAN
08-06 07:56:50.922 D/wpa_supplicant( 1327): WPS: AP[41] 08:10:77:ce:c1:ae type=0 tries=0 last_attempt=-1 sec ago blacklist=0
08-06 07:56:50.922 D/wpa_supplicant( 1327): WPS: AP[42] 6c:e8:73:b1:e1:e4 type=0 tries=0 last_attempt=-1 sec ago blacklist=0
08-06 07:56:50.922 D/wpa_supplicant( 1327): WPS: AP[43] 02:08:22:20:3b:6d type=0 tries=0 last_attempt=-1 sec ago blacklist=0
08-06 07:56:50.922 D/wpa_supplicant( 1327): WPS: AP[44] 9c:21:6a:a5:8e:b6 type=0 tries=0 last_attempt=-1 sec ago blacklist=0
08-06 07:56:50.922 D/wpa_supplicant( 1327): WPS: AP[45] 02:08:22:32:52:80 type=0 tries=0 last_attempt=-1 sec ago blacklist=0
08-06 07:56:50.922 D/wpa_supplicant( 1327): WPS: AP[46] 02:08:22:be:ab:81 type=0 tries=0 last_attempt=-1 sec ago blacklist=0
08-06 07:56:50.922 D/wpa_supplicant( 1327): WPS: AP[47] cc:34:29:a3:54:02 type=0 tries=0 last_attempt=-1 sec ago blacklist=0
08-06 07:56:50.922 D/wpa_supplicant( 1327): WPS: AP[48] d8:50:e6:a8:48:88 type=0 tries=0 last_attempt=-1 sec ago blacklist=0
08-06 07:56:50.922 D/wpa_supplicant( 1327): WPS: AP[49] a8:15:4d:c2:c1:0c type=0 tries=0 last_attempt=-1 sec ago blacklist=0
08-06 07:56:50.922 D/wpa_supplicant( 1327): WPS: AP[50] 6c:e8:73:5a:d3:a4 type=0 tries=0 last_attempt=-1 sec ago blacklist=0
08-06 07:56:50.922 D/wpa_supplicant( 1327): WPS: AP[51] 8c:21:0a:cb:45:58 type=0 tries=0 last_attempt=-1 sec ago blacklist=0
08-06 07:56:50.922 D/wpa_supplicant( 1327): WPS: AP[52] 28:2c:b2:f4:48:89 type=0 tries=0 last_attempt=-1 sec ago blacklist=0
08-06 07:56:50.922 D/wpa_supplicant( 1327): WPS: AP[53] 9c:d6:43:4e:5a:f4 type=0 tries=0 last_attempt=-1 sec ago blacklist=0
08-06 07:56:50.922 D/wpa_supplicant( 1327): WPS: AP[54] b8:55:10:b9:46:f0 type=0 tries=0 last_attempt=-1 sec ago blacklist=0
08-06 07:56:50.922 D/wpa_supplicant( 1327): WPS: AP[55] 78:a1:06:99:30:e4 type=0 tries=0 last_attempt=-1 sec ago blacklist=0
08-06 07:56:50.922 D/wpa_supplicant( 1327): WPS: AP[56] cc:34:29:45:d0:ba type=0 tries=0 last_attempt=-1 sec ago blacklist=0
08-06 07:56:50.922 D/wpa_supplicant( 1327): WPS: AP[57] f4:ec:38:4f:93:14 type=0 tries=0 last_attempt=-1 sec ago blacklist=0
08-06 07:56:50.922 D/wpa_supplicant( 1327): WPS: AP[58] ac:f1:df:cf:a3:32 type=0 tries=0 last_attempt=-1 sec ago blacklist=0
08-06 07:56:50.922 D/wpa_supplicant( 1327): WPS: AP[59] b8:55:10:b9:46:b4 type=0 tries=0 last_attempt=-1 sec ago blacklist=0
08-06 07:56:50.922 D/wpa_supplicant( 1327): WPS: AP[60] 74:ad:b7:68:8e:36 type=0 tries=0 last_attempt=-1 sec ago blacklist=0
08-06 07:56:50.922 D/wpa_supplicant( 1327): WPS: AP[61] 74:ad:b7:68:99:58 type=0 tries=0 last_attempt=-1 sec ago blacklist=0
08-06 07:56:50.922 D/wpa_supplicant( 1327): WPS: AP[62] 74:ad:b7:68:a2:b3 type=0 tries=0 last_attempt=-1 sec ago blacklist=0
08-06 07:56:50.922 D/wpa_supplicant( 1327): WPS: AP[63] 14:b9:68:5c:80:62 type=0 tries=0 last_attempt=-1 sec ago blacklist=0
08-06 07:56:50.922 D/wpa_supplicant( 1327): WPS: AP[64] d8:15:0d:4e:1f:ca type=0 tries=0 last_attempt=-1 sec ago blacklist=0
08-06 07:56:50.922 I/QCALOG  ( 1446): [LOWIWrapper] responseReceived Request Id = 333
08-06 07:56:50.922 D/wpa_supplicant( 1327): WPS: AP[65] d8:15:0d:37:b5:30 type=0 tries=0 last_attempt=-1 sec ago blacklist=0
08-06 07:56:50.922 D/wpa_supplicant( 1327): WPS: AP[66] 8c:21:0a:74:8e:22 type=0 tries=0 last_attempt=-1 sec ago blacklist=0
08-06 07:56:50.922 D/wpa_supplicant( 1327): WPS: AP[67] 1c:fa:68:1e:dc:50 type=0 tries=0 last_attempt=-1 sec ago blacklist=0
08-06 07:56:50.922 D/wpa_supplicant( 1327): WPS: AP[68] a8:15:4d:7c:a5:a0 type=0 tries=0 last_attempt=-1 sec ago blacklist=0
08-06 07:56:50.922 D/wpa_supplicant( 1327): WPS: AP[69] a8:15:4d:eb:61:8a type=0 tries=0 last_attempt=-1 sec ago blacklist=0
08-06 07:56:50.922 D/wpa_supplicant( 1327): WPS: AP[70] c8:3a:35:42:ab:58 type=0 tries=0 last_attempt=-1 sec ago blacklist=0
08-06 07:56:50.922 D/wpa_supplicant( 1327): WPS: AP[71] bc:d1:77:66:63:16 type=0 tries=0 last_attempt=-1 sec ago blacklist=0
08-06 07:56:50.922 D/wpa_supplicant( 1327): WPS: AP[72] 6c:e8:73:9f:77:c2 type=0 tries=0 last_attempt=-1 sec ago blacklist=0
08-06 07:56:50.922 D/wpa_supplicant( 1327): WPS: AP[73] bc:d1:77:ba:4f:4a type=0 tries=0 last_attempt=-1 sec ago blacklist=0
08-06 07:56:50.922 D/wpa_supplicant( 1327): WPS: AP[74] 20:dc:e6:5b:a0:28 type=0 tries=0 last_attempt=-1 sec ago blacklist=0
08-06 07:56:50.922 D/wpa_supplicant( 1327): WPS: AP[75] d8:15:0d:75:34:32 type=0 tries=0 last_attempt=-1 sec ago blacklist=0
08-06 07:56:50.922 D/wpa_supplicant( 1327): WPS: AP[76] a8:15:4d:fa:e8:7c type=0 tries=0 last_attempt=-1 sec ago blacklist=0
08-06 07:56:50.922 D/wpa_supplicant( 1327): WPS: AP[77] cc:34:29:6d:61:96 type=0 tries=0 last_attempt=-1 sec ago blacklist=0
08-06 07:56:50.922 D/wpa_supplicant( 1327): WPS: AP[78] c0:61:18:b0:40:5c type=0 tries=0 last_attempt=-1 sec ago blacklist=0
08-06 07:56:50.922 D/wpa_supplicant( 1327): WPS: AP[79] 78:a1:06:81:ac:be type=0 tries=0 last_attempt=-1 sec ago blacklist=0
08-06 07:56:50.922 D/wpa_supplicant( 1327): WPS: AP[80] d0:c7:c0:d8:45:90 type=0 tries=0 last_attempt=-1 sec ago blacklist=0
08-06 07:56:50.922 D/wpa_supplicant( 1327): WPS: AP[81] c0:61:18:43:05:98 type=0 tries=0 last_attempt=-1 sec ago blacklist=0
08-06 07:56:50.922 D/wpa_supplicant( 1327): WPS: AP[82] 8c:21:0a:cb:a9:38 type=0 tries=0 last_attempt=-1 sec ago blacklist=0
08-06 07:56:50.922 D/wpa_supplicant( 1327): WPS: AP[83] a8:57:4e:23:72:08 type=0 tries=0 last_attempt=-1 sec ago blacklist=0
08-06 07:56:50.922 D/wpa_supplicant( 1327): WPS: AP[84] 0c:72:2c:d4:21:14 type=0 tries=0 last_attempt=-1 sec ago blacklist=0
08-06 07:56:50.922 D/wpa_supplicant( 1327): WPS: AP[85] 6c:e8:73:58:5b:7c type=0 tries=0 last_attempt=-1 sec ago blacklist=0
08-06 07:56:50.922 D/wpa_supplicant( 1327): WPS: AP[86] d8:15:0d:de:21:a8 type=0 tries=0 last_attempt=-1 sec ago blacklist=0
08-06 07:56:50.922 D/wpa_supplicant( 1327): WPS: AP[87] 28:2c:b2:0f:22:80 type=0 tries=0 last_attempt=-1 sec ago blacklist=0
08-06 07:56:50.922 D/wpa_supplicant( 1327): WPS: AP[88] a8:57:4e:80:de:dc type=0 tries=0 last_attempt=-1 sec ago blacklist=0
08-06 07:56:50.922 D/wpa_supplicant( 1327): WPS: AP[89] 9c:21:6a:b5:e2:38 type=0 tries=0 last_attempt=-1 sec ago blacklist=0
08-06 07:56:50.922 D/wpa_supplicant( 1327): WPS: AP[90] ec:88:8f:91:37:5c type=0 tries=0 last_attempt=-1 sec ago blacklist=0
08-06 07:56:50.922 D/wpa_supplicant( 1327): WPS: AP[91] bc:d1:77:c9:a4:26 type=0 tries=0 last_attempt=-1 sec ago blacklist=0
08-06 07:56:50.922 D/wpa_supplicant( 1327): WPS: AP[92] a8:15:4d:ab:d1:68 type=0 tries=0 last_attempt=-1 sec ago blacklist=0
08-06 07:56:50.922 D/wpa_supplicant( 1327): WPS: AP[93] a8:57:4e:e2:36:ac type=0 tries=0 last_attempt=-1 sec ago blacklist=0
08-06 07:56:50.922 D/wpa_supplicant( 1327): WPS: AP[94] ec:17:2f:2f:30:24 type=0 tries=0 last_attempt=-1 sec ago blacklist=0
08-06 07:56:50.922 D/wpa_supplicant( 1327): WPS: AP[95] a8:57:4e:3c:d4:b4 type=0 tries=0 last_attempt=-1 sec ago blacklist=0
08-06 07:56:50.922 D/wpa_supplicant( 1327): WPS: AP[96] 78:a1:06:60:b1:c8 type=0 tries=0 last_attempt=-1 sec ago blacklist=0
08-06 07:56:50.922 D/wpa_supplicant( 1327): WPS: AP[97] a8:57:4e:22:70:bc type=0 tries=0 last_attempt=-1 sec ago blacklist=0
08-06 07:56:50.922 D/wpa_supplicant( 1327): WPS: AP[98] 78:f5:fd:b2:e1:a6 type=0 tries=0 last_attempt=-1 sec ago blacklist=0
08-06 07:56:50.922 D/wpa_supplicant( 1327): WPS: AP[99] c0:61:18:c6:f7:8c type=0 tries=0 last_attempt=-1 sec ago blacklist=0
08-06 07:56:50.922 D/wpa_supplicant( 1327): WPS: AP[100] d0:c7:c0:29:94:9e type=0 tries=0 last_attempt=-1 sec ago blacklist=0
08-06 07:56:50.922 D/wpa_supplicant( 1327): WPS: AP[101] f4:ec:38:61:71:3e type=0 tries=0 last_attempt=-1 sec ago blacklist=0
08-06 07:56:50.922 D/wpa_supplicant( 1327): WPS: AP[102] cc:34:29:44:c2:2a type=0 tries=0 last_attempt=-1 sec ago blacklist=0
08-06 07:56:50.922 D/wpa_supplicant( 1327): WPS: AP[103] d8:15:0d:8d:69:88 type=0 tries=0 last_attempt=-1 sec ago blacklist=0
08-06 07:56:50.922 D/wpa_supplicant( 1327): WPS: AP[104] 9c:21:6a:59:42:ec type=0 tries=0 last_attempt=-1 sec ago blacklist=0
08-06 07:56:50.922 D/wpa_supplicant( 1327): WPS: AP[105] cc:34:29:f4:fa:4c type=0 tries=0 last_attempt=-1 sec ago blacklist=0
08-06 07:56:50.922 D/wpa_supplicant( 1327): WPS: AP[106] 54:e6:fc:22:e7:e4 type=0 tries=0 last_attempt=-1 sec ago blacklist=0
08-06 07:56:50.922 D/wpa_supplicant( 1327): WPS: AP[107] 1c:fa:68:dd:67:b6 type=0 tries=0 last_attempt=-1 sec ago blacklist=0
08-06 07:56:50.922 D/wpa_supplicant( 1327): WPS: AP[108] 38:83:45:60:a3:60 type=0 tries=0 last_attempt=-1 sec ago blacklist=0
08-06 07:56:50.922 D/wpa_supplicant( 1327): WPS: AP[109] a8:57:4e:d1:27:2e type=0 tries=0 last_attempt=-1 sec ago blacklist=0
08-06 07:56:50.922 D/wpa_supplicant( 1327): WPS: AP[110] 0c:72:2c:e3:80:60 type=0 tries=0 last_attempt=-1 sec ago blacklist=0
08-06 07:56:50.922 D/wpa_supplicant( 1327): WPS: AP[111] 9c:21:6a:b4:bc:fc type=0 tries=0 last_attempt=-1 sec ago blacklist=0
08-06 07:56:50.922 D/wpa_supplicant( 1327): WPS: AP[112] ec:17:2f:2a:3a:51 type=0 tries=0 last_attempt=-1 sec ago blacklist=0
08-06 07:56:50.922 D/wpa_supplicant( 1327): WPS: AP[113] d0:c7:c0:61:23:96 type=0 tries=0 last_attempt=-1 sec ago blacklist=0
08-06 07:56:50.922 D/wpa_supplicant( 1327): WPS: AP[114] 6c:e8:73:43:36:ee type=0 tries=0 last_attempt=-1 sec ago blacklist=0
08-06 07:56:50.922 D/wpa_supplicant( 1327): WPS: AP[115] a4:99:47:6e:72:90 type=0 tries=0 last_attempt=-1 sec ago blacklist=0
08-06 07:56:50.922 D/wpa_supplicant( 1327): WPS: AP[116] b0:48:7a:5c:bd:84 type=0 tries=0 last_attempt=-1 sec ago blacklist=0
08-06 07:56:50.922 D/wpa_supplicant( 1327): WPS: AP[117] 28:2c:b2:54:6f:b6 type=0 tries=0 last_attempt=-1 sec ago blacklist=0
08-06 07:56:50.922 D/wpa_supplicant( 1327): WPS: AP[118] bc:d1:77:3c:ec:6a type=0 tries=0 last_attempt=-1 sec ago blacklist=0
08-06 07:56:50.922 D/wpa_supplicant( 1327): WPS: AP[119] 6c:e8:73:a4:9c:46 type=0 tries=0 last_attempt=-1 sec ago blacklist=0
08-06 07:56:50.922 D/wpa_supplicant( 1327): WPS: AP[120] 40:16:9f:b0:d9:60 type=0 tries=0 last_attempt=-1 sec ago blacklist=0
08-06 07:56:50.922 D/wpa_supplicant( 1327): WPS: AP[121] 20:dc:e6:e8:cc:bc type=0 tries=0 last_attempt=-1 sec ago blacklist=0
08-06 07:56:50.922 D/wpa_supplicant( 1327): WPS: AP[122] c8:3a:35:09:40:e8 type=0 tries=0 last_attempt=-1 sec ago blacklist=0
08-06 07:56:50.922 D/wpa_supplicant( 1327): WPS: AP[123] 8c:21:0a:32:81:1e type=0 tries=0 last_attempt=-1 sec ago blacklist=0
08-06 07:56:50.922 D/wpa_supplicant( 1327): WPS: AP[124] e0:05:c5:fe:71:10 type=0 tries=0 last_attempt=-1 sec ago blacklist=0
08-06 07:56:50.922 D/wpa_supplicant( 1327): WPS: AP[125] 78:a1:06:53:e8:86 type=0 tries=0 last_attempt=-1 sec ago blacklist=0
08-06 07:56:50.922 D/wpa_supplicant( 1327): WPS: AP[126] cc:34:29:f5:8d:9c type=0 tries=0 last_attempt=-1 sec ago blacklist=0
08-06 07:56:50.922 D/wpa_supplicant( 1327): WPS: AP[127] 28:2c:b2:2c:d1:28 type=0 tries=0 last_attempt=-1 sec ago blacklist=0
08-06 07:56:50.922 D/wpa_supplicant( 1327): WPS: AP[128] d8:15:0d:db:20:d0 type=0 tries=0 last_attempt=-1 sec ago blacklist=0
08-06 07:56:50.922 D/wpa_supplicant( 1327): WPS: AP[129] 1c:fa:68:6e:ed:70 type=0 tries=0 last_attempt=-1 sec ago blacklist=0
08-06 07:56:50.922 D/wpa_supplicant( 1327): WPS: AP[130] bc:d1:77:75:3c:84 type=0 tries=0 last_attempt=-1 sec ago blacklist=0
08-06 07:56:50.922 D/wpa_supplicant( 1327): WPS: AP[131] 9c:21:6a:15:28:76 type=0 tries=0 last_attempt=-1 sec ago blacklist=0
08-06 07:56:50.922 D/wpa_supplicant( 1327): WPS: AP[132] 9c:21:6a:f4:76:30 type=0 tries=0 last_attempt=-1 sec ago blacklist=0
08-06 07:56:50.922 D/wpa_supplicant( 1327): WPS: AP[133] 38:83:45:c3:1d:58 type=0 tries=0 last_attempt=-1 sec ago blacklist=0
08-06 07:56:50.922 D/wpa_supplicant( 1327): WPS: AP[134] b8:55:10:02:c8:cb type=0 tries=0 last_attempt=-1 sec ago blacklist=0
08-06 07:56:50.922 D/wpa_supplicant( 1327): WPS: AP[135] 9c:21:6a:f4:85:41 type=0 tries=0 last_attempt=-1 sec ago blacklist=0
08-06 07:56:50.922 D/wpa_supplicant( 1327): WPS: AP[136] 8c:21:0a:8f:7d:46 type=0 tries=0 last_attempt=-1 sec ago blacklist=0
08-06 07:56:50.922 D/wpa_supplicant( 1327): WPS: AP[137] bc:d1:77:e9:b3:dc type=0 tries=0 last_attempt=-1 sec ago blacklist=0
08-06 07:56:50.922 D/wpa_supplicant( 1327): WPS: AP[138] cc:34:29:6b:c3:00 type=0 tries=0 last_attempt=-1 sec ago blacklist=0
08-06 07:56:50.922 D/wpa_supplicant( 1327): WPS: AP[139] 14:75:90:0b:cc:b2 type=0 tries=0 last_attempt=-1 sec ago blacklist=0
08-06 07:56:50.922 D/wpa_supplicant( 1327): WPS: AP[140] 74:ad:b7:68:9e:13 type=0 tries=0 last_attempt=-1 sec ago blacklist=0
08-06 07:56:50.922 D/wpa_supplicant( 1327): WPS: AP[141] e0:05:c5:be:21:c0 type=0 tries=0 last_attempt=-1 sec ago blacklist=0
08-06 07:56:50.922 D/wpa_supplicant( 1327): WPS: AP[142] 00:27:19:57:44:08 type=0 tries=0 last_attempt=-1 sec ago blacklist=0
08-06 07:56:50.922 D/wpa_supplicant( 1327): WPS: AP[143] 78:f5:fd:b4:af:12 type=0 tries=0 last_attempt=-1 sec ago blacklist=0
08-06 07:56:50.922 D/wpa_supplicant( 1327): WPS: AP[144] 9c:21:6a:59:4b:04 type=0 tries=0 last_attempt=-1 sec ago blacklist=0
08-06 07:56:50.922 D/wpa_supplicant( 1327): WPS: AP[145] d0:c7:c0:89:c1:2a type=0 tries=0 last_attempt=-1 sec ago blacklist=0
08-06 07:56:50.922 D/wpa_supplicant( 1327): WPS: AP[146] 38:83:45:3b:6f:1a type=0 tries=0 last_attempt=-1 sec ago blacklist=0
08-06 07:56:50.922 D/wpa_supplicant( 1327): WPS: AP[147] 10:0d:7f:40:4e:dc type=0 tries=0 last_attempt=-1 sec ago blacklist=0
08-06 07:56:50.922 D/wpa_supplicant( 1327): WPS: AP[148] 9c:21:6a:1c:cd:86 type=0 tries=0 last_attempt=-1 sec ago blacklist=0
08-06 07:56:50.922 D/wpa_supplicant( 1327): WPS: AP[149] 78:54:2e:a5:f8:0e type=0 tries=0 last_attempt=-1 sec ago blacklist=0
08-06 07:56:50.922 D/wpa_supplicant( 1327): WPS: AP[150] bc:d1:77:df:68:46 type=0 tries=0 last_attempt=-1 sec ago blacklist=0
08-06 07:56:50.922 D/wpa_supplicant( 1327): WPS: AP[151] e0:05:c5:ba:c9:fc type=0 tries=0 last_attempt=-1 sec ago blacklist=0
08-06 07:56:50.922 D/wpa_supplicant( 1327): WPS: AP[152] e0:05:c5:99:e7:e4 type=0 tries=0 last_attempt=-1 sec ago blacklist=0
08-06 07:56:50.922 D/wpa_supplicant( 1327): WPS: AP[153] 9c:21:6a:d6:28:9a type=0 tries=0 last_attempt=-1 sec ago blacklist=0
08-06 07:56:50.922 D/wpa_supplicant( 1327): WPS: AP[154] 40:16:9f:4e:c0:d0 type=0 tries=0 last_attempt=-1 sec ago blacklist=0
08-06 07:56:50.922 D/wpa_supplicant( 1327): WPS: AP[155] 40:16:9f:71:2c:b8 type=0 tries=0 last_attempt=-1 sec ago blacklist=0
08-06 07:56:50.922 D/wpa_supplicant( 1327): WPS: AP[156] 28:2c:b2:07:40:a4 type=0 tries=0 last_attempt=-1 sec ago blacklist=0
08-06 07:56:50.922 D/wpa_supplicant( 1327): WPS: AP[157] 08:bd:43:8a:d3:22 type=0 tries=0 last_attempt=-1 sec ago blacklist=0
08-06 07:56:50.922 D/wpa_supplicant( 1327): WPS: AP[158] ac:f1:df:c5:d9:40 type=0 tries=0 last_attempt=-1 sec ago blacklist=0
08-06 07:56:50.922 D/wpa_supplicant( 1327): WPS: AP[159] 1c:fa:68:8f:53:84 type=0 tries=0 last_attempt=-1 sec ago blacklist=0
08-06 07:56:50.922 D/wpa_supplicant( 1327): WPS: AP[160] 14:e6:e4:2c:c2:a6 type=0 tries=0 last_attempt=-1 sec ago blacklist=0
08-06 07:56:50.922 D/wpa_supplicant( 1327): WPS: AP[161] d0:c7:c0:a4:d2:d8 type=0 tries=0 last_attempt=-1 sec ago blacklist=0
08-06 07:56:50.922 D/wpa_supplicant( 1327): WPS: AP[162] 14:e6:e4:67:2c:a6 type=0 tries=0 last_attempt=-1 sec ago blacklist=0
08-06 07:56:50.922 D/wpa_supplicant( 1327): WPS: AP[163] f4:ec:38:6c:85:66 type=0 tries=0 last_attempt=-1 sec ago blacklist=0
08-06 07:56:50.922 D/wpa_supplicant( 1327): WPS: AP[164] 14:e6:e4:36:8d:96 type=0 tries=0 last_attempt=-1 sec ago blacklist=0
08-06 07:56:50.922 D/wpa_supplicant( 1327): WPS: AP[165] 14:e6:e4:36:95:8c type=0 tries=0 last_attempt=-1 sec ago blacklist=0
08-06 07:56:50.922 D/wpa_supplicant( 1327): WPS: AP[166] 8c:21:0a:8c:d0:c0 type=0 tries=0 last_attempt=-1 sec ago blacklist=0
08-06 07:56:50.922 D/wpa_supplicant( 1327): WPS: AP[167] 74:ea:3a:3f:08:44 type=0 tries=0 last_attempt=-1 sec ago blacklist=0
08-06 07:56:50.922 D/wpa_supplicant( 1327): WPS: AP[168] c8:be:19:b6:1a:f2 type=0 tries=0 last_attempt=-1 sec ago blacklist=0
08-06 07:56:50.922 D/wpa_supplicant( 1327): WPS: AP[169] d0:c7:c0:80:89:d0 type=0 tries=0 last_attempt=-1 sec ago blacklist=0
08-06 07:56:50.922 D/wpa_supplicant( 1327): WPS: AP[170] 0c:72:2c:d9:bd:4e type=0 tries=0 last_attempt=-1 sec ago blacklist=0
08-06 07:56:50.922 D/wpa_supplicant( 1327): WPS: AP[171] 94:0c:6d:63:ce:86 type=0 tries=0 last_attempt=-1 sec ago blacklist=0
08-06 07:56:50.922 D/wpa_supplicant( 1327): WPS: AP[172] ec:88:8f:f7:62:fc type=0 tries=0 last_attempt=-1 sec ago blacklist=0
08-06 07:56:50.922 D/wpa_supplicant( 1327): WPS: AP[173] f0:eb:d0:75:18:20 type=0 tries=0 last_attempt=-1 sec ago blacklist=0
08-06 07:56:50.922 D/wpa_supplicant( 1327): WPS: AP[174] 20:dc:e6:6b:26:f6 type=0 tries=0 last_attempt=-1 sec ago blacklist=0
08-06 07:56:50.922 D/wpa_supplicant( 1327): WPS: AP[175] bc:d1:77:d2:2b:0a type=0 tries=0 last_attempt=-1 sec ago blacklist=0
08-06 07:56:50.922 D/wpa_supplicant( 1327): WPS: AP[176] 0c:72:2c:f2:bc:5a type=0 tries=0 last_attempt=-1 sec ago blacklist=0
08-06 07:56:50.922 D/wpa_supplicant( 1327): WPS: AP[177] 78:a1:06:ba:74:b2 type=0 tries=0 last_attempt=-1 sec ago blacklist=0
08-06 07:56:50.922 D/wpa_supplicant( 1327): WPS: AP[178] ec:88:8f:6f:e2:98 type=0 tries=0 last_attempt=-1 sec ago blacklist=0
08-06 07:56:50.922 D/wpa_supplicant( 1327): WPS: AP[179] a8:15:4d:e9:6d:d4 type=0 tries=0 last_attempt=-1 sec ago blacklist=0
08-06 07:56:50.922 D/wpa_supplicant( 1327): WPS: AP[180] 78:a1:06:bd:7a:76 type=0 tries=0 last_attempt=-1 sec ago blacklist=0
08-06 07:56:50.922 D/wpa_supplicant( 1327): WPS: AP[181] 14:e6:e4:cc:6c:38 type=0 tries=0 last_attempt=-1 sec ago blacklist=0
08-06 07:56:50.922 D/wpa_supplicant( 1327): WPS: AP[182] 00:50:7f:50:e7:00 type=0 tries=0 last_attempt=-1 sec ago blacklist=0
08-06 07:56:50.922 D/wpa_supplicant( 1327): WPS: AP[183] a8:57:4e:8b:fd:c4 type=0 tries=0 last_attempt=-1 sec ago blacklist=0
08-06 07:56:50.922 D/wpa_supplicant( 1327): WPS: AP[184] 0c:96:bf:1f:f5:4b type=0 tries=0 last_attempt=-1 sec ago blacklist=0
08-06 07:56:50.922 D/wpa_supplicant( 1327): WPS: AP[185] e4:d3:32:2d:fb:1c type=0 tries=0 last_attempt=-1 sec ago blacklist=0
08-06 07:56:50.922 D/wpa_supplicant( 1327): WPS: AP[186] 24:db:ac:2e:e1:e8 type=0 tries=0 last_attempt=-1 sec ago blacklist=0
08-06 07:56:50.922 D/wpa_supplicant( 1327): WPS: AP[187] 74:ad:b7:68:90:3c type=0 tries=0 last_attempt=-1 sec ago blacklist=0
08-06 07:56:50.922 D/wpa_supplicant( 1327): WPS: AP[188] e0:05:c5:2e:f5:94 type=0 tries=0 last_attempt=-1 sec ago blacklist=0
08-06 07:56:50.922 D/wpa_supplicant( 1327): WPS: AP[189] 8c:21:0a:b2:8e:ce type=0 tries=0 last_attempt=-1 sec ago blacklist=0
08-06 07:56:50.922 D/wpa_supplicant( 1327): WPS: AP[190] c8:60:00:8f:94:30 type=0 tries=0 last_attempt=-1 sec ago blacklist=0
08-06 07:56:50.922 D/wpa_supplicant( 1327): WPS: AP[191] bc:d1:77:31:49:82 type=0 tries=0 last_attempt=-1 sec ago blacklist=0
08-06 07:56:50.922 D/wpa_supplicant( 1327): WPS: AP[192] 40:16:9f:e3:7a:e2 type=0 tries=0 last_attempt=-1 sec ago blacklist=0
08-06 07:56:50.922 D/wpa_supplicant( 1327): WPS: AP[193] 0c:72:2c:c5:28:ee type=0 tries=0 last_attempt=-1 sec ago blacklist=0
08-06 07:56:50.922 D/wpa_supplicant( 1327): WPS: AP[194] 28:2c:b2:fc:76:04 type=0 tries=0 last_attempt=-1 sec ago blacklist=0
08-06 07:56:50.922 D/wpa_supplicant( 1327): WPS: AP[195] 94:0c:6d:d3:ff:f2 type=0 tries=0 last_attempt=-1 sec ago blacklist=0
08-06 07:56:50.922 D/wpa_supplicant( 1327): WPS: AP[196] 9c:21:6a:c9:fb:9a type=0 tries=0 last_attempt=-1 sec ago blacklist=0
08-06 07:56:50.922 D/wpa_supplicant( 1327): WPS: AP[197] 0c:72:2c:4e:32:0a type=0 tries=0 last_attempt=-1 sec ago blacklist=0
08-06 07:56:50.922 D/wpa_supplicant( 1327): WPS: AP[198] 78:a1:06:c0:bd:fa type=0 tries=0 last_attempt=-1 sec ago blacklist=0
08-06 07:56:50.922 D/wpa_supplicant( 1327): WPS: AP[199] 0c:72:2c:5d:61:96 type=0 tries=0 last_attempt=-1 sec ago blacklist=0
08-06 07:56:50.922 D/wpa_supplicant( 1327): WPS: AP[200] d8:15:0d:86:9d:10 type=0 tries=0 last_attempt=-1 sec ago blacklist=0
08-06 07:56:50.922 D/wpa_supplicant( 1327): WPS: AP[201] 6c:e8:73:a4:f3:96 type=0 tries=0 last_attempt=-1 sec ago blacklist=0
08-06 07:56:50.922 D/wpa_supplicant( 1327): WPS: AP[202] d8:15:0d:b2:0a:7e type=0 tries=0 last_attempt=-1 sec ago blacklist=0
08-06 07:56:50.922 D/wpa_supplicant( 1327): WPS: AP[203] d8:42:ac:db:ab:b6 type=0 tries=0 last_attempt=-1 sec ago blacklist=0
08-06 07:56:50.922 D/wpa_supplicant( 1327): WPS: AP[204] d8:15:0d:b2:0b:6c type=0 tries=0 last_attempt=-1 sec ago blacklist=0
08-06 07:56:50.922 D/wpa_supplicant( 1327): WPS: AP[205] c0:61:18:33:9b:92 type=0 tries=0 last_attempt=-1 sec ago blacklist=0
08-06 07:56:50.922 D/wpa_supplicant( 1327): WPS: AP[206] c6:05:28:c8:f6:c3 type=0 tries=0 last_attempt=-1 sec ago blacklist=0
08-06 07:56:50.922 D/wpa_supplicant( 1327): WPS: AP[207] a8:15:4d:5f:77:8e type=0 tries=0 last_attempt=-1 sec ago blacklist=0
08-06 07:56:50.922 D/wpa_supplicant( 1327): WPS: AP[208] a8:15:4d:ad:38:c6 type=0 tries=0 last_attempt=-1 sec ago blacklist=0
08-06 07:56:50.922 D/wpa_supplicant( 1327): WPS: AP[209] d0:c7:c0:a3:85:c0 type=0 tries=0 last_attempt=-1 sec ago blacklist=0
08-06 07:56:50.922 D/wpa_supplicant( 1327): WPS: AP[210] 40:16:9f:46:79:be type=0 tries=0 last_attempt=-1 sec ago blacklist=0
08-06 07:56:50.922 D/wpa_supplicant( 1327): WPS: AP[211] 1c:fa:68:5e:d0:fc type=0 tries=0 last_attempt=-1 sec ago blacklist=0
08-06 07:56:50.922 D/wpa_supplicant( 1327): WPS: AP[212] 54:e6:fc:2b:d1:bc type=0 tries=0 last_attempt=-1 sec ago blacklist=0
08-06 07:56:50.922 D/wpa_supplicant( 1327): WPS: AP[213] 0c:72:2c:b1:21:e4 type=0 tries=0 last_attempt=-1 sec ago blacklist=0
08-06 07:56:50.922 D/wpa_supplicant( 1327): WPS: AP[214] d8:15:0d:67:30:08 type=0 tries=0 last_attempt=-1 sec ago blacklist=0
08-06 07:56:50.922 D/wpa_supplicant( 1327): WPS: AP[215] 40:16:9f:e2:8f:d2 type=0 tries=0 last_attempt=-1 sec ago blacklist=0
08-06 07:56:50.922 D/wpa_supplicant( 1327): WPS: AP[216] 1c:fa:68:1f:4f:32 type=0 tries=0 last_attempt=-1 sec ago blacklist=0
08-06 07:56:50.922 D/wpa_supplicant( 1327): WPS: AP[217] e4:d3:32:2f:9a:bc type=0 tries=0 last_attempt=-1 sec ago blacklist=0
08-06 07:56:50.922 D/wpa_supplicant( 1327): WPS: AP[218] 00:27:19:5b:1d:8c type=0 tries=0 last_attempt=-1 sec ago blacklist=0
08-06 07:56:50.922 D/wpa_supplicant( 1327): WPS: AP[219] 1c:fa:68:29:03:b8 type=0 tries=0 last_attempt=-1 sec ago blacklist=0
08-06 07:56:50.922 D/wpa_supplicant( 1327): WPS: AP[220] a8:15:4d:9b:26:0e type=0 tries=0 last_attempt=-1 sec ago blacklist=0
08-06 07:56:50.922 D/wpa_supplicant( 1327): WPS: AP[221] d8:15:0d:cb:74:16 type=0 tries=0 last_attempt=-1 sec ago blacklist=0
08-06 07:56:50.922 D/wpa_supplicant( 1327): WPS: AP[222] bc:d1:77:42:ac:be type=0 tries=0 last_attempt=-1 sec ago blacklist=0
08-06 07:56:50.922 D/wpa_supplicant( 1327): WPS: AP[223] 6c:e8:73:67:1a:22 type=0 tries=0 last_attempt=-1 sec ago blacklist=0
08-06 07:56:50.922 D/wpa_supplicant( 1327): WPS: AP[224] d8:5d:4c:4e:65:d2 type=0 tries=0 last_attempt=-1 sec ago blacklist=0
08-06 07:56:50.922 D/wpa_supplicant( 1327): WPS: AP[225] cc:34:29:ff:59:7c type=0 tries=0 last_attempt=-1 sec ago blacklist=0
08-06 07:56:50.922 D/wpa_supplicant( 1327): WPS: AP[226] a8:15:4d:3e:9f:7e type=0 tries=0 last_attempt=-1 sec ago blacklist=0
08-06 07:56:50.922 D/wpa_supplicant( 1327): WPS: AP[227] 0c:72:2c:9a:c6:c0 type=0 tries=0 last_attempt=-1 sec ago blacklist=0
08-06 07:56:50.922 D/wpa_supplicant( 1327): WPS: AP[228] 28:2c:b2:a0:5e:a8 type=0 tries=0 last_attempt=-1 sec ago blacklist=0
08-06 07:56:50.922 D/wpa_supplicant( 1327): WPS: AP[229] 1c:fa:68:a8:0e:ac type=0 tries=0 last_attempt=-1 sec ago blacklist=0
08-06 07:56:50.922 D/wpa_supplicant( 1327): WPS: AP[230] a8:15:4d:50:ae:de type=0 tries=0 last_attempt=-1 sec ago blacklist=0
08-06 07:56:50.922 D/wpa_supplicant( 1327): WPS: AP[231] 28:2c:b2:7d:ba:7e type=0 tries=0 last_attempt=-1 sec ago blacklist=0
08-06 07:56:50.922 D/wpa_supplicant( 1327): WPS: AP[232] 6c:e8:73:24:3c:52 type=0 tries=0 last_attempt=-1 sec ago blacklist=0
08-06 07:56:50.922 D/wpa_supplicant( 1327): WPS: AP[233] 38:83:45:6d:80:44 type=0 tries=0 last_attempt=-1 sec ago blacklist=0
08-06 07:56:50.922 D/wpa_supplicant( 1327): WPS: AP[234] 38:83:45:49:b3:84 type=0 tries=0 last_attempt=-1 sec ago blacklist=0
08-06 07:56:50.922 D/wpa_supplicant( 1327): WPS: AP[235] f4:ec:38:2b:01:8e type=0 tries=0 last_attempt=-1 sec ago blacklist=0
08-06 07:56:50.922 D/wpa_supplicant( 1327): WPS: AP[236] e4:d3:32:db:9c:3c type=0 tries=0 last_attempt=-1 sec ago blacklist=0
08-06 07:56:50.922 D/wpa_supplicant( 1327): WPS: AP[237] d0:c7:c0:95:20:4e type=0 tries=0 last_attempt=-1 sec ago blacklist=0
08-06 07:56:50.922 D/wpa_supplicant( 1327): WPS: AP[238] 00:1f:7a:ec:15:a4 type=0 tries=0 last_attempt=-1 sec ago blacklist=0
08-06 07:56:50.922 D/wpa_supplicant( 1327): WPS: AP[239] 28:c6:8e:3c:75:0a type=0 tries=0 last_attempt=-1 sec ago blacklist=0
08-06 07:56:50.922 D/wpa_supplicant( 1327): WPS: AP[240] 78:a1:06:55:b0:3c type=0 tries=0 last_attempt=-1 sec ago blacklist=0
08-06 07:56:50.922 D/wpa_supplicant( 1327): WPS: AP[241] 14:e6:e4:8a:43:fc type=0 tries=0 last_attempt=-1 sec ago blacklist=0
08-06 07:56:50.922 D/wpa_supplicant( 1327): WPS: AP[242] 28:2c:b2:89:30:64 type=0 tries=0 last_attempt=-1 sec ago blacklist=0
08-06 07:56:50.922 D/wpa_supplicant( 1327): WPS: AP[243] e0:05:c5:bf:b0:3a type=0 tries=0 last_attempt=-1 sec ago blacklist=0
08-06 07:56:50.922 D/wpa_supplicant( 1327): WPS: AP[244] e0:05:c5:5f:93:ee type=0 tries=0 last_attempt=-1 sec ago blacklist=0
08-06 07:56:50.922 D/wpa_supplicant( 1327): WPS: AP[245] 6c:e8:73:85:25:9c type=0 tries=0 last_attempt=-1 sec ago blacklist=0
08-06 07:56:50.922 D/wpa_supplicant( 1327): WPS: AP[246] 78:a1:06:71:67:38 type=0 tries=0 last_attempt=-1 sec ago blacklist=0
08-06 07:56:50.922 D/wpa_supplicant( 1327): WPS: AP[247] d0:c7:c0:9a:19:a2 type=0 tries=0 last_attempt=-1 sec ago blacklist=0
08-06 07:56:50.922 D/wpa_supplicant( 1327): WPS: AP[248] a8:15:4d:73:9b:e0 type=0 tries=0 last_attempt=-1 sec ago blacklist=0
08-06 07:56:50.922 D/wpa_supplicant( 1327): WPS: AP[249] bc:d1:77:1c:7c:c2 type=0 tries=0 last_attempt=-1 sec ago blacklist=0
08-06 07:56:50.922 D/MSAP-NATIVE( 1446): msapb_search. RSSI initialized to = -128
08-06 07:56:50.922 D/wpa_supplicant( 1327): WPS: AP[250] 0c:82:68:34:77:f6 type=0 tries=0 last_attempt=-1 sec ago blacklist=0
08-06 07:56:50.922 D/wpa_supplicant( 1327): WPS: AP[251] d8:15:0d:76:a3:06 type=0 tries=0 last_attempt=-1 sec ago blacklist=0
08-06 07:56:50.922 D/MSAP-NATIVE( 1446): Look for msap in all ap's. AP index = 0
08-06 07:56:50.922 D/wpa_supplicant( 1327): WPS: AP[252] d0:c7:c0:2a:65:86 type=0 tries=0 last_attempt=-1 sec ago blacklist=0
08-06 07:56:50.922 D/MSAP-NATIVE( 1446): Look for msap in all ap's. AP = c8:3a:35:46:3d:b8
08-06 07:56:50.922 D/wpa_supplicant( 1327): WPS: AP[253] 28:2c:b2:ec:b6:be type=0 tries=0 last_attempt=-1 sec ago blacklist=0
08-06 07:56:50.922 D/MSAP-NATIVE( 1446): Look for msap in all ap's. AP index = 1
08-06 07:56:50.922 D/wpa_supplicant( 1327): WPS: AP[254] c0:61:18:f2:04:68 type=0 tries=0 last_attempt=-1 sec ago blacklist=0
08-06 07:56:50.922 D/MSAP-NATIVE( 1446): Look for msap in all ap's. AP = d0:c7:c0:4e:79:d6
08-06 07:56:50.922 D/wpa_supplicant( 1327): WPS: AP[255] 90:1d:27:86:07:bc type=0 tries=0 last_attempt=-1 sec ago blacklist=0
08-06 07:56:50.922 D/MSAP-NATIVE( 1446): Look for msap in all ap's. AP index = 2
08-06 07:56:50.922 D/wpa_supplicant( 1327): WPS: AP[256] f8:d1:11:e3:9c:7e type=0 tries=0 last_attempt=-1 sec ago blacklist=0
08-06 07:56:50.922 D/MSAP-NATIVE( 1446): Look for msap in all ap's. AP = d8:15:d:76:c3:fa
08-06 07:56:50.922 D/MSAP-NATIVE( 1446): Look for msap in all ap's. AP index = 3
08-06 07:56:50.922 D/MSAP-NATIVE( 1446): Look for msap in all ap's. AP = 5c:63:bf:b4:9c:be
08-06 07:56:50.922 D/MSAP-NATIVE( 1446): Look for msap in all ap's. AP index = 4
08-06 07:56:50.922 D/wpa_supplicant( 1327): WPS: AP[257] d8:42:ac:41:5e:4e type=0 tries=0 last_attempt=-1 sec ago blacklist=0
08-06 07:56:50.922 D/MSAP-NATIVE( 1446): Look for msap in all ap's. AP = 9c:21:6a:e3:be:da
08-06 07:56:50.922 D/wpa_supplicant( 1327): WPS: AP[258] 78:52:62:12:55:81 type=0 tries=0 last_attempt=-1 sec ago blacklist=0
08-06 07:56:50.922 I/MSAP-NATIVE( 1446): msapb_search returned with 0 beacons
08-06 07:56:50.922 D/wpa_supplicant( 1327): WPS: AP[259] c8:3a:35:3f:10:f8 type=0 tries=0 last_attempt=-1 sec ago blacklist=0
08-06 07:56:50.922 D/wpa_supplicant( 1327): WPS: AP[260] 8c:21:0a:4b:67:38 type=0 tries=0 last_attempt=-1 sec ago blacklist=0
08-06 07:56:50.922 D/wpa_supplicant( 1327): WPS: AP[261] 8c:21:0a:75:ea:58 type=0 tries=0 last_attempt=-1 sec ago blacklist=0
08-06 07:56:50.922 D/wpa_supplicant( 1327): WPS: AP[262] 0c:72:2c:63:02:82 type=0 tries=0 last_attempt=-1 sec ago blacklist=0
08-06 07:56:50.922 D/wpa_supplicant( 1327): WPS: AP[263] a8:15:4d:c7:f0:dc type=0 tries=0 last_attempt=-1 sec ago blacklist=0
08-06 07:56:50.922 D/wpa_supplicant( 1327): WPS: AP[264] 6c:e8:73:2a:93:ca type=0 tries=0 last_attempt=-1 sec ago blacklist=0
08-06 07:56:50.922 D/wpa_supplicant( 1327): WPS: AP[265] 9c:21:6a:12:36:30 type=0 tries=0 last_attempt=-1 sec ago blacklist=0
08-06 07:56:50.922 D/wpa_supplicant( 1327): WPS: AP[266] a8:15:4d:0e:47:bd type=0 tries=0 last_attempt=-1 sec ago blacklist=0
08-06 07:56:50.922 D/wpa_supplicant( 1327): WPS: AP[267] bc:d1:77:c7:25:d0 type=0 tries=0 last_attempt=-1 sec ago blacklist=0
08-06 07:56:50.922 D/wpa_supplicant( 1327): WPS: AP[268] d8:15:0d:c7:90:44 type=0 tries=0 last_attempt=-1 sec ago blacklist=0
08-06 07:56:50.922 D/wpa_supplicant( 1327): WPS: AP[269] c0:61:18:a8:88:b8 type=0 tries=0 last_attempt=-1 sec ago blacklist=0
08-06 07:56:50.922 D/wpa_supplicant( 1327): WPS: AP[270] 28:2c:b2:1f:b8:30 type=0 tries=0 last_attempt=-1 sec ago blacklist=0
08-06 07:56:50.922 D/wpa_supplicant( 1327): WPS: AP[271] a8:15:4d:e8:0e:6a type=0 tries=0 last_attempt=-1 sec ago blacklist=0
08-06 07:56:50.922 D/wpa_supplicant( 1327): WPS: AP[272] c0:61:18:58:45:7a type=0 tries=0 last_attempt=-1 sec ago blacklist=0
08-06 07:56:50.922 D/wpa_supplicant( 1327): WPS: AP[273] 90:1d:27:8f:93:84 type=0 tries=0 last_attempt=-1 sec ago blacklist=0
08-06 07:56:50.922 D/wpa_supplicant( 1327): WPS: AP[274] 20:dc:e6:79:1e:10 type=0 tries=0 last_attempt=-1 sec ago blacklist=0
08-06 07:56:50.922 D/wpa_supplicant( 1327): WPS: AP[275] 9c:21:6a:7b:a4:5a type=0 tries=0 last_attempt=-1 sec ago blacklist=0
08-06 07:56:50.922 D/wpa_supplicant( 1327): WPS: AP[276] dc:02:8e:0a:4d:a8 type=0 tries=0 last_attempt=-1 sec ago blacklist=0
08-06 07:56:50.922 D/wpa_supplicant( 1327): WPS: AP[277] 1c:fa:68:95:d8:6e type=0 tries=0 last_attempt=-1 sec ago blacklist=0
08-06 07:56:50.922 D/wpa_supplicant( 1327): WPS: AP[278] cc:34:29:97:a9:bb type=0 tries=0 last_attempt=-1 sec ago blacklist=0
08-06 07:56:50.922 D/wpa_supplicant( 1327): WPS: AP[279] cc:34:29:97:a9:bc type=0 tries=0 last_attempt=-1 sec ago blacklist=0
08-06 07:56:50.922 D/wpa_supplicant( 1327): WPS: AP[280] ec:88:8f:b9:8d:54 type=0 tries=0 last_attempt=-1 sec ago blacklist=0
08-06 07:56:50.922 D/wpa_supplicant( 1327): WPS: AP[281] 8c:21:0a:cc:a7:8e type=0 tries=0 last_attempt=-1 sec ago blacklist=0
08-06 07:56:50.922 D/wpa_supplicant( 1327): WPS: AP[282] 44:33:4c:93:c9:f0 type=0 tries=0 last_attempt=-1 sec ago blacklist=0
08-06 07:56:50.922 D/wpa_supplicant( 1327): WPS: AP[283] d8:15:0d:85:8d:30 type=0 tries=0 last_attempt=-1 sec ago blacklist=0
08-06 07:56:50.922 D/wpa_supplicant( 1327): WPS: AP[284] bc:d1:77:22:d6:42 type=0 tries=0 last_attempt=-1 sec ago blacklist=0
08-06 07:56:50.922 D/wpa_supplicant( 1327): WPS: AP[285] f4:ec:38:6c:ef:fe type=0 tries=0 last_attempt=-1 sec ago blacklist=0
08-06 07:56:50.922 D/wpa_supplicant( 1327): WPS: AP[286] c0:3f:0e:07:ed:9a type=0 tries=0 last_attempt=-1 sec ago blacklist=0
08-06 07:56:50.922 D/wpa_supplicant( 1327): WPS: AP[287] 0c:72:2c:ab:fc:ac type=0 tries=0 last_attempt=-1 sec ago blacklist=0
08-06 07:56:50.922 D/wpa_supplicant( 1327): WPS: AP[288] 5c:63:bf:d0:84:8c type=0 tries=0 last_attempt=-1 sec ago blacklist=0
08-06 07:56:50.922 D/wpa_supplicant( 1327): WPS: AP[289] 78:a1:06:47:c3:e2 type=0 tries=0 last_attempt=-1 sec ago blacklist=0
08-06 07:56:50.922 D/wpa_supplicant( 1327): WPS: AP[290] d0:c7:c0:dc:c3:ec type=0 tries=0 last_attempt=-1 sec ago blacklist=0
08-06 07:56:50.922 D/wpa_supplicant( 1327): WPS: AP[291] 20:dc:e6:72:8f:3e type=0 tries=0 last_attempt=-1 sec ago blacklist=0
08-06 07:56:50.922 D/wpa_supplicant( 1327): WPS: AP[292] 8c:21:0a:33:7a:20 type=0 tries=0 last_attempt=-1 sec ago blacklist=0
08-06 07:56:50.922 D/wpa_supplicant( 1327): WPS: AP[293] 5c:63:bf:70:0b:32 type=0 tries=0 last_attempt=-1 sec ago blacklist=0
08-06 07:56:50.922 D/wpa_supplicant( 1327): WPS: AP[294] c0:61:18:ae:57:ec type=0 tries=0 last_attempt=-1 sec ago blacklist=0
08-06 07:56:50.922 D/wpa_supplicant( 1327): WPS: AP[295] 78:f5:fd:b0:86:39 type=0 tries=0 last_attempt=-1 sec ago blacklist=0
08-06 07:56:50.922 D/wpa_supplicant( 1327): WPS: AP[296] ac:f1:df:ce:79:40 type=0 tries=0 last_attempt=-1 sec ago blacklist=0
08-06 07:56:50.922 D/wpa_supplicant( 1327): WPS: AP[297] ec:17:2f:8a:db:08 type=0 tries=0 last_attempt=-1 sec ago blacklist=0
08-06 07:56:50.922 D/wpa_supplicant( 1327): WPS: AP[298] 8c:21:0a:7e:32:86 type=0 tries=0 last_attempt=-1 sec ago blacklist=0
08-06 07:56:50.922 D/wpa_supplicant( 1327): WPS: AP[299] a8:15:4d:8c:75:2a type=0 tries=0 last_attempt=-1 sec ago blacklist=0
08-06 07:56:50.922 D/wpa_supplicant( 1327): WPS: AP[300] 28:2c:b2:fc:0a:f6 type=0 tries=0 last_attempt=-1 sec ago blacklist=0
